../Core/Src/main.c:156:6:delay	16	static
../Core/Src/main.c:166:6:set_rpm	16	static
../Core/Src/main.c:172:6:half_stepper_control	16	static
../Core/Src/main.c:292:6:HAL_UART_RxCpltCallback	16	static
../Core/Src/main.c:310:6:clearBuffer	16	static
../Core/Src/main.c:323:5:main	8	static
../Core/Src/main.c:447:6:SystemClock_Config	120	static
../Core/Src/main.c:507:13:MX_ETH_Init	8	static
../Core/Src/main.c:556:13:MX_I2C1_Init	8	static
../Core/Src/main.c:604:13:MX_TIM1_Init	40	static
../Core/Src/main.c:651:13:MX_USART2_UART_Init	8	static
../Core/Src/main.c:699:13:MX_USART3_UART_Init	8	static
../Core/Src/main.c:747:13:MX_USB_OTG_HS_USB_Init	4	static
../Core/Src/main.c:768:13:MX_GPIO_Init	56	static
../Core/Src/main.c:864:6:StartDefaultTask	16	static
../Core/Src/main.c:882:6:StartParsingTask	16	static
../Core/Src/main.c:900:6:StartArmTask	88	static
../Core/Src/main.c:1044:6:StartGripperTask	16	static
../Core/Src/main.c:1062:6:StartControlTask	16	static
../Core/Src/main.c:1081:6:HAL_TIM_PeriodElapsedCallback	16	static
../Core/Src/main.c:1098:6:Error_Handler	4	static,ignoring_inline_asm
