../Core/Src/main.c:94:6:delay	16	static
../Core/Src/main.c:104:6:set_rpm	16	static
../Core/Src/main.c:110:6:half_stepper_control	16	static
../Core/Src/main.c:232:5:main	16	static
../Core/Src/main.c:293:6:SystemClock_Config	120	static
../Core/Src/main.c:353:13:MX_ETH_Init	8	static
../Core/Src/main.c:402:13:MX_TIM1_Init	40	static
../Core/Src/main.c:449:13:MX_USART3_UART_Init	8	static
../Core/Src/main.c:497:13:MX_USB_OTG_HS_USB_Init	4	static
../Core/Src/main.c:518:13:MX_GPIO_Init	56	static
../Core/Src/main.c:607:6:Error_Handler	4	static,ignoring_inline_asm
