Archive member included to satisfy reference by file (symbol)

c:/st/stm32cubeide_1.11.2/stm32cubeide/plugins/com.st.stm32cube.ide.mcu.externaltools.gnu-tools-for-stm32.10.3-2021.10.win32_1.0.100.202210260954/tools/bin/../lib/gcc/arm-none-eabi/10.3.1/../../../../arm-none-eabi/lib/thumb/v7e-m+dp/hard\libc_nano.a(lib_a-errno.o)
                              ./Core/Src/syscalls.o (__errno)
c:/st/stm32cubeide_1.11.2/stm32cubeide/plugins/com.st.stm32cube.ide.mcu.externaltools.gnu-tools-for-stm32.10.3-2021.10.win32_1.0.100.202210260954/tools/bin/../lib/gcc/arm-none-eabi/10.3.1/../../../../arm-none-eabi/lib/thumb/v7e-m+dp/hard\libc_nano.a(lib_a-exit.o)
                              c:/st/stm32cubeide_1.11.2/stm32cubeide/plugins/com.st.stm32cube.ide.mcu.externaltools.gnu-tools-for-stm32.10.3-2021.10.win32_1.0.100.202210260954/tools/bin/../lib/gcc/arm-none-eabi/10.3.1/../../../../arm-none-eabi/lib/thumb/v7e-m+dp/hard/crt0.o (exit)
c:/st/stm32cubeide_1.11.2/stm32cubeide/plugins/com.st.stm32cube.ide.mcu.externaltools.gnu-tools-for-stm32.10.3-2021.10.win32_1.0.100.202210260954/tools/bin/../lib/gcc/arm-none-eabi/10.3.1/../../../../arm-none-eabi/lib/thumb/v7e-m+dp/hard\libc_nano.a(lib_a-findfp.o)
                              ./Middlewares/Third_Party/FreeRTOS/Source/tasks.o (__sf_fake_stderr)
c:/st/stm32cubeide_1.11.2/stm32cubeide/plugins/com.st.stm32cube.ide.mcu.externaltools.gnu-tools-for-stm32.10.3-2021.10.win32_1.0.100.202210260954/tools/bin/../lib/gcc/arm-none-eabi/10.3.1/../../../../arm-none-eabi/lib/thumb/v7e-m+dp/hard\libc_nano.a(lib_a-fwalk.o)
                              c:/st/stm32cubeide_1.11.2/stm32cubeide/plugins/com.st.stm32cube.ide.mcu.externaltools.gnu-tools-for-stm32.10.3-2021.10.win32_1.0.100.202210260954/tools/bin/../lib/gcc/arm-none-eabi/10.3.1/../../../../arm-none-eabi/lib/thumb/v7e-m+dp/hard\libc_nano.a(lib_a-findfp.o) (_fwalk)
c:/st/stm32cubeide_1.11.2/stm32cubeide/plugins/com.st.stm32cube.ide.mcu.externaltools.gnu-tools-for-stm32.10.3-2021.10.win32_1.0.100.202210260954/tools/bin/../lib/gcc/arm-none-eabi/10.3.1/../../../../arm-none-eabi/lib/thumb/v7e-m+dp/hard\libc_nano.a(lib_a-impure.o)
                              c:/st/stm32cubeide_1.11.2/stm32cubeide/plugins/com.st.stm32cube.ide.mcu.externaltools.gnu-tools-for-stm32.10.3-2021.10.win32_1.0.100.202210260954/tools/bin/../lib/gcc/arm-none-eabi/10.3.1/../../../../arm-none-eabi/lib/thumb/v7e-m+dp/hard\libc_nano.a(lib_a-exit.o) (_global_impure_ptr)
c:/st/stm32cubeide_1.11.2/stm32cubeide/plugins/com.st.stm32cube.ide.mcu.externaltools.gnu-tools-for-stm32.10.3-2021.10.win32_1.0.100.202210260954/tools/bin/../lib/gcc/arm-none-eabi/10.3.1/../../../../arm-none-eabi/lib/thumb/v7e-m+dp/hard\libc_nano.a(lib_a-init.o)
                              c:/st/stm32cubeide_1.11.2/stm32cubeide/plugins/com.st.stm32cube.ide.mcu.externaltools.gnu-tools-for-stm32.10.3-2021.10.win32_1.0.100.202210260954/tools/bin/../lib/gcc/arm-none-eabi/10.3.1/../../../../arm-none-eabi/lib/thumb/v7e-m+dp/hard/crt0.o (__libc_init_array)
c:/st/stm32cubeide_1.11.2/stm32cubeide/plugins/com.st.stm32cube.ide.mcu.externaltools.gnu-tools-for-stm32.10.3-2021.10.win32_1.0.100.202210260954/tools/bin/../lib/gcc/arm-none-eabi/10.3.1/../../../../arm-none-eabi/lib/thumb/v7e-m+dp/hard\libc_nano.a(lib_a-lock.o)
                              c:/st/stm32cubeide_1.11.2/stm32cubeide/plugins/com.st.stm32cube.ide.mcu.externaltools.gnu-tools-for-stm32.10.3-2021.10.win32_1.0.100.202210260954/tools/bin/../lib/gcc/arm-none-eabi/10.3.1/../../../../arm-none-eabi/lib/thumb/v7e-m+dp/hard\libc_nano.a(lib_a-findfp.o) (__retarget_lock_init_recursive)
c:/st/stm32cubeide_1.11.2/stm32cubeide/plugins/com.st.stm32cube.ide.mcu.externaltools.gnu-tools-for-stm32.10.3-2021.10.win32_1.0.100.202210260954/tools/bin/../lib/gcc/arm-none-eabi/10.3.1/../../../../arm-none-eabi/lib/thumb/v7e-m+dp/hard\libc_nano.a(lib_a-memcpy-stub.o)
                              ./Middlewares/Third_Party/FreeRTOS/Source/CMSIS_RTOS_V2/cmsis_os2.o (memcpy)
c:/st/stm32cubeide_1.11.2/stm32cubeide/plugins/com.st.stm32cube.ide.mcu.externaltools.gnu-tools-for-stm32.10.3-2021.10.win32_1.0.100.202210260954/tools/bin/../lib/gcc/arm-none-eabi/10.3.1/../../../../arm-none-eabi/lib/thumb/v7e-m+dp/hard\libc_nano.a(lib_a-memset.o)
                              c:/st/stm32cubeide_1.11.2/stm32cubeide/plugins/com.st.stm32cube.ide.mcu.externaltools.gnu-tools-for-stm32.10.3-2021.10.win32_1.0.100.202210260954/tools/bin/../lib/gcc/arm-none-eabi/10.3.1/../../../../arm-none-eabi/lib/thumb/v7e-m+dp/hard/crt0.o (memset)
c:/st/stm32cubeide_1.11.2/stm32cubeide/plugins/com.st.stm32cube.ide.mcu.externaltools.gnu-tools-for-stm32.10.3-2021.10.win32_1.0.100.202210260954/tools/bin/../lib/gcc/arm-none-eabi/10.3.1/../../../../arm-none-eabi/lib/thumb/v7e-m+dp/hard\libc_nano.a(lib_a-nano-mallocr.o)
[...]
Memory Configuration

Name             Origin             Length             Attributes
ITCMRAM          0x0000000000000000 0x0000000000010000 xrw
DTCMRAM          0x0000000020000000 0x0000000000020000 xrw
FLASH            0x0000000008000000 0x0000000000100000 xr
RAM_D1           0x0000000024000000 0x0000000000050000 xrw
RAM_D2           0x0000000030000000 0x0000000000008000 xrw
RAM_D3           0x0000000038000000 0x0000000000004000 xrw
*default*        0x0000000000000000 0xffffffffffffffff

Linker script and memory map

LOAD c:/st/stm32cubeide_1.11.2/stm32cubeide/plugins/com.st.stm32cube.ide.mcu.externaltools.gnu-tools-for-stm32.10.3-2021.10.win32_1.0.100.202210260954/tools/bin/../lib/gcc/arm-none-eabi/10.3.1/thumb/v7e-m+dp/hard/crti.o
LOAD c:/st/stm32cubeide_1.11.2/stm32cubeide/plugins/com.st.stm32cube.ide.mcu.externaltools.gnu-tools-for-stm32.10.3-2021.10.win32_1.0.100.202210260954/tools/bin/../lib/gcc/arm-none-eabi/10.3.1/thumb/v7e-m+dp/hard/crtbegin.o
LOAD c:/st/stm32cubeide_1.11.2/stm32cubeide/plugins/com.st.stm32cube.ide.mcu.externaltools.gnu-tools-for-stm32.10.3-2021.10.win32_1.0.100.202210260954/tools/bin/../lib/gcc/arm-none-eabi/10.3.1/../../../../arm-none-eabi/lib/thumb/v7e-m+dp/hard/crt0.o
LOAD ./Core/Src/freertos.o
LOAD ./Core/Src/main.o
LOAD ./Core/Src/pca9685.o
LOAD ./Core/Src/stm32h7xx_hal_msp.o
LOAD ./Core/Src/stm32h7xx_hal_timebase_tim.o
LOAD ./Core/Src/stm32h7xx_it.o
LOAD ./Core/Src/syscalls.o
LOAD ./Core/Src/sysmem.o
LOAD ./Core/Src/system_stm32h7xx.o
LOAD ./Core/Startup/startup_stm32h723zgtx.o
LOAD ./Drivers/STM32H7xx_HAL_Driver/Src/stm32h7xx_hal.o
LOAD ./Drivers/STM32H7xx_HAL_Driver/Src/stm32h7xx_hal_cortex.o
LOAD ./Drivers/STM32H7xx_HAL_Driver/Src/stm32h7xx_hal_dma.o
LOAD ./Drivers/STM32H7xx_HAL_Driver/Src/stm32h7xx_hal_dma_ex.o
LOAD ./Drivers/STM32H7xx_HAL_Driver/Src/stm32h7xx_hal_eth.o
LOAD ./Drivers/STM32H7xx_HAL_Driver/Src/stm32h7xx_hal_eth_ex.o
LOAD ./Drivers/STM32H7xx_HAL_Driver/Src/stm32h7xx_hal_exti.o
LOAD ./Drivers/STM32H7xx_HAL_Driver/Src/stm32h7xx_hal_flash.o
LOAD ./Drivers/STM32H7xx_HAL_Driver/Src/stm32h7xx_hal_flash_ex.o
LOAD ./Drivers/STM32H7xx_HAL_Driver/Src/stm32h7xx_hal_gpio.o
LOAD ./Drivers/STM32H7xx_HAL_Driver/Src/stm32h7xx_hal_hsem.o
LOAD ./Drivers/STM32H7xx_HAL_Driver/Src/stm32h7xx_hal_i2c.o
LOAD ./Drivers/STM32H7xx_HAL_Driver/Src/stm32h7xx_hal_i2c_ex.o
LOAD ./Drivers/STM32H7xx_HAL_Driver/Src/stm32h7xx_hal_mdma.o
LOAD ./Drivers/STM32H7xx_HAL_Driver/Src/stm32h7xx_hal_pwr.o
LOAD ./Drivers/STM32H7xx_HAL_Driver/Src/stm32h7xx_hal_pwr_ex.o
LOAD ./Drivers/STM32H7xx_HAL_Driver/Src/stm32h7xx_hal_rcc.o
LOAD ./Drivers/STM32H7xx_HAL_Driver/Src/stm32h7xx_hal_rcc_ex.o
LOAD ./Drivers/STM32H7xx_HAL_Driver/Src/stm32h7xx_hal_tim.o
LOAD ./Drivers/STM32H7xx_HAL_Driver/Src/stm32h7xx_hal_tim_ex.o
LOAD ./Drivers/STM32H7xx_HAL_Driver/Src/stm32h7xx_hal_uart.o
LOAD ./Drivers/STM32H7xx_HAL_Driver/Src/stm32h7xx_hal_uart_ex.o
LOAD ./Middlewares/Third_Party/FreeRTOS/Source/CMSIS_RTOS_V2/cmsis_os2.o
LOAD ./Middlewares/Third_Party/FreeRTOS/Source/croutine.o
LOAD ./Middlewares/Third_Party/FreeRTOS/Source/event_groups.o
LOAD ./Middlewares/Third_Party/FreeRTOS/Source/list.o
LOAD ./Middlewares/Third_Party/FreeRTOS/Source/queue.o
LOAD ./Middlewares/Third_Party/FreeRTOS/Source/stream_buffer.o
LOAD ./Middlewares/Third_Party/FreeRTOS/Source/tasks.o
LOAD ./Middlewares/Third_Party/FreeRTOS/Source/timers.o
LOAD ./Middlewares/Third_Party/FreeRTOS/Source/portable/GCC/ARM_CM4F/port.o
LOAD ./Middlewares/Third_Party/FreeRTOS/Source/portable/MemMang/heap_4.o
START GROUP
LOAD c:/st/stm32cubeide_1.11.2/stm32cubeide/plugins/com.st.stm32cube.ide.mcu.externaltools.gnu-tools-for-stm32.10.3-2021.10.win32_1.0.100.202210260954/tools/bin/../lib/gcc/arm-none-eabi/10.3.1/../../../../arm-none-eabi/lib/thumb/v7e-m+dp/hard\libc_nano.a
LOAD c:/st/stm32cubeide_1.11.2/stm32cubeide/plugins/com.st.stm32cube.ide.mcu.externaltools.gnu-tools-for-stm32.10.3-2021.10.win32_1.0.100.202210260954/tools/bin/../lib/gcc/arm-none-eabi/10.3.1/../../../../arm-none-eabi/lib/thumb/v7e-m+dp/hard\libm.a
END GROUP
START GROUP
LOAD c:/st/stm32cubeide_1.11.2/stm32cubeide/plugins/com.st.stm32cube.ide.mcu.externaltools.gnu-tools-for-stm32.10.3-2021.10.win32_1.0.100.202210260954/tools/bin/../lib/gcc/arm-none-eabi/10.3.1/thumb/v7e-m+dp/hard\libgcc.a
LOAD c:/st/stm32cubeide_1.11.2/stm32cubeide/plugins/com.st.stm32cube.ide.mcu.externaltools.gnu-tools-for-stm32.10.3-2021.10.win32_1.0.100.202210260954/tools/bin/../lib/gcc/arm-none-eabi/10.3.1/../../../../arm-none-eabi/lib/thumb/v7e-m+dp/hard\libc_nano.a
END GROUP
START GROUP
LOAD c:/st/stm32cubeide_1.11.2/stm32cubeide/plugins/com.st.stm32cube.ide.mcu.externaltools.gnu-tools-for-stm32.10.3-2021.10.win32_1.0.100.202210260954/tools/bin/../lib/gcc/arm-none-eabi/10.3.1/thumb/v7e-m+dp/hard\libgcc.a
LOAD c:/st/stm32cubeide_1.11.2/stm32cubeide/plugins/com.st.stm32cube.ide.mcu.externaltools.gnu-tools-for-stm32.10.3-2021.10.win32_1.0.100.202210260954/tools/bin/../lib/gcc/arm-none-eabi/10.3.1/../../../../arm-none-eabi/lib/thumb/v7e-m+dp/hard\libc_nano.a
LOAD c:/st/stm32cubeide_1.11.2/stm32cubeide/plugins/com.st.stm32cube.ide.mcu.externaltools.gnu-tools-for-stm32.10.3-2021.10.win32_1.0.100.202210260954/tools/bin/../lib/gcc/arm-none-eabi/10.3.1/../../../../arm-none-eabi/lib/thumb/v7e-m+dp/hard\libnosys.a
END GROUP
START GROUP
LOAD c:/st/stm32cubeide_1.11.2/stm32cubeide/plugins/com.st.stm32cube.ide.mcu.externaltools.gnu-tools-for-stm32.10.3-2021.10.win32_1.0.100.202210260954/tools/bin/../lib/gcc/arm-none-eabi/10.3.1/thumb/v7e-m+dp/hard\libgcc.a
LOAD c:/st/stm32cubeide_1.11.2/stm32cubeide/plugins/com.st.stm32cube.ide.mcu.externaltools.gnu-tools-for-stm32.10.3-2021.10.win32_1.0.100.202210260954/tools/bin/../lib/gcc/arm-none-eabi/10.3.1/../../../../arm-none-eabi/lib/thumb/v7e-m+dp/hard\libc_nano.a
LOAD c:/st/stm32cubeide_1.11.2/stm32cubeide/plugins/com.st.stm32cube.ide.mcu.externaltools.gnu-tools-for-stm32.10.3-2021.10.win32_1.0.100.202210260954/tools/bin/../lib/gcc/arm-none-eabi/10.3.1/../../../../arm-none-eabi/lib/thumb/v7e-m+dp/hard\libnosys.a
END GROUP
LOAD c:/st/stm32cubeide_1.11.2/stm32cubeide/plugins/com.st.stm32cube.ide.mcu.externaltools.gnu-tools-for-stm32.10.3-2021.10.win32_1.0.100.202210260954/tools/bin/../lib/gcc/arm-none-eabi/10.3.1/thumb/v7e-m+dp/hard/crtend.o
LOAD c:/st/stm32cubeide_1.11.2/stm32cubeide/plugins/com.st.stm32cube.ide.mcu.externaltools.gnu-tools-for-stm32.10.3-2021.10.win32_1.0.100.202210260954/tools/bin/../lib/gcc/arm-none-eabi/10.3.1/thumb/v7e-m+dp/hard/crtn.o
                0x0000000024050000                _estack = (ORIGIN (RAM_D1) + LENGTH (RAM_D1))
                0x0000000000000200                _Min_Heap_Size = 0x200
                0x0000000000000400                _Min_Stack_Size = 0x400

.isr_vector     0x0000000008000000      0x2cc
                0x0000000008000000                . = ALIGN (0x4)
 *(.isr_vector)
 .isr_vector    0x0000000008000000      0x2cc ./Core/Startup/startup_stm32h723zgtx.o
                0x0000000008000000                g_pfnVectors
                0x00000000080002cc                . = ALIGN (0x4)

.text           0x00000000080002d0     0xedc0
                0x00000000080002d0                . = ALIGN (0x4)
 *(.text)
 .text          0x00000000080002d0       0x40 c:/st/stm32cubeide_1.11.2/stm32cubeide/plugins/com.st.stm32cube.ide.mcu.externaltools.gnu-tools-for-stm32.10.3-2021.10.win32_1.0.100.202210260954/tools/bin/../lib/gcc/arm-none-eabi/10.3.1/thumb/v7e-m+dp/hard/crtbegin.o
 .text          0x0000000008000310       0xa0 c:/st/stm32cubeide_1.11.2/stm32cubeide/plugins/com.st.stm32cube.ide.mcu.externaltools.gnu-tools-for-stm32.10.3-2021.10.win32_1.0.100.202210260954/tools/bin/../lib/gcc/arm-none-eabi/10.3.1/../../../../arm-none-eabi/lib/thumb/v7e-m+dp/hard\libc_nano.a(lib_a-memchr.o)
                0x0000000008000310                memchr
 .text          0x00000000080003b0       0x30 c:/st/stm32cubeide_1.11.2/stm32cubeide/plugins/com.st.stm32cube.ide.mcu.externaltools.gnu-tools-for-stm32.10.3-2021.10.win32_1.0.100.202210260954/tools/bin/../lib/gcc/arm-none-eabi/10.3.1/thumb/v7e-m+dp/hard\libgcc.a(_aeabi_uldivmod.o)
                0x00000000080003b0                __aeabi_uldivmod
 .text          0x00000000080003e0      0x2d0 c:/st/stm32cubeide_1.11.2/stm32cubeide/plugins/com.st.stm32cube.ide.mcu.externaltools.gnu-tools-for-stm32.10.3-2021.10.win32_1.0.100.202210260954/tools/bin/../lib/gcc/arm-none-eabi/10.3.1/thumb/v7e-m+dp/hard\libgcc.a(_udivmoddi4.o)
                0x00000000080003e0                __udivmoddi4
 .text          0x00000000080006b0        0x4 c:/st/stm32cubeide_1.11.2/stm32cubeide/plugins/com.st.stm32cube.ide.mcu.externaltools.gnu-tools-for-stm32.10.3-2021.10.win32_1.0.100.202210260954/tools/bin/../lib/gcc/arm-none-eabi/10.3.1/thumb/v7e-m+dp/hard\libgcc.a(_dvmd_tls.o)
                0x00000000080006b0                __aeabi_idiv0
                0x00000000080006b0                __aeabi_ldiv0
 *(.text*)
 .text.motorDelay
                0x00000000080006b4       0x34 ./Core/Src/main.o
                0x00000000080006b4                motorDelay
 .text.motor2Delay
                0x00000000080006e8       0x34 ./Core/Src/main.o
                0x00000000080006e8                motor2Delay
 .text.stepCV   0x000000000800071c      0x130 ./Core/Src/main.o
                0x000000000800071c                stepCV
 .text.step2CCV
                0x000000000800084c      0x130 ./Core/Src/main.o
                0x000000000800084c                step2CCV
 .text.HAL_UART_RxCpltCallback
                0x000000000800097c       0x48 ./Core/Src/main.o
                0x000000000800097c                HAL_UART_RxCpltCallback
 .text.clearBuffer
                0x00000000080009c4       0x1c ./Core/Src/main.o
                0x00000000080009c4                clearBuffer
 .text.main     0x00000000080009e0      0x150 ./Core/Src/main.o
                0x00000000080009e0                main
 .text.SystemClock_Config
                0x0000000008000b30       0xe0 ./Core/Src/main.o
                0x0000000008000b30                SystemClock_Config
 .text.MX_ETH_Init
                0x0000000008000c10       0x98 ./Core/Src/main.o
 .text.MX_I2C1_Init
                0x0000000008000ca8       0x80 ./Core/Src/main.o
 .text.MX_TIM1_Init
                0x0000000008000d28       0xa8 ./Core/Src/main.o
 .text.MX_TIM3_Init
                0x0000000008000dd0       0xac ./Core/Src/main.o
 .text.MX_TIM4_Init
                0x0000000008000e7c       0x9c ./Core/Src/main.o
 .text.MX_USART2_UART_Init
                0x0000000008000f18       0x98 ./Core/Src/main.o
 .text.MX_USART3_UART_Init
                0x0000000008000fb0       0x98 ./Core/Src/main.o
 .text.MX_USB_OTG_HS_USB_Init
                0x0000000008001048        0xe ./Core/Src/main.o
 *fill*         0x0000000008001056        0x2 
 .text.MX_GPIO_Init
                0x0000000008001058      0x21c ./Core/Src/main.o
 .text.StartDefaultTask
                0x0000000008001274       0x10 ./Core/Src/main.o
                0x0000000008001274                StartDefaultTask
 .text.StartParsingTask
                0x0000000008001284       0x10 ./Core/Src/main.o
                0x0000000008001284                StartParsingTask
 .text.StartArmTask
                0x0000000008001294      0x130 ./Core/Src/main.o
                0x0000000008001294                StartArmTask
 .text.StartGripperTask
                0x00000000080013c4       0x10 ./Core/Src/main.o
                0x00000000080013c4                StartGripperTask
 .text.StartStep1Task
                0x00000000080013d4       0x58 ./Core/Src/main.o
                0x00000000080013d4                StartStep1Task
 .text.startStep2Task
                0x000000000800142c       0x5c ./Core/Src/main.o
                0x000000000800142c                startStep2Task
 .text.HAL_TIM_PeriodElapsedCallback
                0x0000000008001488       0x24 ./Core/Src/main.o
                0x0000000008001488                HAL_TIM_PeriodElapsedCallback
 .text.Error_Handler
                0x00000000080014ac        0xa ./Core/Src/main.o
                0x00000000080014ac                Error_Handler
 *fill*         0x00000000080014b6        0x2 
 .text.PCA9685_SetBit
                0x00000000080014b8       0xb4 ./Core/Src/pca9685.o
                0x00000000080014b8                PCA9685_SetBit
 .text.PCA9685_SoftwareReset
                0x000000000800156c       0x34 ./Core/Src/pca9685.o
                0x000000000800156c                PCA9685_SoftwareReset
 .text.PCA9685_SleepMode
                0x00000000080015a0       0x20 ./Core/Src/pca9685.o
                0x00000000080015a0                PCA9685_SleepMode
 .text.PCA9685_RestartMode
                0x00000000080015c0       0x20 ./Core/Src/pca9685.o
                0x00000000080015c0                PCA9685_RestartMode
 .text.PCA9685_AutoIncrement
                0x00000000080015e0       0x20 ./Core/Src/pca9685.o
                0x00000000080015e0                PCA9685_AutoIncrement
 .text.PCA9685_SetPwmFrequency
                0x0000000008001600       0xcc ./Core/Src/pca9685.o
                0x0000000008001600                PCA9685_SetPwmFrequency
 .text.PCA9685_SetPwm
                0x00000000080016cc       0x74 ./Core/Src/pca9685.o
                0x00000000080016cc                PCA9685_SetPwm
 .text.PCA9685_SetPin
                0x0000000008001740       0xbc ./Core/Src/pca9685.o
                0x0000000008001740                PCA9685_SetPin
 *fill*         0x00000000080017fc        0x4 
 .text.PCA9685_SetServoAngle
                0x0000000008001800       0xa8 ./Core/Src/pca9685.o
                0x0000000008001800                PCA9685_SetServoAngle
 .text.PCA9685_Init
                0x00000000080018a8       0x2c ./Core/Src/pca9685.o
                0x00000000080018a8                PCA9685_Init
 .text.HAL_MspInit
                0x00000000080018d4       0x3c ./Core/Src/stm32h7xx_hal_msp.o
                0x00000000080018d4                HAL_MspInit
 .text.HAL_ETH_MspInit
                0x0000000008001910      0x19c ./Core/Src/stm32h7xx_hal_msp.o
                0x0000000008001910                HAL_ETH_MspInit
 .text.HAL_I2C_MspInit
                0x0000000008001aac       0xd4 ./Core/Src/stm32h7xx_hal_msp.o
                0x0000000008001aac                HAL_I2C_MspInit
 .text.HAL_TIM_Base_MspInit
                0x0000000008001b80       0x74 ./Core/Src/stm32h7xx_hal_msp.o
                0x0000000008001b80                HAL_TIM_Base_MspInit
 .text.HAL_TIM_Encoder_MspInit
                0x0000000008001bf4       0x94 ./Core/Src/stm32h7xx_hal_msp.o
                0x0000000008001bf4                HAL_TIM_Encoder_MspInit
 .text.HAL_UART_MspInit
                0x0000000008001c88      0x180 ./Core/Src/stm32h7xx_hal_msp.o
                0x0000000008001c88                HAL_UART_MspInit
 .text.HAL_InitTick
                0x0000000008001e08       0xd8 ./Core/Src/stm32h7xx_hal_timebase_tim.o
                0x0000000008001e08                HAL_InitTick
 .text.NMI_Handler
                0x0000000008001ee0        0x6 ./Core/Src/stm32h7xx_it.o
                0x0000000008001ee0                NMI_Handler
 .text.HardFault_Handler
                0x0000000008001ee6        0x6 ./Core/Src/stm32h7xx_it.o
                0x0000000008001ee6                HardFault_Handler
 .text.MemManage_Handler
                0x0000000008001eec        0x6 ./Core/Src/stm32h7xx_it.o
                0x0000000008001eec                MemManage_Handler
 .text.BusFault_Handler
                0x0000000008001ef2        0x6 ./Core/Src/stm32h7xx_it.o
                0x0000000008001ef2                BusFault_Handler
 .text.UsageFault_Handler
                0x0000000008001ef8        0x6 ./Core/Src/stm32h7xx_it.o
                0x0000000008001ef8                UsageFault_Handler
 .text.DebugMon_Handler
                0x0000000008001efe        0xe ./Core/Src/stm32h7xx_it.o
                0x0000000008001efe                DebugMon_Handler
 .text.USART2_IRQHandler
                0x0000000008001f0c       0x14 ./Core/Src/stm32h7xx_it.o
                0x0000000008001f0c                USART2_IRQHandler
 .text.TIM6_DAC_IRQHandler
                0x0000000008001f20       0x14 ./Core/Src/stm32h7xx_it.o
                0x0000000008001f20                TIM6_DAC_IRQHandler
 .text._sbrk    0x0000000008001f34       0x6c ./Core/Src/sysmem.o
                0x0000000008001f34                _sbrk
 .text.SystemInit
                0x0000000008001fa0       0xf0 ./Core/Src/system_stm32h7xx.o
                0x0000000008001fa0                SystemInit
 .text.Reset_Handler
                0x0000000008002090       0x50 ./Core/Startup/startup_stm32h723zgtx.o
                0x0000000008002090                Reset_Handler
 .text.Default_Handler
                0x00000000080020e0        0x2 ./Core/Startup/startup_stm32h723zgtx.o
                0x00000000080020e0                RTC_Alarm_IRQHandler
                0x00000000080020e0                EXTI2_IRQHandler
                0x00000000080020e0                TIM8_CC_IRQHandler
                0x00000000080020e0                UART8_IRQHandler
                0x00000000080020e0                SPI4_IRQHandler
                0x00000000080020e0                FDCAN3_IT0_IRQHandler
                0x00000000080020e0                TIM1_CC_IRQHandler
                0x00000000080020e0                BDMA_Channel6_IRQHandler
                0x00000000080020e0                DMA2_Stream5_IRQHandler
                0x00000000080020e0                DMA1_Stream5_IRQHandler
                0x00000000080020e0                CORDIC_IRQHandler
                0x00000000080020e0                BDMA_Channel1_IRQHandler
                0x00000000080020e0                TAMP_STAMP_IRQHandler
                0x00000000080020e0                EXTI3_IRQHandler
                0x00000000080020e0                LPTIM4_IRQHandler
                0x00000000080020e0                TIM8_TRG_COM_TIM14_IRQHandler
                0x00000000080020e0                LPTIM2_IRQHandler
                0x00000000080020e0                DFSDM1_FLT1_IRQHandler
                0x00000000080020e0                DMAMUX2_OVR_IRQHandler
                0x00000000080020e0                TIM8_UP_TIM13_IRQHandler
                0x00000000080020e0                I2C3_ER_IRQHandler
                0x00000000080020e0                DFSDM1_FLT2_IRQHandler
                0x00000000080020e0                I2C5_EV_IRQHandler
                0x00000000080020e0                USART10_IRQHandler
                0x00000000080020e0                MDMA_IRQHandler
                0x00000000080020e0                LPTIM3_IRQHandler
                0x00000000080020e0                HSEM1_IRQHandler
                0x00000000080020e0                EXTI0_IRQHandler
                0x00000000080020e0                I2C2_EV_IRQHandler
                0x00000000080020e0                DMA1_Stream2_IRQHandler
                0x00000000080020e0                FPU_IRQHandler
                0x00000000080020e0                OTG_HS_WKUP_IRQHandler
                0x00000000080020e0                FDCAN1_IT1_IRQHandler
                0x00000000080020e0                LTDC_ER_IRQHandler
                0x00000000080020e0                DMA2_Stream2_IRQHandler
                0x00000000080020e0                SPI1_IRQHandler
                0x00000000080020e0                OCTOSPI1_IRQHandler
                0x00000000080020e0                DMA2_Stream3_IRQHandler
                0x00000000080020e0                OCTOSPI2_IRQHandler
                0x00000000080020e0                DFSDM1_FLT3_IRQHandler
                0x00000000080020e0                TIM23_IRQHandler
                0x00000000080020e0                USART6_IRQHandler
                0x00000000080020e0                TIM17_IRQHandler
                0x00000000080020e0                USART3_IRQHandler
                0x00000000080020e0                BDMA_Channel7_IRQHandler
                0x00000000080020e0                LPTIM5_IRQHandler
                0x00000000080020e0                UART5_IRQHandler
                0x00000000080020e0                ADC3_IRQHandler
                0x00000000080020e0                DMA2_Stream0_IRQHandler
                0x00000000080020e0                TIM4_IRQHandler
                0x00000000080020e0                BDMA_Channel2_IRQHandler
                0x00000000080020e0                I2C1_EV_IRQHandler
                0x00000000080020e0                DMA1_Stream6_IRQHandler
                0x00000000080020e0                DMAMUX1_OVR_IRQHandler
                0x00000000080020e0                DMA1_Stream1_IRQHandler
                0x00000000080020e0                TIM16_IRQHandler
                0x00000000080020e0                UART4_IRQHandler
                0x00000000080020e0                BDMA_Channel5_IRQHandler
                0x00000000080020e0                TIM3_IRQHandler
                0x00000000080020e0                RCC_IRQHandler
                0x00000000080020e0                UART9_IRQHandler
                0x00000000080020e0                TIM8_BRK_TIM12_IRQHandler
                0x00000000080020e0                TIM1_TRG_COM_IRQHandler
                0x00000000080020e0                Default_Handler
                0x00000000080020e0                ECC_IRQHandler
                0x00000000080020e0                FMAC_IRQHandler
                0x00000000080020e0                CEC_IRQHandler
                0x00000000080020e0                EXTI15_10_IRQHandler
                0x00000000080020e0                BDMA_Channel0_IRQHandler
                0x00000000080020e0                ADC_IRQHandler
                0x00000000080020e0                I2C5_ER_IRQHandler
                0x00000000080020e0                DMA1_Stream7_IRQHandler
                0x00000000080020e0                SPI5_IRQHandler
                0x00000000080020e0                TIM7_IRQHandler
                0x00000000080020e0                FDCAN3_IT1_IRQHandler
                0x00000000080020e0                SDMMC1_IRQHandler
                0x00000000080020e0                TIM5_IRQHandler
                0x00000000080020e0                DMA2_Stream7_IRQHandler
                0x00000000080020e0                TIM15_IRQHandler
                0x00000000080020e0                PVD_AVD_IRQHandler
                0x00000000080020e0                I2C3_EV_IRQHandler
                0x00000000080020e0                EXTI9_5_IRQHandler
                0x00000000080020e0                RTC_WKUP_IRQHandler
                0x00000000080020e0                LTDC_IRQHandler
                0x00000000080020e0                ETH_WKUP_IRQHandler
                0x00000000080020e0                SPDIF_RX_IRQHandler
                0x00000000080020e0                SPI2_IRQHandler
                0x00000000080020e0                OTG_HS_EP1_IN_IRQHandler
                0x00000000080020e0                DMA1_Stream0_IRQHandler
                0x00000000080020e0                TIM24_IRQHandler
                0x00000000080020e0                CRS_IRQHandler
                0x00000000080020e0                EXTI4_IRQHandler
                0x00000000080020e0                RNG_IRQHandler
                0x00000000080020e0                FDCAN2_IT1_IRQHandler
                0x00000000080020e0                ETH_IRQHandler
                0x00000000080020e0                TIM1_UP_IRQHandler
                0x00000000080020e0                BDMA_Channel4_IRQHandler
                0x00000000080020e0                OTG_HS_EP1_OUT_IRQHandler
                0x00000000080020e0                WWDG_IRQHandler
                0x00000000080020e0                SPI6_IRQHandler
                0x00000000080020e0                MDIOS_IRQHandler
                0x00000000080020e0                I2C4_EV_IRQHandler
                0x00000000080020e0                FDCAN2_IT0_IRQHandler
                0x00000000080020e0                LPUART1_IRQHandler
                0x00000000080020e0                FDCAN1_IT0_IRQHandler
                0x00000000080020e0                TIM2_IRQHandler
                0x00000000080020e0                OTG_HS_IRQHandler
                0x00000000080020e0                DMA2D_IRQHandler
                0x00000000080020e0                TIM1_BRK_IRQHandler
                0x00000000080020e0                EXTI1_IRQHandler
                0x00000000080020e0                SDMMC2_IRQHandler
                0x00000000080020e0                BDMA_Channel3_IRQHandler
                0x00000000080020e0                DTS_IRQHandler
                0x00000000080020e0                UART7_IRQHandler
                0x00000000080020e0                MDIOS_WKUP_IRQHandler
                0x00000000080020e0                DFSDM1_FLT0_IRQHandler
                0x00000000080020e0                SAI4_IRQHandler
                0x00000000080020e0                I2C2_ER_IRQHandler
                0x00000000080020e0                DMA2_Stream1_IRQHandler
                0x00000000080020e0                FLASH_IRQHandler
                0x00000000080020e0                DMA2_Stream4_IRQHandler
                0x00000000080020e0                USART1_IRQHandler
                0x00000000080020e0                SPI3_IRQHandler
                0x00000000080020e0                WAKEUP_PIN_IRQHandler
                0x00000000080020e0                DMA1_Stream4_IRQHandler
                0x00000000080020e0                I2C1_ER_IRQHandler
                0x00000000080020e0                FMC_IRQHandler
                0x00000000080020e0                FDCAN_CAL_IRQHandler
                0x00000000080020e0                SWPMI1_IRQHandler
                0x00000000080020e0                COMP1_IRQHandler
                0x00000000080020e0                LPTIM1_IRQHandler
                0x00000000080020e0                DCMI_PSSI_IRQHandler
                0x00000000080020e0                I2C4_ER_IRQHandler
                0x00000000080020e0                DMA2_Stream6_IRQHandler
                0x00000000080020e0                SAI1_IRQHandler
                0x00000000080020e0                DMA1_Stream3_IRQHandler
 *fill*         0x00000000080020e2        0x2 
 .text.HAL_Init
                0x00000000080020e4       0x78 ./Drivers/STM32H7xx_HAL_Driver/Src/stm32h7xx_hal.o
                0x00000000080020e4                HAL_Init
 .text.HAL_IncTick
                0x000000000800215c       0x28 ./Drivers/STM32H7xx_HAL_Driver/Src/stm32h7xx_hal.o
                0x000000000800215c                HAL_IncTick
 .text.HAL_GetTick
                0x0000000008002184       0x18 ./Drivers/STM32H7xx_HAL_Driver/Src/stm32h7xx_hal.o
                0x0000000008002184                HAL_GetTick
 .text.HAL_SYSCFG_ETHInterfaceSelect
                0x000000000800219c       0x28 ./Drivers/STM32H7xx_HAL_Driver/Src/stm32h7xx_hal.o
                0x000000000800219c                HAL_SYSCFG_ETHInterfaceSelect
 .text.__NVIC_SetPriorityGrouping
                0x00000000080021c4       0x48 ./Drivers/STM32H7xx_HAL_Driver/Src/stm32h7xx_hal_cortex.o
 .text.__NVIC_GetPriorityGrouping
                0x000000000800220c       0x1c ./Drivers/STM32H7xx_HAL_Driver/Src/stm32h7xx_hal_cortex.o
 .text.__NVIC_EnableIRQ
                0x0000000008002228       0x3c ./Drivers/STM32H7xx_HAL_Driver/Src/stm32h7xx_hal_cortex.o
 .text.__NVIC_SetPriority
                0x0000000008002264       0x54 ./Drivers/STM32H7xx_HAL_Driver/Src/stm32h7xx_hal_cortex.o
 .text.NVIC_EncodePriority
                0x00000000080022b8       0x66 ./Drivers/STM32H7xx_HAL_Driver/Src/stm32h7xx_hal_cortex.o
 .text.HAL_NVIC_SetPriorityGrouping
                0x000000000800231e       0x16 ./Drivers/STM32H7xx_HAL_Driver/Src/stm32h7xx_hal_cortex.o
                0x000000000800231e                HAL_NVIC_SetPriorityGrouping
 .text.HAL_NVIC_SetPriority
                0x0000000008002334       0x34 ./Drivers/STM32H7xx_HAL_Driver/Src/stm32h7xx_hal_cortex.o
                0x0000000008002334                HAL_NVIC_SetPriority
 .text.HAL_NVIC_EnableIRQ
                0x0000000008002368       0x1c ./Drivers/STM32H7xx_HAL_Driver/Src/stm32h7xx_hal_cortex.o
                0x0000000008002368                HAL_NVIC_EnableIRQ
 .text.HAL_DMA_Abort
                0x0000000008002384      0x63c ./Drivers/STM32H7xx_HAL_Driver/Src/stm32h7xx_hal_dma.o
                0x0000000008002384                HAL_DMA_Abort
 .text.HAL_DMA_Abort_IT
                0x00000000080029c0      0x48c ./Drivers/STM32H7xx_HAL_Driver/Src/stm32h7xx_hal_dma.o
                0x00000000080029c0                HAL_DMA_Abort_IT
 .text.HAL_ETH_Init
                0x0000000008002e4c      0x1fc ./Drivers/STM32H7xx_HAL_Driver/Src/stm32h7xx_hal_eth.o
                0x0000000008002e4c                HAL_ETH_Init
 .text.HAL_ETH_SetMDIOClockRange
                0x0000000008003048       0xa0 ./Drivers/STM32H7xx_HAL_Driver/Src/stm32h7xx_hal_eth.o
                0x0000000008003048                HAL_ETH_SetMDIOClockRange
 .text.ETH_SetMACConfig
                0x00000000080030e8      0x238 ./Drivers/STM32H7xx_HAL_Driver/Src/stm32h7xx_hal_eth.o
 .text.ETH_SetDMAConfig
                0x0000000008003320      0x10c ./Drivers/STM32H7xx_HAL_Driver/Src/stm32h7xx_hal_eth.o
 .text.ETH_MACDMAConfig
                0x000000000800342c      0x13a ./Drivers/STM32H7xx_HAL_Driver/Src/stm32h7xx_hal_eth.o
 .text.ETH_DMATxDescListInit
                0x0000000008003566       0x92 ./Drivers/STM32H7xx_HAL_Driver/Src/stm32h7xx_hal_eth.o
 .text.ETH_DMARxDescListInit
                0x00000000080035f8       0xba ./Drivers/STM32H7xx_HAL_Driver/Src/stm32h7xx_hal_eth.o
 *fill*         0x00000000080036b2        0x2 
 .text.HAL_GPIO_Init
                0x00000000080036b4      0x350 ./Drivers/STM32H7xx_HAL_Driver/Src/stm32h7xx_hal_gpio.o
                0x00000000080036b4                HAL_GPIO_Init
 .text.HAL_GPIO_WritePin
                0x0000000008003a04       0x32 ./Drivers/STM32H7xx_HAL_Driver/Src/stm32h7xx_hal_gpio.o
                0x0000000008003a04                HAL_GPIO_WritePin
 *fill*         0x0000000008003a36        0x2 
 .text.HAL_I2C_Init
                0x0000000008003a38      0x138 ./Drivers/STM32H7xx_HAL_Driver/Src/stm32h7xx_hal_i2c.o
                0x0000000008003a38                HAL_I2C_Init
 .text.HAL_I2C_Master_Transmit
                0x0000000008003b70      0x230 ./Drivers/STM32H7xx_HAL_Driver/Src/stm32h7xx_hal_i2c.o
                0x0000000008003b70                HAL_I2C_Master_Transmit
 .text.HAL_I2C_Mem_Write
                0x0000000008003da0      0x228 ./Drivers/STM32H7xx_HAL_Driver/Src/stm32h7xx_hal_i2c.o
                0x0000000008003da0                HAL_I2C_Mem_Write
 .text.HAL_I2C_Mem_Read
                0x0000000008003fc8      0x234 ./Drivers/STM32H7xx_HAL_Driver/Src/stm32h7xx_hal_i2c.o
                0x0000000008003fc8                HAL_I2C_Mem_Read
 .text.I2C_RequestMemoryWrite
                0x00000000080041fc       0xa8 ./Drivers/STM32H7xx_HAL_Driver/Src/stm32h7xx_hal_i2c.o
 .text.I2C_RequestMemoryRead
                0x00000000080042a4       0xa8 ./Drivers/STM32H7xx_HAL_Driver/Src/stm32h7xx_hal_i2c.o
 .text.I2C_Flush_TXDR
                0x000000000800434c       0x48 ./Drivers/STM32H7xx_HAL_Driver/Src/stm32h7xx_hal_i2c.o
 .text.I2C_WaitOnFlagUntilTimeout
                0x0000000008004394       0xb2 ./Drivers/STM32H7xx_HAL_Driver/Src/stm32h7xx_hal_i2c.o
 .text.I2C_WaitOnTXISFlagUntilTimeout
                0x0000000008004446       0x8e ./Drivers/STM32H7xx_HAL_Driver/Src/stm32h7xx_hal_i2c.o
 .text.I2C_WaitOnSTOPFlagUntilTimeout
                0x00000000080044d4       0x86 ./Drivers/STM32H7xx_HAL_Driver/Src/stm32h7xx_hal_i2c.o
 *fill*         0x000000000800455a        0x2 
 .text.I2C_IsErrorOccurred
                0x000000000800455c      0x1c0 ./Drivers/STM32H7xx_HAL_Driver/Src/stm32h7xx_hal_i2c.o
 .text.I2C_TransferConfig
                0x000000000800471c       0x64 ./Drivers/STM32H7xx_HAL_Driver/Src/stm32h7xx_hal_i2c.o
 .text.HAL_I2CEx_ConfigAnalogFilter
                0x0000000008004780       0x96 ./Drivers/STM32H7xx_HAL_Driver/Src/stm32h7xx_hal_i2c_ex.o
                0x0000000008004780                HAL_I2CEx_ConfigAnalogFilter
 .text.HAL_I2CEx_ConfigDigitalFilter
                0x0000000008004816       0x98 ./Drivers/STM32H7xx_HAL_Driver/Src/stm32h7xx_hal_i2c_ex.o
                0x0000000008004816                HAL_I2CEx_ConfigDigitalFilter
 *fill*         0x00000000080048ae        0x2 
 .text.HAL_PWREx_ConfigSupply
                0x00000000080048b0       0x74 ./Drivers/STM32H7xx_HAL_Driver/Src/stm32h7xx_hal_pwr_ex.o
                0x00000000080048b0                HAL_PWREx_ConfigSupply
 .text.HAL_RCC_OscConfig
                0x0000000008004924      0x7b4 ./Drivers/STM32H7xx_HAL_Driver/Src/stm32h7xx_hal_rcc.o
                0x0000000008004924                HAL_RCC_OscConfig
 .text.HAL_RCC_ClockConfig
                0x00000000080050d8      0x36c ./Drivers/STM32H7xx_HAL_Driver/Src/stm32h7xx_hal_rcc.o
                0x00000000080050d8                HAL_RCC_ClockConfig
 .text.HAL_RCC_GetSysClockFreq
                0x0000000008005444      0x2f4 ./Drivers/STM32H7xx_HAL_Driver/Src/stm32h7xx_hal_rcc.o
                0x0000000008005444                HAL_RCC_GetSysClockFreq
 .text.HAL_RCC_GetHCLKFreq
                0x0000000008005738       0x60 ./Drivers/STM32H7xx_HAL_Driver/Src/stm32h7xx_hal_rcc.o
                0x0000000008005738                HAL_RCC_GetHCLKFreq
 .text.HAL_RCC_GetPCLK1Freq
                0x0000000008005798       0x2c ./Drivers/STM32H7xx_HAL_Driver/Src/stm32h7xx_hal_rcc.o
                0x0000000008005798                HAL_RCC_GetPCLK1Freq
 .text.HAL_RCC_GetPCLK2Freq
                0x00000000080057c4       0x2c ./Drivers/STM32H7xx_HAL_Driver/Src/stm32h7xx_hal_rcc.o
                0x00000000080057c4                HAL_RCC_GetPCLK2Freq
 .text.HAL_RCC_GetClockConfig
                0x00000000080057f0       0x84 ./Drivers/STM32H7xx_HAL_Driver/Src/stm32h7xx_hal_rcc.o
                0x00000000080057f0                HAL_RCC_GetClockConfig
 .text.HAL_RCCEx_PeriphCLKConfig
                0x0000000008005874     0x1340 ./Drivers/STM32H7xx_HAL_Driver/Src/stm32h7xx_hal_rcc_ex.o
                0x0000000008005874                HAL_RCCEx_PeriphCLKConfig
 .text.HAL_RCCEx_GetD3PCLK1Freq
                0x0000000008006bb4       0x2c ./Drivers/STM32H7xx_HAL_Driver/Src/stm32h7xx_hal_rcc_ex.o
                0x0000000008006bb4                HAL_RCCEx_GetD3PCLK1Freq
 .text.HAL_RCCEx_GetPLL2ClockFreq
                0x0000000008006be0      0x2a8 ./Drivers/STM32H7xx_HAL_Driver/Src/stm32h7xx_hal_rcc_ex.o
                0x0000000008006be0                HAL_RCCEx_GetPLL2ClockFreq
 .text.HAL_RCCEx_GetPLL3ClockFreq
                0x0000000008006e88      0x2a8 ./Drivers/STM32H7xx_HAL_Driver/Src/stm32h7xx_hal_rcc_ex.o
                0x0000000008006e88                HAL_RCCEx_GetPLL3ClockFreq
 .text.RCCEx_PLL2_Config
                0x0000000008007130      0x164 ./Drivers/STM32H7xx_HAL_Driver/Src/stm32h7xx_hal_rcc_ex.o
 .text.RCCEx_PLL3_Config
                0x0000000008007294      0x164 ./Drivers/STM32H7xx_HAL_Driver/Src/stm32h7xx_hal_rcc_ex.o
 .text.HAL_TIM_Base_Init
                0x00000000080073f8       0xae ./Drivers/STM32H7xx_HAL_Driver/Src/stm32h7xx_hal_tim.o
                0x00000000080073f8                HAL_TIM_Base_Init
 *fill*         0x00000000080074a6        0x2 
 .text.HAL_TIM_Base_Start
                0x00000000080074a8       0xfc ./Drivers/STM32H7xx_HAL_Driver/Src/stm32h7xx_hal_tim.o
                0x00000000080074a8                HAL_TIM_Base_Start
 .text.HAL_TIM_Base_Start_IT
                0x00000000080075a4      0x10c ./Drivers/STM32H7xx_HAL_Driver/Src/stm32h7xx_hal_tim.o
                0x00000000080075a4                HAL_TIM_Base_Start_IT
 .text.HAL_TIM_Encoder_Init
                0x00000000080076b0      0x14c ./Drivers/STM32H7xx_HAL_Driver/Src/stm32h7xx_hal_tim.o
                0x00000000080076b0                HAL_TIM_Encoder_Init
 .text.HAL_TIM_Encoder_Start
                0x00000000080077fc      0x11c ./Drivers/STM32H7xx_HAL_Driver/Src/stm32h7xx_hal_tim.o
                0x00000000080077fc                HAL_TIM_Encoder_Start
 .text.HAL_TIM_IRQHandler
                0x0000000008007918      0x20e ./Drivers/STM32H7xx_HAL_Driver/Src/stm32h7xx_hal_tim.o
                0x0000000008007918                HAL_TIM_IRQHandler
 *fill*         0x0000000008007b26        0x2 
 .text.HAL_TIM_ConfigClockSource
                0x0000000008007b28      0x1f0 ./Drivers/STM32H7xx_HAL_Driver/Src/stm32h7xx_hal_tim.o
                0x0000000008007b28                HAL_TIM_ConfigClockSource
 .text.HAL_TIM_OC_DelayElapsedCallback
                0x0000000008007d18       0x14 ./Drivers/STM32H7xx_HAL_Driver/Src/stm32h7xx_hal_tim.o
                0x0000000008007d18                HAL_TIM_OC_DelayElapsedCallback
 .text.HAL_TIM_IC_CaptureCallback
                0x0000000008007d2c       0x14 ./Drivers/STM32H7xx_HAL_Driver/Src/stm32h7xx_hal_tim.o
                0x0000000008007d2c                HAL_TIM_IC_CaptureCallback
 .text.HAL_TIM_PWM_PulseFinishedCallback
                0x0000000008007d40       0x14 ./Drivers/STM32H7xx_HAL_Driver/Src/stm32h7xx_hal_tim.o
                0x0000000008007d40                HAL_TIM_PWM_PulseFinishedCallback
 .text.HAL_TIM_TriggerCallback
                0x0000000008007d54       0x14 ./Drivers/STM32H7xx_HAL_Driver/Src/stm32h7xx_hal_tim.o
                0x0000000008007d54                HAL_TIM_TriggerCallback
 .text.TIM_Base_SetConfig
                0x0000000008007d68      0x164 ./Drivers/STM32H7xx_HAL_Driver/Src/stm32h7xx_hal_tim.o
                0x0000000008007d68                TIM_Base_SetConfig
 .text.TIM_TI1_ConfigInputStage
                0x0000000008007ecc       0x5e ./Drivers/STM32H7xx_HAL_Driver/Src/stm32h7xx_hal_tim.o
 .text.TIM_TI2_ConfigInputStage
                0x0000000008007f2a       0x60 ./Drivers/STM32H7xx_HAL_Driver/Src/stm32h7xx_hal_tim.o
 *fill*         0x0000000008007f8a        0x2 
 .text.TIM_ITRx_SetConfig
                0x0000000008007f8c       0x3c ./Drivers/STM32H7xx_HAL_Driver/Src/stm32h7xx_hal_tim.o
 .text.TIM_ETR_SetConfig
                0x0000000008007fc8       0x40 ./Drivers/STM32H7xx_HAL_Driver/Src/stm32h7xx_hal_tim.o
                0x0000000008007fc8                TIM_ETR_SetConfig
 .text.TIM_CCxChannelCmd
                0x0000000008008008       0x4a ./Drivers/STM32H7xx_HAL_Driver/Src/stm32h7xx_hal_tim.o
                0x0000000008008008                TIM_CCxChannelCmd
 *fill*         0x0000000008008052        0x2 
 .text.HAL_TIMEx_MasterConfigSynchronization
                0x0000000008008054      0x138 ./Drivers/STM32H7xx_HAL_Driver/Src/stm32h7xx_hal_tim_ex.o
                0x0000000008008054                HAL_TIMEx_MasterConfigSynchronization
 .text.HAL_TIMEx_CommutCallback
                0x000000000800818c       0x14 ./Drivers/STM32H7xx_HAL_Driver/Src/stm32h7xx_hal_tim_ex.o
                0x000000000800818c                HAL_TIMEx_CommutCallback
 .text.HAL_TIMEx_BreakCallback
                0x00000000080081a0       0x14 ./Drivers/STM32H7xx_HAL_Driver/Src/stm32h7xx_hal_tim_ex.o
                0x00000000080081a0                HAL_TIMEx_BreakCallback
 .text.HAL_TIMEx_Break2Callback
                0x00000000080081b4       0x14 ./Drivers/STM32H7xx_HAL_Driver/Src/stm32h7xx_hal_tim_ex.o
                0x00000000080081b4                HAL_TIMEx_Break2Callback
 .text.HAL_UART_Init
                0x00000000080081c8       0xa0 ./Drivers/STM32H7xx_HAL_Driver/Src/stm32h7xx_hal_uart.o
                0x00000000080081c8                HAL_UART_Init
 .text.HAL_UART_Transmit_IT
                0x0000000008008268      0x128 ./Drivers/STM32H7xx_HAL_Driver/Src/stm32h7xx_hal_uart.o
                0x0000000008008268                HAL_UART_Transmit_IT
 .text.HAL_UART_Receive_IT
                0x0000000008008390       0x98 ./Drivers/STM32H7xx_HAL_Driver/Src/stm32h7xx_hal_uart.o
                0x0000000008008390                HAL_UART_Receive_IT
 .text.HAL_UART_IRQHandler
                0x0000000008008428      0x774 ./Drivers/STM32H7xx_HAL_Driver/Src/stm32h7xx_hal_uart.o
                0x0000000008008428                HAL_UART_IRQHandler
 .text.HAL_UART_TxCpltCallback
                0x0000000008008b9c       0x14 ./Drivers/STM32H7xx_HAL_Driver/Src/stm32h7xx_hal_uart.o
                0x0000000008008b9c                HAL_UART_TxCpltCallback
 .text.HAL_UART_ErrorCallback
                0x0000000008008bb0       0x14 ./Drivers/STM32H7xx_HAL_Driver/Src/stm32h7xx_hal_uart.o
                0x0000000008008bb0                HAL_UART_ErrorCallback
 .text.HAL_UARTEx_RxEventCallback
                0x0000000008008bc4       0x18 ./Drivers/STM32H7xx_HAL_Driver/Src/stm32h7xx_hal_uart.o
                0x0000000008008bc4                HAL_UARTEx_RxEventCallback
 .text.UART_SetConfig
                0x0000000008008bdc      0xcd8 ./Drivers/STM32H7xx_HAL_Driver/Src/stm32h7xx_hal_uart.o
                0x0000000008008bdc                UART_SetConfig
 .text.UART_AdvFeatureConfig
                0x00000000080098b4      0x144 ./Drivers/STM32H7xx_HAL_Driver/Src/stm32h7xx_hal_uart.o
                0x00000000080098b4                UART_AdvFeatureConfig
 .text.UART_CheckIdleState
                0x00000000080099f8      0x154 ./Drivers/STM32H7xx_HAL_Driver/Src/stm32h7xx_hal_uart.o
                0x00000000080099f8                UART_CheckIdleState
 .text.UART_WaitOnFlagUntilTimeout
                0x0000000008009b4c       0xda ./Drivers/STM32H7xx_HAL_Driver/Src/stm32h7xx_hal_uart.o
                0x0000000008009b4c                UART_WaitOnFlagUntilTimeout
 *fill*         0x0000000008009c26        0x2 
 .text.UART_Start_Receive_IT
                0x0000000008009c28      0x244 ./Drivers/STM32H7xx_HAL_Driver/Src/stm32h7xx_hal_uart.o
                0x0000000008009c28                UART_Start_Receive_IT
 .text.UART_EndRxTransfer
                0x0000000008009e6c       0xcc ./Drivers/STM32H7xx_HAL_Driver/Src/stm32h7xx_hal_uart.o
 .text.UART_DMAAbortOnError
                0x0000000008009f38       0x2c ./Drivers/STM32H7xx_HAL_Driver/Src/stm32h7xx_hal_uart.o
 .text.UART_TxISR_8BIT
                0x0000000008009f64       0xb8 ./Drivers/STM32H7xx_HAL_Driver/Src/stm32h7xx_hal_uart.o
 .text.UART_TxISR_16BIT
                0x000000000800a01c       0xc2 ./Drivers/STM32H7xx_HAL_Driver/Src/stm32h7xx_hal_uart.o
 .text.UART_TxISR_8BIT_FIFOEN
                0x000000000800a0de       0xe0 ./Drivers/STM32H7xx_HAL_Driver/Src/stm32h7xx_hal_uart.o
 .text.UART_TxISR_16BIT_FIFOEN
                0x000000000800a1be       0xea ./Drivers/STM32H7xx_HAL_Driver/Src/stm32h7xx_hal_uart.o
 .text.UART_EndTransmit_IT
                0x000000000800a2a8       0x56 ./Drivers/STM32H7xx_HAL_Driver/Src/stm32h7xx_hal_uart.o
 *fill*         0x000000000800a2fe        0x2 
 .text.UART_RxISR_8BIT
                0x000000000800a300      0x1b8 ./Drivers/STM32H7xx_HAL_Driver/Src/stm32h7xx_hal_uart.o
 .text.UART_RxISR_16BIT
                0x000000000800a4b8      0x1b8 ./Drivers/STM32H7xx_HAL_Driver/Src/stm32h7xx_hal_uart.o
 .text.UART_RxISR_8BIT_FIFOEN
                0x000000000800a670      0x360 ./Drivers/STM32H7xx_HAL_Driver/Src/stm32h7xx_hal_uart.o
 .text.UART_RxISR_16BIT_FIFOEN
                0x000000000800a9d0      0x368 ./Drivers/STM32H7xx_HAL_Driver/Src/stm32h7xx_hal_uart.o
 .text.HAL_UARTEx_WakeupCallback
                0x000000000800ad38       0x14 ./Drivers/STM32H7xx_HAL_Driver/Src/stm32h7xx_hal_uart_ex.o
                0x000000000800ad38                HAL_UARTEx_WakeupCallback
 .text.HAL_UARTEx_RxFifoFullCallback
                0x000000000800ad4c       0x14 ./Drivers/STM32H7xx_HAL_Driver/Src/stm32h7xx_hal_uart_ex.o
                0x000000000800ad4c                HAL_UARTEx_RxFifoFullCallback
 .text.HAL_UARTEx_TxFifoEmptyCallback
                0x000000000800ad60       0x14 ./Drivers/STM32H7xx_HAL_Driver/Src/stm32h7xx_hal_uart_ex.o
                0x000000000800ad60                HAL_UARTEx_TxFifoEmptyCallback
 .text.HAL_UARTEx_DisableFifoMode
                0x000000000800ad74       0x72 ./Drivers/STM32H7xx_HAL_Driver/Src/stm32h7xx_hal_uart_ex.o
                0x000000000800ad74                HAL_UARTEx_DisableFifoMode
 .text.HAL_UARTEx_SetTxFifoThreshold
                0x000000000800ade6       0x7c ./Drivers/STM32H7xx_HAL_Driver/Src/stm32h7xx_hal_uart_ex.o
                0x000000000800ade6                HAL_UARTEx_SetTxFifoThreshold
 .text.HAL_UARTEx_SetRxFifoThreshold
                0x000000000800ae62       0x7c ./Drivers/STM32H7xx_HAL_Driver/Src/stm32h7xx_hal_uart_ex.o
                0x000000000800ae62                HAL_UARTEx_SetRxFifoThreshold
 *fill*         0x000000000800aede        0x2 
 .text.UARTEx_SetNbDataToProcess
                0x000000000800aee0       0x9c ./Drivers/STM32H7xx_HAL_Driver/Src/stm32h7xx_hal_uart_ex.o
 .text.__NVIC_SetPriority
                0x000000000800af7c       0x54 ./Middlewares/Third_Party/FreeRTOS/Source/CMSIS_RTOS_V2/cmsis_os2.o
 .text.SysTick_Handler
                0x000000000800afd0       0x20 ./Middlewares/Third_Party/FreeRTOS/Source/CMSIS_RTOS_V2/cmsis_os2.o
                0x000000000800afd0                SysTick_Handler
 .text.SVC_Setup
                0x000000000800aff0       0x12 ./Middlewares/Third_Party/FreeRTOS/Source/CMSIS_RTOS_V2/cmsis_os2.o
 *fill*         0x000000000800b002        0x2 
 .text.osKernelInitialize
                0x000000000800b004       0x48 ./Middlewares/Third_Party/FreeRTOS/Source/CMSIS_RTOS_V2/cmsis_os2.o
                0x000000000800b004                osKernelInitialize
 .text.osKernelStart
                0x000000000800b04c       0x4c ./Middlewares/Third_Party/FreeRTOS/Source/CMSIS_RTOS_V2/cmsis_os2.o
                0x000000000800b04c                osKernelStart
 .text.osThreadNew
                0x000000000800b098      0x124 ./Middlewares/Third_Party/FreeRTOS/Source/CMSIS_RTOS_V2/cmsis_os2.o
                0x000000000800b098                osThreadNew
 .text.osDelay  0x000000000800b1bc       0x36 ./Middlewares/Third_Party/FreeRTOS/Source/CMSIS_RTOS_V2/cmsis_os2.o
                0x000000000800b1bc                osDelay
 .text.osSemaphoreNew
                0x000000000800b1f2      0x112 ./Middlewares/Third_Party/FreeRTOS/Source/CMSIS_RTOS_V2/cmsis_os2.o
                0x000000000800b1f2                osSemaphoreNew
 .text.osSemaphoreAcquire
                0x000000000800b304       0xa4 ./Middlewares/Third_Party/FreeRTOS/Source/CMSIS_RTOS_V2/cmsis_os2.o
                0x000000000800b304                osSemaphoreAcquire
 .text.osSemaphoreRelease
                0x000000000800b3a8       0x88 ./Middlewares/Third_Party/FreeRTOS/Source/CMSIS_RTOS_V2/cmsis_os2.o
                0x000000000800b3a8                osSemaphoreRelease
 .text.vApplicationGetIdleTaskMemory
                0x000000000800b430       0x34 ./Middlewares/Third_Party/FreeRTOS/Source/CMSIS_RTOS_V2/cmsis_os2.o
                0x000000000800b430                vApplicationGetIdleTaskMemory
 .text.vApplicationGetTimerTaskMemory
                0x000000000800b464       0x34 ./Middlewares/Third_Party/FreeRTOS/Source/CMSIS_RTOS_V2/cmsis_os2.o
                0x000000000800b464                vApplicationGetTimerTaskMemory
 .text.vListInitialise
                0x000000000800b498       0x40 ./Middlewares/Third_Party/FreeRTOS/Source/list.o
                0x000000000800b498                vListInitialise
 .text.vListInitialiseItem
                0x000000000800b4d8       0x1a ./Middlewares/Third_Party/FreeRTOS/Source/list.o
                0x000000000800b4d8                vListInitialiseItem
 .text.vListInsertEnd
                0x000000000800b4f2       0x48 ./Middlewares/Third_Party/FreeRTOS/Source/list.o
                0x000000000800b4f2                vListInsertEnd
 .text.vListInsert
                0x000000000800b53a       0x72 ./Middlewares/Third_Party/FreeRTOS/Source/list.o
                0x000000000800b53a                vListInsert
 .text.uxListRemove
                0x000000000800b5ac       0x54 ./Middlewares/Third_Party/FreeRTOS/Source/list.o
                0x000000000800b5ac                uxListRemove
 .text.xQueueGenericReset
                0x000000000800b600       0xd0 ./Middlewares/Third_Party/FreeRTOS/Source/queue.o
                0x000000000800b600                xQueueGenericReset
 .text.xQueueGenericCreateStatic
                0x000000000800b6d0       0xf0 ./Middlewares/Third_Party/FreeRTOS/Source/queue.o
                0x000000000800b6d0                xQueueGenericCreateStatic
 .text.xQueueGenericCreate
                0x000000000800b7c0       0x74 ./Middlewares/Third_Party/FreeRTOS/Source/queue.o
                0x000000000800b7c0                xQueueGenericCreate
 .text.prvInitialiseNewQueue
                0x000000000800b834       0x46 ./Middlewares/Third_Party/FreeRTOS/Source/queue.o
 .text.xQueueCreateCountingSemaphoreStatic
                0x000000000800b87a       0x6e ./Middlewares/Third_Party/FreeRTOS/Source/queue.o
                0x000000000800b87a                xQueueCreateCountingSemaphoreStatic
 .text.xQueueCreateCountingSemaphore
                0x000000000800b8e8       0x66 ./Middlewares/Third_Party/FreeRTOS/Source/queue.o
                0x000000000800b8e8                xQueueCreateCountingSemaphore
 *fill*         0x000000000800b94e        0x2 
 .text.xQueueGenericSend
                0x000000000800b950      0x1fc ./Middlewares/Third_Party/FreeRTOS/Source/queue.o
                0x000000000800b950                xQueueGenericSend
 .text.xQueueGenericSendFromISR
                0x000000000800bb4c      0x136 ./Middlewares/Third_Party/FreeRTOS/Source/queue.o
                0x000000000800bb4c                xQueueGenericSendFromISR
 .text.xQueueGiveFromISR
                0x000000000800bc82      0x11a ./Middlewares/Third_Party/FreeRTOS/Source/queue.o
                0x000000000800bc82                xQueueGiveFromISR
 .text.xQueueReceive
                0x000000000800bd9c      0x1c0 ./Middlewares/Third_Party/FreeRTOS/Source/queue.o
                0x000000000800bd9c                xQueueReceive
 .text.xQueueSemaphoreTake
                0x000000000800bf5c      0x218 ./Middlewares/Third_Party/FreeRTOS/Source/queue.o
                0x000000000800bf5c                xQueueSemaphoreTake
 .text.xQueueReceiveFromISR
                0x000000000800c174      0x100 ./Middlewares/Third_Party/FreeRTOS/Source/queue.o
                0x000000000800c174                xQueueReceiveFromISR
 .text.vQueueDelete
                0x000000000800c274       0x46 ./Middlewares/Third_Party/FreeRTOS/Source/queue.o
                0x000000000800c274                vQueueDelete
 .text.prvGetDisinheritPriorityAfterTimeout
                0x000000000800c2ba       0x30 ./Middlewares/Third_Party/FreeRTOS/Source/queue.o
 .text.prvCopyDataToQueue
                0x000000000800c2ea       0xd4 ./Middlewares/Third_Party/FreeRTOS/Source/queue.o
 .text.prvCopyDataFromQueue
                0x000000000800c3be       0x4c ./Middlewares/Third_Party/FreeRTOS/Source/queue.o
 .text.prvUnlockQueue
                0x000000000800c40a       0xa4 ./Middlewares/Third_Party/FreeRTOS/Source/queue.o
 .text.prvIsQueueEmpty
                0x000000000800c4ae       0x2c ./Middlewares/Third_Party/FreeRTOS/Source/queue.o
 .text.prvIsQueueFull
                0x000000000800c4da       0x30 ./Middlewares/Third_Party/FreeRTOS/Source/queue.o
 *fill*         0x000000000800c50a        0x2 
 .text.vQueueAddToRegistry
                0x000000000800c50c       0x54 ./Middlewares/Third_Party/FreeRTOS/Source/queue.o
                0x000000000800c50c                vQueueAddToRegistry
 .text.vQueueUnregisterQueue
                0x000000000800c560       0x54 ./Middlewares/Third_Party/FreeRTOS/Source/queue.o
                0x000000000800c560                vQueueUnregisterQueue
 .text.vQueueWaitForMessageRestricted
                0x000000000800c5b4       0x68 ./Middlewares/Third_Party/FreeRTOS/Source/queue.o
                0x000000000800c5b4                vQueueWaitForMessageRestricted
 .text.xTaskCreateStatic
                0x000000000800c61c       0xba ./Middlewares/Third_Party/FreeRTOS/Source/tasks.o
                0x000000000800c61c                xTaskCreateStatic
 .text.xTaskCreate
                0x000000000800c6d6       0x8a ./Middlewares/Third_Party/FreeRTOS/Source/tasks.o
                0x000000000800c6d6                xTaskCreate
 .text.prvInitialiseNewTask
                0x000000000800c760      0x14c ./Middlewares/Third_Party/FreeRTOS/Source/tasks.o
 .text.prvAddNewTaskToReadyList
                0x000000000800c8ac       0xe0 ./Middlewares/Third_Party/FreeRTOS/Source/tasks.o
 .text.vTaskDelay
                0x000000000800c98c       0x68 ./Middlewares/Third_Party/FreeRTOS/Source/tasks.o
                0x000000000800c98c                vTaskDelay
 .text.vTaskStartScheduler
                0x000000000800c9f4       0xe0 ./Middlewares/Third_Party/FreeRTOS/Source/tasks.o
                0x000000000800c9f4                vTaskStartScheduler
 .text.vTaskSuspendAll
                0x000000000800cad4       0x1c ./Middlewares/Third_Party/FreeRTOS/Source/tasks.o
                0x000000000800cad4                vTaskSuspendAll
 .text.xTaskResumeAll
                0x000000000800caf0      0x13c ./Middlewares/Third_Party/FreeRTOS/Source/tasks.o
                0x000000000800caf0                xTaskResumeAll
 .text.xTaskGetTickCount
                0x000000000800cc2c       0x20 ./Middlewares/Third_Party/FreeRTOS/Source/tasks.o
                0x000000000800cc2c                xTaskGetTickCount
 .text.xTaskIncrementTick
                0x000000000800cc4c      0x174 ./Middlewares/Third_Party/FreeRTOS/Source/tasks.o
                0x000000000800cc4c                xTaskIncrementTick
 .text.vTaskSwitchContext
                0x000000000800cdc0       0xc8 ./Middlewares/Third_Party/FreeRTOS/Source/tasks.o
                0x000000000800cdc0                vTaskSwitchContext
 .text.vTaskPlaceOnEventList
                0x000000000800ce88       0x48 ./Middlewares/Third_Party/FreeRTOS/Source/tasks.o
                0x000000000800ce88                vTaskPlaceOnEventList
 .text.vTaskPlaceOnEventListRestricted
                0x000000000800ced0       0x58 ./Middlewares/Third_Party/FreeRTOS/Source/tasks.o
                0x000000000800ced0                vTaskPlaceOnEventListRestricted
 .text.xTaskRemoveFromEventList
                0x000000000800cf28       0xc8 ./Middlewares/Third_Party/FreeRTOS/Source/tasks.o
                0x000000000800cf28                xTaskRemoveFromEventList
 .text.vTaskInternalSetTimeOutState
                0x000000000800cff0       0x2c ./Middlewares/Third_Party/FreeRTOS/Source/tasks.o
                0x000000000800cff0                vTaskInternalSetTimeOutState
 .text.xTaskCheckForTimeOut
                0x000000000800d01c       0xc4 ./Middlewares/Third_Party/FreeRTOS/Source/tasks.o
                0x000000000800d01c                xTaskCheckForTimeOut
 .text.vTaskMissedYield
                0x000000000800d0e0       0x18 ./Middlewares/Third_Party/FreeRTOS/Source/tasks.o
                0x000000000800d0e0                vTaskMissedYield
 .text.prvIdleTask
                0x000000000800d0f8       0x30 ./Middlewares/Third_Party/FreeRTOS/Source/tasks.o
 .text.prvInitialiseTaskLists
                0x000000000800d128       0x80 ./Middlewares/Third_Party/FreeRTOS/Source/tasks.o
 .text.prvCheckTasksWaitingTermination
                0x000000000800d1a8       0x5c ./Middlewares/Third_Party/FreeRTOS/Source/tasks.o
 .text.prvDeleteTCB
                0x000000000800d204       0x68 ./Middlewares/Third_Party/FreeRTOS/Source/tasks.o
 .text.prvResetNextTaskUnblockTime
                0x000000000800d26c       0x40 ./Middlewares/Third_Party/FreeRTOS/Source/tasks.o
 .text.xTaskGetSchedulerState
                0x000000000800d2ac       0x3c ./Middlewares/Third_Party/FreeRTOS/Source/tasks.o
                0x000000000800d2ac                xTaskGetSchedulerState
 .text.xTaskPriorityInherit
                0x000000000800d2e8       0xd0 ./Middlewares/Third_Party/FreeRTOS/Source/tasks.o
                0x000000000800d2e8                xTaskPriorityInherit
 .text.xTaskPriorityDisinherit
                0x000000000800d3b8       0xdc ./Middlewares/Third_Party/FreeRTOS/Source/tasks.o
                0x000000000800d3b8                xTaskPriorityDisinherit
 .text.vTaskPriorityDisinheritAfterTimeout
                0x000000000800d494      0x104 ./Middlewares/Third_Party/FreeRTOS/Source/tasks.o
                0x000000000800d494                vTaskPriorityDisinheritAfterTimeout
 .text.pvTaskIncrementMutexHeldCount
                0x000000000800d598       0x28 ./Middlewares/Third_Party/FreeRTOS/Source/tasks.o
                0x000000000800d598                pvTaskIncrementMutexHeldCount
 .text.prvAddCurrentTaskToDelayedList
                0x000000000800d5c0       0xa8 ./Middlewares/Third_Party/FreeRTOS/Source/tasks.o
 .text.xTimerCreateTimerTask
                0x000000000800d668       0x90 ./Middlewares/Third_Party/FreeRTOS/Source/timers.o
                0x000000000800d668                xTimerCreateTimerTask
 .text.xTimerGenericCommand
                0x000000000800d6f8       0x9c ./Middlewares/Third_Party/FreeRTOS/Source/timers.o
                0x000000000800d6f8                xTimerGenericCommand
 .text.prvProcessExpiredTimer
                0x000000000800d794       0x98 ./Middlewares/Third_Party/FreeRTOS/Source/timers.o
 .text.prvTimerTask
                0x000000000800d82c       0x24 ./Middlewares/Third_Party/FreeRTOS/Source/timers.o
 .text.prvProcessTimerOrBlockTask
                0x000000000800d850       0x9c ./Middlewares/Third_Party/FreeRTOS/Source/timers.o
 .text.prvGetNextExpireTime
                0x000000000800d8ec       0x48 ./Middlewares/Third_Party/FreeRTOS/Source/timers.o
 .text.prvSampleTimeNow
                0x000000000800d934       0x40 ./Middlewares/Third_Party/FreeRTOS/Source/timers.o
 .text.prvInsertTimerInActiveList
                0x000000000800d974       0x84 ./Middlewares/Third_Party/FreeRTOS/Source/timers.o
 .text.prvProcessReceivedCommands
                0x000000000800d9f8      0x1c4 ./Middlewares/Third_Party/FreeRTOS/Source/timers.o
 .text.prvSwitchTimerLists
                0x000000000800dbbc       0xc8 ./Middlewares/Third_Party/FreeRTOS/Source/timers.o
 .text.prvCheckForValidListAndQueue
                0x000000000800dc84       0x80 ./Middlewares/Third_Party/FreeRTOS/Source/timers.o
 .text.pxPortInitialiseStack
                0x000000000800dd04       0x68 ./Middlewares/Third_Party/FreeRTOS/Source/portable/GCC/ARM_CM4F/port.o
                0x000000000800dd04                pxPortInitialiseStack
 .text.prvTaskExitError
                0x000000000800dd6c       0x58 ./Middlewares/Third_Party/FreeRTOS/Source/portable/GCC/ARM_CM4F/port.o
 *fill*         0x000000000800ddc4        0xc 
 .text.SVC_Handler
                0x000000000800ddd0       0x28 ./Middlewares/Third_Party/FreeRTOS/Source/portable/GCC/ARM_CM4F/port.o
                0x000000000800ddd0                SVC_Handler
 .text.prvPortStartFirstTask
                0x000000000800ddf8       0x28 ./Middlewares/Third_Party/FreeRTOS/Source/portable/GCC/ARM_CM4F/port.o
 .text.xPortStartScheduler
                0x000000000800de20      0x144 ./Middlewares/Third_Party/FreeRTOS/Source/portable/GCC/ARM_CM4F/port.o
                0x000000000800de20                xPortStartScheduler
 .text.vPortEnterCritical
                0x000000000800df64       0x60 ./Middlewares/Third_Party/FreeRTOS/Source/portable/GCC/ARM_CM4F/port.o
                0x000000000800df64                vPortEnterCritical
 .text.vPortExitCritical
                0x000000000800dfc4       0x54 ./Middlewares/Third_Party/FreeRTOS/Source/portable/GCC/ARM_CM4F/port.o
                0x000000000800dfc4                vPortExitCritical
 *fill*         0x000000000800e018        0x8 
 .text.PendSV_Handler
                0x000000000800e020       0x68 ./Middlewares/Third_Party/FreeRTOS/Source/portable/GCC/ARM_CM4F/port.o
                0x000000000800e020                PendSV_Handler
 .text.xPortSysTickHandler
                0x000000000800e088       0x44 ./Middlewares/Third_Party/FreeRTOS/Source/portable/GCC/ARM_CM4F/port.o
                0x000000000800e088                xPortSysTickHandler
 .text.vPortSetupTimerInterrupt
                0x000000000800e0cc       0x48 ./Middlewares/Third_Party/FreeRTOS/Source/portable/GCC/ARM_CM4F/port.o
                0x000000000800e0cc                vPortSetupTimerInterrupt
 .text.vPortEnableVFP
                0x000000000800e114       0x14 ./Middlewares/Third_Party/FreeRTOS/Source/portable/GCC/ARM_CM4F/port.o
 .text.vPortValidateInterruptPriority
                0x000000000800e128       0x80 ./Middlewares/Third_Party/FreeRTOS/Source/portable/GCC/ARM_CM4F/port.o
                0x000000000800e128                vPortValidateInterruptPriority
 .text.pvPortMalloc
                0x000000000800e1a8      0x198 ./Middlewares/Third_Party/FreeRTOS/Source/portable/MemMang/heap_4.o
                0x000000000800e1a8                pvPortMalloc
 .text.vPortFree
                0x000000000800e340       0xc4 ./Middlewares/Third_Party/FreeRTOS/Source/portable/MemMang/heap_4.o
                0x000000000800e340                vPortFree
 .text.prvHeapInit
                0x000000000800e404       0xc4 ./Middlewares/Third_Party/FreeRTOS/Source/portable/MemMang/heap_4.o
 .text.prvInsertBlockIntoFreeList
                0x000000000800e4c8       0xb4 ./Middlewares/Third_Party/FreeRTOS/Source/portable/MemMang/heap_4.o
 .text.__errno  0x000000000800e57c        0xc c:/st/stm32cubeide_1.11.2/stm32cubeide/plugins/com.st.stm32cube.ide.mcu.externaltools.gnu-tools-for-stm32.10.3-2021.10.win32_1.0.100.202210260954/tools/bin/../lib/gcc/arm-none-eabi/10.3.1/../../../../arm-none-eabi/lib/thumb/v7e-m+dp/hard\libc_nano.a(lib_a-errno.o)
                0x000000000800e57c                __errno
 .text.__libc_init_array
                0x000000000800e588       0x48 c:/st/stm32cubeide_1.11.2/stm32cubeide/plugins/com.st.stm32cube.ide.mcu.externaltools.gnu-tools-for-stm32.10.3-2021.10.win32_1.0.100.202210260954/tools/bin/../lib/gcc/arm-none-eabi/10.3.1/../../../../arm-none-eabi/lib/thumb/v7e-m+dp/hard\libc_nano.a(lib_a-init.o)
                0x000000000800e588                __libc_init_array
 .text.__retarget_lock_acquire_recursive
                0x000000000800e5d0        0x2 c:/st/stm32cubeide_1.11.2/stm32cubeide/plugins/com.st.stm32cube.ide.mcu.externaltools.gnu-tools-for-stm32.10.3-2021.10.win32_1.0.100.202210260954/tools/bin/../lib/gcc/arm-none-eabi/10.3.1/../../../../arm-none-eabi/lib/thumb/v7e-m+dp/hard\libc_nano.a(lib_a-lock.o)
                0x000000000800e5d0                __retarget_lock_acquire_recursive
 .text.__retarget_lock_release_recursive
                0x000000000800e5d2        0x2 c:/st/stm32cubeide_1.11.2/stm32cubeide/plugins/com.st.stm32cube.ide.mcu.externaltools.gnu-tools-for-stm32.10.3-2021.10.win32_1.0.100.202210260954/tools/bin/../lib/gcc/arm-none-eabi/10.3.1/../../../../arm-none-eabi/lib/thumb/v7e-m+dp/hard\libc_nano.a(lib_a-lock.o)
                0x000000000800e5d2                __retarget_lock_release_recursive
 .text.memcpy   0x000000000800e5d4       0x1c c:/st/stm32cubeide_1.11.2/stm32cubeide/plugins/com.st.stm32cube.ide.mcu.externaltools.gnu-tools-for-stm32.10.3-2021.10.win32_1.0.100.202210260954/tools/bin/../lib/gcc/arm-none-eabi/10.3.1/../../../../arm-none-eabi/lib/thumb/v7e-m+dp/hard\libc_nano.a(lib_a-memcpy-stub.o)
                0x000000000800e5d4                memcpy
 .text.memset   0x000000000800e5f0       0x10 c:/st/stm32cubeide_1.11.2/stm32cubeide/plugins/com.st.stm32cube.ide.mcu.externaltools.gnu-tools-for-stm32.10.3-2021.10.win32_1.0.100.202210260954/tools/bin/../lib/gcc/arm-none-eabi/10.3.1/../../../../arm-none-eabi/lib/thumb/v7e-m+dp/hard\libc_nano.a(lib_a-memset.o)
                0x000000000800e5f0                memset
 .text.sbrk_aligned
                0x000000000800e600       0x40 c:/st/stm32cubeide_1.11.2/stm32cubeide/plugins/com.st.stm32cube.ide.mcu.externaltools.gnu-tools-for-stm32.10.3-2021.10.win32_1.0.100.202210260954/tools/bin/../lib/gcc/arm-none-eabi/10.3.1/../../../../arm-none-eabi/lib/thumb/v7e-m+dp/hard\libc_nano.a(lib_a-nano-mallocr.o)
 .text._malloc_r
                0x000000000800e640       0xe8 c:/st/stm32cubeide_1.11.2/stm32cubeide/plugins/com.st.stm32cube.ide.mcu.externaltools.gnu-tools-for-stm32.10.3-2021.10.win32_1.0.100.202210260954/tools/bin/../lib/gcc/arm-none-eabi/10.3.1/../../../../arm-none-eabi/lib/thumb/v7e-m+dp/hard\libc_nano.a(lib_a-nano-mallocr.o)
                0x000000000800e640                _malloc_r
 .text.cleanup_glue
                0x000000000800e728       0x1a c:/st/stm32cubeide_1.11.2/stm32cubeide/plugins/com.st.stm32cube.ide.mcu.externaltools.gnu-tools-for-stm32.10.3-2021.10.win32_1.0.100.202210260954/tools/bin/../lib/gcc/arm-none-eabi/10.3.1/../../../../arm-none-eabi/lib/thumb/v7e-m+dp/hard\libc_nano.a(lib_a-reent.o)
                0x000000000800e728                cleanup_glue
 *fill*         0x000000000800e742        0x2 
 .text._reclaim_reent
                0x000000000800e744       0xb8 c:/st/stm32cubeide_1.11.2/stm32cubeide/plugins/com.st.stm32cube.ide.mcu.externaltools.gnu-tools-for-stm32.10.3-2021.10.win32_1.0.100.202210260954/tools/bin/../lib/gcc/arm-none-eabi/10.3.1/../../../../arm-none-eabi/lib/thumb/v7e-m+dp/hard\libc_nano.a(lib_a-reent.o)
                0x000000000800e744                _reclaim_reent
 .text._sbrk_r  0x000000000800e7fc       0x20 c:/st/stm32cubeide_1.11.2/stm32cubeide/plugins/com.st.stm32cube.ide.mcu.externaltools.gnu-tools-for-stm32.10.3-2021.10.win32_1.0.100.202210260954/tools/bin/../lib/gcc/arm-none-eabi/10.3.1/../../../../arm-none-eabi/lib/thumb/v7e-m+dp/hard\libc_nano.a(lib_a-sbrkr.o)
                0x000000000800e7fc                _sbrk_r
 .text.sprintf  0x000000000800e81c       0x40 c:/st/stm32cubeide_1.11.2/stm32cubeide/plugins/com.st.stm32cube.ide.mcu.externaltools.gnu-tools-for-stm32.10.3-2021.10.win32_1.0.100.202210260954/tools/bin/../lib/gcc/arm-none-eabi/10.3.1/../../../../arm-none-eabi/lib/thumb/v7e-m+dp/hard\libc_nano.a(lib_a-sprintf.o)
                0x000000000800e81c                siprintf
                0x000000000800e81c                sprintf
 .text.__malloc_lock
                0x000000000800e85c        0xc c:/st/stm32cubeide_1.11.2/stm32cubeide/plugins/com.st.stm32cube.ide.mcu.externaltools.gnu-tools-for-stm32.10.3-2021.10.win32_1.0.100.202210260954/tools/bin/../lib/gcc/arm-none-eabi/10.3.1/../../../../arm-none-eabi/lib/thumb/v7e-m+dp/hard\libc_nano.a(lib_a-mlock.o)
                0x000000000800e85c                __malloc_lock
 .text.__malloc_unlock
                0x000000000800e868        0xc c:/st/stm32cubeide_1.11.2/stm32cubeide/plugins/com.st.stm32cube.ide.mcu.externaltools.gnu-tools-for-stm32.10.3-2021.10.win32_1.0.100.202210260954/tools/bin/../lib/gcc/arm-none-eabi/10.3.1/../../../../arm-none-eabi/lib/thumb/v7e-m+dp/hard\libc_nano.a(lib_a-mlock.o)
                0x000000000800e868                __malloc_unlock
 .text._free_r  0x000000000800e874       0x98 c:/st/stm32cubeide_1.11.2/stm32cubeide/plugins/com.st.stm32cube.ide.mcu.externaltools.gnu-tools-for-stm32.10.3-2021.10.win32_1.0.100.202210260954/tools/bin/../lib/gcc/arm-none-eabi/10.3.1/../../../../arm-none-eabi/lib/thumb/v7e-m+dp/hard\libc_nano.a(lib_a-nano-freer.o)
                0x000000000800e874                _free_r
 .text.__ssputs_r
                0x000000000800e90c       0xb6 c:/st/stm32cubeide_1.11.2/stm32cubeide/plugins/com.st.stm32cube.ide.mcu.externaltools.gnu-tools-for-stm32.10.3-2021.10.win32_1.0.100.202210260954/tools/bin/../lib/gcc/arm-none-eabi/10.3.1/../../../../arm-none-eabi/lib/thumb/v7e-m+dp/hard\libc_nano.a(lib_a-nano-svfprintf.o)
                0x000000000800e90c                __ssputs_r
 *fill*         0x000000000800e9c2        0x2 
 .text._svfprintf_r
                0x000000000800e9c4      0x200 c:/st/stm32cubeide_1.11.2/stm32cubeide/plugins/com.st.stm32cube.ide.mcu.externaltools.gnu-tools-for-stm32.10.3-2021.10.win32_1.0.100.202210260954/tools/bin/../lib/gcc/arm-none-eabi/10.3.1/../../../../arm-none-eabi/lib/thumb/v7e-m+dp/hard\libc_nano.a(lib_a-nano-svfprintf.o)
                0x000000000800e9c4                _svfiprintf_r
                0x000000000800e9c4                _svfprintf_r
 .text._printf_common
                0x000000000800ebc4       0xda c:/st/stm32cubeide_1.11.2/stm32cubeide/plugins/com.st.stm32cube.ide.mcu.externaltools.gnu-tools-for-stm32.10.3-2021.10.win32_1.0.100.202210260954/tools/bin/../lib/gcc/arm-none-eabi/10.3.1/../../../../arm-none-eabi/lib/thumb/v7e-m+dp/hard\libc_nano.a(lib_a-nano-vfprintf_i.o)
                0x000000000800ebc4                _printf_common
 *fill*         0x000000000800ec9e        0x2 
 .text._printf_i
                0x000000000800eca0      0x24c c:/st/stm32cubeide_1.11.2/stm32cubeide/plugins/com.st.stm32cube.ide.mcu.externaltools.gnu-tools-for-stm32.10.3-2021.10.win32_1.0.100.202210260954/tools/bin/../lib/gcc/arm-none-eabi/10.3.1/../../../../arm-none-eabi/lib/thumb/v7e-m+dp/hard\libc_nano.a(lib_a-nano-vfprintf_i.o)
                0x000000000800eca0                _printf_i
 .text.memmove  0x000000000800eeec       0x34 c:/st/stm32cubeide_1.11.2/stm32cubeide/plugins/com.st.stm32cube.ide.mcu.externaltools.gnu-tools-for-stm32.10.3-2021.10.win32_1.0.100.202210260954/tools/bin/../lib/gcc/arm-none-eabi/10.3.1/../../../../arm-none-eabi/lib/thumb/v7e-m+dp/hard\libc_nano.a(lib_a-memmove.o)
                0x000000000800eeec                memmove
 .text._realloc_r
                0x000000000800ef20       0x5e c:/st/stm32cubeide_1.11.2/stm32cubeide/plugins/com.st.stm32cube.ide.mcu.externaltools.gnu-tools-for-stm32.10.3-2021.10.win32_1.0.100.202210260954/tools/bin/../lib/gcc/arm-none-eabi/10.3.1/../../../../arm-none-eabi/lib/thumb/v7e-m+dp/hard\libc_nano.a(lib_a-nano-reallocr.o)
                0x000000000800ef20                _realloc_r
 .text._malloc_usable_size_r
                0x000000000800ef7e       0x10 c:/st/stm32cubeide_1.11.2/stm32cubeide/plugins/com.st.stm32cube.ide.mcu.externaltools.gnu-tools-for-stm32.10.3-2021.10.win32_1.0.100.202210260954/tools/bin/../lib/gcc/arm-none-eabi/10.3.1/../../../../arm-none-eabi/lib/thumb/v7e-m+dp/hard\libc_nano.a(lib_a-nano-msizer.o)
                0x000000000800ef7e                _malloc_usable_size_r
 *fill*         0x000000000800ef8e        0x2 
 .text.floor    0x000000000800ef90       0xe8 c:/st/stm32cubeide_1.11.2/stm32cubeide/plugins/com.st.stm32cube.ide.mcu.externaltools.gnu-tools-for-stm32.10.3-2021.10.win32_1.0.100.202210260954/tools/bin/../lib/gcc/arm-none-eabi/10.3.1/../../../../arm-none-eabi/lib/thumb/v7e-m+dp/hard\libm.a(lib_a-s_floor.o)
                0x000000000800ef90                floor
 *(.glue_7)
 .glue_7        0x000000000800f078        0x0 linker stubs
 *(.glue_7t)
 .glue_7t       0x000000000800f078        0x0 linker stubs
 *(.eh_frame)
 .eh_frame      0x000000000800f078        0x0 c:/st/stm32cubeide_1.11.2/stm32cubeide/plugins/com.st.stm32cube.ide.mcu.externaltools.gnu-tools-for-stm32.10.3-2021.10.win32_1.0.100.202210260954/tools/bin/../lib/gcc/arm-none-eabi/10.3.1/thumb/v7e-m+dp/hard/crtbegin.o
 *(.init)
 .init          0x000000000800f078        0x4 c:/st/stm32cubeide_1.11.2/stm32cubeide/plugins/com.st.stm32cube.ide.mcu.externaltools.gnu-tools-for-stm32.10.3-2021.10.win32_1.0.100.202210260954/tools/bin/../lib/gcc/arm-none-eabi/10.3.1/thumb/v7e-m+dp/hard/crti.o
                0x000000000800f078                _init
 .init          0x000000000800f07c        0x8 c:/st/stm32cubeide_1.11.2/stm32cubeide/plugins/com.st.stm32cube.ide.mcu.externaltools.gnu-tools-for-stm32.10.3-2021.10.win32_1.0.100.202210260954/tools/bin/../lib/gcc/arm-none-eabi/10.3.1/thumb/v7e-m+dp/hard/crtn.o
 *(.fini)
 .fini          0x000000000800f084        0x4 c:/st/stm32cubeide_1.11.2/stm32cubeide/plugins/com.st.stm32cube.ide.mcu.externaltools.gnu-tools-for-stm32.10.3-2021.10.win32_1.0.100.202210260954/tools/bin/../lib/gcc/arm-none-eabi/10.3.1/thumb/v7e-m+dp/hard/crti.o
                0x000000000800f084                _fini
 .fini          0x000000000800f088        0x8 c:/st/stm32cubeide_1.11.2/stm32cubeide/plugins/com.st.stm32cube.ide.mcu.externaltools.gnu-tools-for-stm32.10.3-2021.10.win32_1.0.100.202210260954/tools/bin/../lib/gcc/arm-none-eabi/10.3.1/thumb/v7e-m+dp/hard/crtn.o
                0x000000000800f090                . = ALIGN (0x4)
                0x000000000800f090                _etext = .

.vfp11_veneer   0x000000000800f090        0x0
 .vfp11_veneer  0x000000000800f090        0x0 linker stubs

.v4_bx          0x000000000800f090        0x0
 .v4_bx         0x000000000800f090        0x0 linker stubs

.iplt           0x000000000800f090        0x0
 .iplt          0x000000000800f090        0x0 c:/st/stm32cubeide_1.11.2/stm32cubeide/plugins/com.st.stm32cube.ide.mcu.externaltools.gnu-tools-for-stm32.10.3-2021.10.win32_1.0.100.202210260954/tools/bin/../lib/gcc/arm-none-eabi/10.3.1/thumb/v7e-m+dp/hard/crtbegin.o

.rodata         0x000000000800f090      0x23c
                0x000000000800f090                . = ALIGN (0x4)
 *(.rodata)
 .rodata        0x000000000800f090       0x80 ./Core/Src/main.o
 .rodata        0x000000000800f110        0x5 ./Middlewares/Third_Party/FreeRTOS/Source/tasks.o
 *fill*         0x000000000800f115        0x3 
 .rodata        0x000000000800f118        0xd ./Middlewares/Third_Party/FreeRTOS/Source/timers.o
 *(.rodata*)
 *fill*         0x000000000800f125        0x3 
 .rodata.defaultTask_attributes
                0x000000000800f128       0x24 ./Core/Src/main.o
                0x000000000800f128                defaultTask_attributes
 .rodata.parsingTask_attributes
                0x000000000800f14c       0x24 ./Core/Src/main.o
                0x000000000800f14c                parsingTask_attributes
 .rodata.armTask_attributes
                0x000000000800f170       0x24 ./Core/Src/main.o
                0x000000000800f170                armTask_attributes
 .rodata.gripperTask_attributes
                0x000000000800f194       0x24 ./Core/Src/main.o
                0x000000000800f194                gripperTask_attributes
 .rodata.step1Task_attributes
                0x000000000800f1b8       0x24 ./Core/Src/main.o
                0x000000000800f1b8                step1Task_attributes
 .rodata.step2Task_attributes
                0x000000000800f1dc       0x24 ./Core/Src/main.o
                0x000000000800f1dc                step2Task_attributes
 .rodata.D1CorePrescTable
                0x000000000800f200       0x10 ./Core/Src/system_stm32h7xx.o
                0x000000000800f200                D1CorePrescTable
 .rodata.UARTPrescTable
                0x000000000800f210       0x18 ./Drivers/STM32H7xx_HAL_Driver/Src/stm32h7xx_hal_uart.o
                0x000000000800f210                UARTPrescTable
 .rodata.numerator.1
                0x000000000800f228        0x8 ./Drivers/STM32H7xx_HAL_Driver/Src/stm32h7xx_hal_uart_ex.o
 .rodata.denominator.0
                0x000000000800f230        0x8 ./Drivers/STM32H7xx_HAL_Driver/Src/stm32h7xx_hal_uart_ex.o
 .rodata.__sf_fake_stderr
                0x000000000800f238       0x20 c:/st/stm32cubeide_1.11.2/stm32cubeide/plugins/com.st.stm32cube.ide.mcu.externaltools.gnu-tools-for-stm32.10.3-2021.10.win32_1.0.100.202210260954/tools/bin/../lib/gcc/arm-none-eabi/10.3.1/../../../../arm-none-eabi/lib/thumb/v7e-m+dp/hard\libc_nano.a(lib_a-findfp.o)
                0x000000000800f238                __sf_fake_stderr
 .rodata.__sf_fake_stdin
                0x000000000800f258       0x20 c:/st/stm32cubeide_1.11.2/stm32cubeide/plugins/com.st.stm32cube.ide.mcu.externaltools.gnu-tools-for-stm32.10.3-2021.10.win32_1.0.100.202210260954/tools/bin/../lib/gcc/arm-none-eabi/10.3.1/../../../../arm-none-eabi/lib/thumb/v7e-m+dp/hard\libc_nano.a(lib_a-findfp.o)
                0x000000000800f258                __sf_fake_stdin
 .rodata.__sf_fake_stdout
                0x000000000800f278       0x20 c:/st/stm32cubeide_1.11.2/stm32cubeide/plugins/com.st.stm32cube.ide.mcu.externaltools.gnu-tools-for-stm32.10.3-2021.10.win32_1.0.100.202210260954/tools/bin/../lib/gcc/arm-none-eabi/10.3.1/../../../../arm-none-eabi/lib/thumb/v7e-m+dp/hard\libc_nano.a(lib_a-findfp.o)
                0x000000000800f278                __sf_fake_stdout
 .rodata._svfprintf_r.str1.1
                0x000000000800f298       0x11 c:/st/stm32cubeide_1.11.2/stm32cubeide/plugins/com.st.stm32cube.ide.mcu.externaltools.gnu-tools-for-stm32.10.3-2021.10.win32_1.0.100.202210260954/tools/bin/../lib/gcc/arm-none-eabi/10.3.1/../../../../arm-none-eabi/lib/thumb/v7e-m+dp/hard\libc_nano.a(lib_a-nano-svfprintf.o)
 .rodata._printf_i.str1.1
                0x000000000800f2a9       0x22 c:/st/stm32cubeide_1.11.2/stm32cubeide/plugins/com.st.stm32cube.ide.mcu.externaltools.gnu-tools-for-stm32.10.3-2021.10.win32_1.0.100.202210260954/tools/bin/../lib/gcc/arm-none-eabi/10.3.1/../../../../arm-none-eabi/lib/thumb/v7e-m+dp/hard\libc_nano.a(lib_a-nano-vfprintf_i.o)
                0x000000000800f2cc                . = ALIGN (0x4)
 *fill*         0x000000000800f2cb        0x1 

.ARM.extab
 *(.ARM.extab* .gnu.linkonce.armextab.*)

.ARM            0x000000000800f2cc        0x8
                0x000000000800f2cc                __exidx_start = .
 *(.ARM.exidx*)
 .ARM.exidx     0x000000000800f2cc        0x8 c:/st/stm32cubeide_1.11.2/stm32cubeide/plugins/com.st.stm32cube.ide.mcu.externaltools.gnu-tools-for-stm32.10.3-2021.10.win32_1.0.100.202210260954/tools/bin/../lib/gcc/arm-none-eabi/10.3.1/thumb/v7e-m+dp/hard\libgcc.a(_udivmoddi4.o)
                0x000000000800f2d4                __exidx_end = .

.rel.dyn        0x000000000800f2d4        0x0
 .rel.iplt      0x000000000800f2d4        0x0 c:/st/stm32cubeide_1.11.2/stm32cubeide/plugins/com.st.stm32cube.ide.mcu.externaltools.gnu-tools-for-stm32.10.3-2021.10.win32_1.0.100.202210260954/tools/bin/../lib/gcc/arm-none-eabi/10.3.1/thumb/v7e-m+dp/hard/crtbegin.o

.preinit_array  0x000000000800f2d4        0x0
                0x000000000800f2d4                PROVIDE (__preinit_array_start = .)
 *(.preinit_array*)
                0x000000000800f2d4                PROVIDE (__preinit_array_end = .)

.init_array     0x000000000800f2d4        0x4
                0x000000000800f2d4                PROVIDE (__init_array_start = .)
 *(SORT_BY_NAME(.init_array.*))
 *(.init_array*)
 .init_array    0x000000000800f2d4        0x4 c:/st/stm32cubeide_1.11.2/stm32cubeide/plugins/com.st.stm32cube.ide.mcu.externaltools.gnu-tools-for-stm32.10.3-2021.10.win32_1.0.100.202210260954/tools/bin/../lib/gcc/arm-none-eabi/10.3.1/thumb/v7e-m+dp/hard/crtbegin.o
                0x000000000800f2d8                PROVIDE (__init_array_end = .)

.fini_array     0x000000000800f2d8        0x4
                [!provide]                        PROVIDE (__fini_array_start = .)
 *(SORT_BY_NAME(.fini_array.*))
 *(.fini_array*)
 .fini_array    0x000000000800f2d8        0x4 c:/st/stm32cubeide_1.11.2/stm32cubeide/plugins/com.st.stm32cube.ide.mcu.externaltools.gnu-tools-for-stm32.10.3-2021.10.win32_1.0.100.202210260954/tools/bin/../lib/gcc/arm-none-eabi/10.3.1/thumb/v7e-m+dp/hard/crtbegin.o
                [!provide]                        PROVIDE (__fini_array_end = .)
                0x000000000800f2dc                _sidata = LOADADDR (.data)

.data           0x0000000024000000       0x78 load address 0x000000000800f2dc
                0x0000000024000000                . = ALIGN (0x4)
                0x0000000024000000                _sdata = .
 *(.data)
 *(.data*)
 .data.SystemCoreClock
                0x0000000024000000        0x4 ./Core/Src/system_stm32h7xx.o
                0x0000000024000000                SystemCoreClock
 .data.SystemD2Clock
                0x0000000024000004        0x4 ./Core/Src/system_stm32h7xx.o
                0x0000000024000004                SystemD2Clock
 .data.uwTickPrio
                0x0000000024000008        0x4 ./Drivers/STM32H7xx_HAL_Driver/Src/stm32h7xx_hal.o
                0x0000000024000008                uwTickPrio
 .data.uwTickFreq
                0x000000002400000c        0x1 ./Drivers/STM32H7xx_HAL_Driver/Src/stm32h7xx_hal.o
                0x000000002400000c                uwTickFreq
 *fill*         0x000000002400000d        0x3 
 .data.uxCriticalNesting
                0x0000000024000010        0x4 ./Middlewares/Third_Party/FreeRTOS/Source/portable/GCC/ARM_CM4F/port.o
 .data._impure_ptr
                0x0000000024000014        0x4 c:/st/stm32cubeide_1.11.2/stm32cubeide/plugins/com.st.stm32cube.ide.mcu.externaltools.gnu-tools-for-stm32.10.3-2021.10.win32_1.0.100.202210260954/tools/bin/../lib/gcc/arm-none-eabi/10.3.1/../../../../arm-none-eabi/lib/thumb/v7e-m+dp/hard\libc_nano.a(lib_a-impure.o)
                0x0000000024000014                _impure_ptr
 .data.impure_data
                0x0000000024000018       0x60 c:/st/stm32cubeide_1.11.2/stm32cubeide/plugins/com.st.stm32cube.ide.mcu.externaltools.gnu-tools-for-stm32.10.3-2021.10.win32_1.0.100.202210260954/tools/bin/../lib/gcc/arm-none-eabi/10.3.1/../../../../arm-none-eabi/lib/thumb/v7e-m+dp/hard\libc_nano.a(lib_a-impure.o)
 *(.RamFunc)
 *(.RamFunc*)
                0x0000000024000078                . = ALIGN (0x4)
                0x0000000024000078                _edata = .

.igot.plt       0x0000000024000078        0x0 load address 0x000000000800f354
 .igot.plt      0x0000000024000078        0x0 c:/st/stm32cubeide_1.11.2/stm32cubeide/plugins/com.st.stm32cube.ide.mcu.externaltools.gnu-tools-for-stm32.10.3-2021.10.win32_1.0.100.202210260954/tools/bin/../lib/gcc/arm-none-eabi/10.3.1/thumb/v7e-m+dp/hard/crtbegin.o

.RxDecripSection
                0x0000000024000078       0x60 load address 0x000000000800f354
 .RxDecripSection
                0x0000000024000078       0x60 ./Core/Src/main.o
                0x0000000024000078                DMARxDscrTab

.TxDecripSection
                0x00000000240000d8       0x60 load address 0x000000000800f3b4
 .TxDecripSection
                0x00000000240000d8       0x60 ./Core/Src/main.o
                0x00000000240000d8                DMATxDscrTab
                0x0000000024000138                . = ALIGN (0x4)

.bss            0x0000000024000138     0x4e28 load address 0x000000000800f414
                0x0000000024000138                _sbss = .
                0x0000000024000138                __bss_start__ = _sbss
 *(.bss)
 .bss           0x0000000024000138       0x1c c:/st/stm32cubeide_1.11.2/stm32cubeide/plugins/com.st.stm32cube.ide.mcu.externaltools.gnu-tools-for-stm32.10.3-2021.10.win32_1.0.100.202210260954/tools/bin/../lib/gcc/arm-none-eabi/10.3.1/thumb/v7e-m+dp/hard/crtbegin.o
 *(.bss*)
 .bss.TxConfig  0x0000000024000154       0x38 ./Core/Src/main.o
                0x0000000024000154                TxConfig
 .bss.heth      0x000000002400018c       0xb0 ./Core/Src/main.o
                0x000000002400018c                heth
 .bss.hi2c1     0x000000002400023c       0x54 ./Core/Src/main.o
                0x000000002400023c                hi2c1
 .bss.htim1     0x0000000024000290       0x4c ./Core/Src/main.o
                0x0000000024000290                htim1
 .bss.htim3     0x00000000240002dc       0x4c ./Core/Src/main.o
                0x00000000240002dc                htim3
 .bss.htim4     0x0000000024000328       0x4c ./Core/Src/main.o
                0x0000000024000328                htim4
 .bss.huart2    0x0000000024000374       0x94 ./Core/Src/main.o
                0x0000000024000374                huart2
 .bss.huart3    0x0000000024000408       0x94 ./Core/Src/main.o
                0x0000000024000408                huart3
 .bss.defaultTaskHandle
                0x000000002400049c        0x4 ./Core/Src/main.o
                0x000000002400049c                defaultTaskHandle
 .bss.parsingTaskHandle
                0x00000000240004a0        0x4 ./Core/Src/main.o
                0x00000000240004a0                parsingTaskHandle
 .bss.armTaskHandle
                0x00000000240004a4        0x4 ./Core/Src/main.o
                0x00000000240004a4                armTaskHandle
 .bss.gripperTaskHandle
                0x00000000240004a8        0x4 ./Core/Src/main.o
                0x00000000240004a8                gripperTaskHandle
 .bss.step1TaskHandle
                0x00000000240004ac        0x4 ./Core/Src/main.o
                0x00000000240004ac                step1TaskHandle
 .bss.step2TaskHandle
                0x00000000240004b0        0x4 ./Core/Src/main.o
                0x00000000240004b0                step2TaskHandle
 .bss.armTaskSemaphore
                0x00000000240004b4        0x4 ./Core/Src/main.o
                0x00000000240004b4                armTaskSemaphore
 .bss.stepperTask1Semaphore
                0x00000000240004b8        0x4 ./Core/Src/main.o
                0x00000000240004b8                stepperTask1Semaphore
 .bss.stepperTask2Semaphore
                0x00000000240004bc        0x4 ./Core/Src/main.o
                0x00000000240004bc                stepperTask2Semaphore
 .bss.uartRxBuffer
                0x00000000240004c0       0x1e ./Core/Src/main.o
                0x00000000240004c0                uartRxBuffer
 *fill*         0x00000000240004de        0x2 
 .bss.MACAddr.0
                0x00000000240004e0        0x6 ./Core/Src/main.o
 *fill*         0x00000000240004e6        0x2 
 .bss.pca9685_i2c
                0x00000000240004e8        0x4 ./Core/Src/pca9685.o
                0x00000000240004e8                pca9685_i2c
 .bss.htim6     0x00000000240004ec       0x4c ./Core/Src/stm32h7xx_hal_timebase_tim.o
                0x00000000240004ec                htim6
 .bss.__sbrk_heap_end
                0x0000000024000538        0x4 ./Core/Src/sysmem.o
 .bss.uwTick    0x000000002400053c        0x4 ./Drivers/STM32H7xx_HAL_Driver/Src/stm32h7xx_hal.o
                0x000000002400053c                uwTick
 .bss.KernelState
                0x0000000024000540        0x4 ./Middlewares/Third_Party/FreeRTOS/Source/CMSIS_RTOS_V2/cmsis_os2.o
 .bss.Idle_TCB.3
                0x0000000024000544       0xbc ./Middlewares/Third_Party/FreeRTOS/Source/CMSIS_RTOS_V2/cmsis_os2.o
 .bss.Idle_Stack.2
                0x0000000024000600      0x200 ./Middlewares/Third_Party/FreeRTOS/Source/CMSIS_RTOS_V2/cmsis_os2.o
 .bss.Timer_TCB.1
                0x0000000024000800       0xbc ./Middlewares/Third_Party/FreeRTOS/Source/CMSIS_RTOS_V2/cmsis_os2.o
 .bss.Timer_Stack.0
                0x00000000240008bc      0x400 ./Middlewares/Third_Party/FreeRTOS/Source/CMSIS_RTOS_V2/cmsis_os2.o
 .bss.xQueueRegistry
                0x0000000024000cbc       0x40 ./Middlewares/Third_Party/FreeRTOS/Source/queue.o
                0x0000000024000cbc                xQueueRegistry
 .bss.pxCurrentTCB
                0x0000000024000cfc        0x4 ./Middlewares/Third_Party/FreeRTOS/Source/tasks.o
                0x0000000024000cfc                pxCurrentTCB
 .bss.pxReadyTasksLists
                0x0000000024000d00      0x460 ./Middlewares/Third_Party/FreeRTOS/Source/tasks.o
 .bss.xDelayedTaskList1
                0x0000000024001160       0x14 ./Middlewares/Third_Party/FreeRTOS/Source/tasks.o
 .bss.xDelayedTaskList2
                0x0000000024001174       0x14 ./Middlewares/Third_Party/FreeRTOS/Source/tasks.o
 .bss.pxDelayedTaskList
                0x0000000024001188        0x4 ./Middlewares/Third_Party/FreeRTOS/Source/tasks.o
 .bss.pxOverflowDelayedTaskList
                0x000000002400118c        0x4 ./Middlewares/Third_Party/FreeRTOS/Source/tasks.o
 .bss.xPendingReadyList
                0x0000000024001190       0x14 ./Middlewares/Third_Party/FreeRTOS/Source/tasks.o
 .bss.xTasksWaitingTermination
                0x00000000240011a4       0x14 ./Middlewares/Third_Party/FreeRTOS/Source/tasks.o
 .bss.uxDeletedTasksWaitingCleanUp
                0x00000000240011b8        0x4 ./Middlewares/Third_Party/FreeRTOS/Source/tasks.o
 .bss.xSuspendedTaskList
                0x00000000240011bc       0x14 ./Middlewares/Third_Party/FreeRTOS/Source/tasks.o
 .bss.uxCurrentNumberOfTasks
                0x00000000240011d0        0x4 ./Middlewares/Third_Party/FreeRTOS/Source/tasks.o
 .bss.xTickCount
                0x00000000240011d4        0x4 ./Middlewares/Third_Party/FreeRTOS/Source/tasks.o
 .bss.uxTopReadyPriority
                0x00000000240011d8        0x4 ./Middlewares/Third_Party/FreeRTOS/Source/tasks.o
 .bss.xSchedulerRunning
                0x00000000240011dc        0x4 ./Middlewares/Third_Party/FreeRTOS/Source/tasks.o
 .bss.xPendedTicks
                0x00000000240011e0        0x4 ./Middlewares/Third_Party/FreeRTOS/Source/tasks.o
 .bss.xYieldPending
                0x00000000240011e4        0x4 ./Middlewares/Third_Party/FreeRTOS/Source/tasks.o
 .bss.xNumOfOverflows
                0x00000000240011e8        0x4 ./Middlewares/Third_Party/FreeRTOS/Source/tasks.o
 .bss.uxTaskNumber
                0x00000000240011ec        0x4 ./Middlewares/Third_Party/FreeRTOS/Source/tasks.o
 .bss.xNextTaskUnblockTime
                0x00000000240011f0        0x4 ./Middlewares/Third_Party/FreeRTOS/Source/tasks.o
 .bss.xIdleTaskHandle
                0x00000000240011f4        0x4 ./Middlewares/Third_Party/FreeRTOS/Source/tasks.o
 .bss.uxSchedulerSuspended
                0x00000000240011f8        0x4 ./Middlewares/Third_Party/FreeRTOS/Source/tasks.o
 .bss.xActiveTimerList1
                0x00000000240011fc       0x14 ./Middlewares/Third_Party/FreeRTOS/Source/timers.o
 .bss.xActiveTimerList2
                0x0000000024001210       0x14 ./Middlewares/Third_Party/FreeRTOS/Source/timers.o
 .bss.pxCurrentTimerList
                0x0000000024001224        0x4 ./Middlewares/Third_Party/FreeRTOS/Source/timers.o
 .bss.pxOverflowTimerList
                0x0000000024001228        0x4 ./Middlewares/Third_Party/FreeRTOS/Source/timers.o
 .bss.xTimerQueue
                0x000000002400122c        0x4 ./Middlewares/Third_Party/FreeRTOS/Source/timers.o
 .bss.xTimerTaskHandle
                0x0000000024001230        0x4 ./Middlewares/Third_Party/FreeRTOS/Source/timers.o
 .bss.xLastTime.2
                0x0000000024001234        0x4 ./Middlewares/Third_Party/FreeRTOS/Source/timers.o
 .bss.ucStaticTimerQueueStorage.1
                0x0000000024001238       0xa0 ./Middlewares/Third_Party/FreeRTOS/Source/timers.o
 .bss.xStaticTimerQueue.0
                0x00000000240012d8       0x50 ./Middlewares/Third_Party/FreeRTOS/Source/timers.o
 .bss.ucMaxSysCallPriority
                0x0000000024001328        0x1 ./Middlewares/Third_Party/FreeRTOS/Source/portable/GCC/ARM_CM4F/port.o
 *fill*         0x0000000024001329        0x3 
 .bss.ulMaxPRIGROUPValue
                0x000000002400132c        0x4 ./Middlewares/Third_Party/FreeRTOS/Source/portable/GCC/ARM_CM4F/port.o
 .bss.ucHeap    0x0000000024001330     0x3c00 ./Middlewares/Third_Party/FreeRTOS/Source/portable/MemMang/heap_4.o
 .bss.xStart    0x0000000024004f30        0x8 ./Middlewares/Third_Party/FreeRTOS/Source/portable/MemMang/heap_4.o
 .bss.pxEnd     0x0000000024004f38        0x4 ./Middlewares/Third_Party/FreeRTOS/Source/portable/MemMang/heap_4.o
 .bss.xFreeBytesRemaining
                0x0000000024004f3c        0x4 ./Middlewares/Third_Party/FreeRTOS/Source/portable/MemMang/heap_4.o
 .bss.xMinimumEverFreeBytesRemaining
                0x0000000024004f40        0x4 ./Middlewares/Third_Party/FreeRTOS/Source/portable/MemMang/heap_4.o
 .bss.xNumberOfSuccessfulAllocations
                0x0000000024004f44        0x4 ./Middlewares/Third_Party/FreeRTOS/Source/portable/MemMang/heap_4.o
 .bss.xNumberOfSuccessfulFrees
                0x0000000024004f48        0x4 ./Middlewares/Third_Party/FreeRTOS/Source/portable/MemMang/heap_4.o
 .bss.xBlockAllocatedBit
                0x0000000024004f4c        0x4 ./Middlewares/Third_Party/FreeRTOS/Source/portable/MemMang/heap_4.o
 .bss.__lock___malloc_recursive_mutex
                0x0000000024004f50        0x1 c:/st/stm32cubeide_1.11.2/stm32cubeide/plugins/com.st.stm32cube.ide.mcu.externaltools.gnu-tools-for-stm32.10.3-2021.10.win32_1.0.100.202210260954/tools/bin/../lib/gcc/arm-none-eabi/10.3.1/../../../../arm-none-eabi/lib/thumb/v7e-m+dp/hard\libc_nano.a(lib_a-lock.o)
                0x0000000024004f50                __lock___malloc_recursive_mutex
 *fill*         0x0000000024004f51        0x3 
 .bss.__malloc_free_list
                0x0000000024004f54        0x4 c:/st/stm32cubeide_1.11.2/stm32cubeide/plugins/com.st.stm32cube.ide.mcu.externaltools.gnu-tools-for-stm32.10.3-2021.10.win32_1.0.100.202210260954/tools/bin/../lib/gcc/arm-none-eabi/10.3.1/../../../../arm-none-eabi/lib/thumb/v7e-m+dp/hard\libc_nano.a(lib_a-nano-mallocr.o)
                0x0000000024004f54                __malloc_free_list
 .bss.__malloc_sbrk_start
                0x0000000024004f58        0x4 c:/st/stm32cubeide_1.11.2/stm32cubeide/plugins/com.st.stm32cube.ide.mcu.externaltools.gnu-tools-for-stm32.10.3-2021.10.win32_1.0.100.202210260954/tools/bin/../lib/gcc/arm-none-eabi/10.3.1/../../../../arm-none-eabi/lib/thumb/v7e-m+dp/hard\libc_nano.a(lib_a-nano-mallocr.o)
                0x0000000024004f58                __malloc_sbrk_start
 .bss.errno     0x0000000024004f5c        0x4 c:/st/stm32cubeide_1.11.2/stm32cubeide/plugins/com.st.stm32cube.ide.mcu.externaltools.gnu-tools-for-stm32.10.3-2021.10.win32_1.0.100.202210260954/tools/bin/../lib/gcc/arm-none-eabi/10.3.1/../../../../arm-none-eabi/lib/thumb/v7e-m+dp/hard\libc_nano.a(lib_a-reent.o)
                0x0000000024004f5c                errno
 *(COMMON)
                0x0000000024004f60                . = ALIGN (0x4)
                0x0000000024004f60                _ebss = .
                0x0000000024004f60                __bss_end__ = _ebss

._user_heap_stack
                0x0000000024004f60      0x600 load address 0x000000000800f414
                0x0000000024004f60                . = ALIGN (0x8)
                [!provide]                        PROVIDE (end = .)
                0x0000000024004f60                PROVIDE (_end = .)
                0x0000000024005160                . = (. + _Min_Heap_Size)
 *fill*         0x0000000024004f60      0x200 
                0x0000000024005560                . = (. + _Min_Stack_Size)
 *fill*         0x0000000024005160      0x400 
                0x0000000024005560                . = ALIGN (0x8)

/DISCARD/
 libc.a(*)
 libm.a(*)
 libgcc.a(*)

.ARM.attributes
                0x0000000000000000       0x2e
 *(.ARM.attributes)
 .ARM.attributes