Archive member included to satisfy reference by file (symbol)

c:/st/stm32cubeide_1.11.2/stm32cubeide/plugins/com.st.stm32cube.ide.mcu.externaltools.gnu-tools-for-stm32.10.3-2021.10.win32_1.0.100.202210260954/tools/bin/../lib/gcc/arm-none-eabi/10.3.1/../../../../arm-none-eabi/lib/thumb/v7e-m+dp/hard\libc_nano.a(lib_a-errno.o)
                              ./Core/Src/syscalls.o (__errno)
c:/st/stm32cubeide_1.11.2/stm32cubeide/plugins/com.st.stm32cube.ide.mcu.externaltools.gnu-tools-for-stm32.10.3-2021.10.win32_1.0.100.202210260954/tools/bin/../lib/gcc/arm-none-eabi/10.3.1/../../../../arm-none-eabi/lib/thumb/v7e-m+dp/hard\libc_nano.a(lib_a-exit.o)
                              c:/st/stm32cubeide_1.11.2/stm32cubeide/plugins/com.st.stm32cube.ide.mcu.externaltools.gnu-tools-for-stm32.10.3-2021.10.win32_1.0.100.202210260954/tools/bin/../lib/gcc/arm-none-eabi/10.3.1/../../../../arm-none-eabi/lib/thumb/v7e-m+dp/hard/crt0.o (exit)
c:/st/stm32cubeide_1.11.2/stm32cubeide/plugins/com.st.stm32cube.ide.mcu.externaltools.gnu-tools-for-stm32.10.3-2021.10.win32_1.0.100.202210260954/tools/bin/../lib/gcc/arm-none-eabi/10.3.1/../../../../arm-none-eabi/lib/thumb/v7e-m+dp/hard\libc_nano.a(lib_a-findfp.o)
                              ./Middlewares/Third_Party/FreeRTOS/Source/tasks.o (__sf_fake_stderr)
c:/st/stm32cubeide_1.11.2/stm32cubeide/plugins/com.st.stm32cube.ide.mcu.externaltools.gnu-tools-for-stm32.10.3-2021.10.win32_1.0.100.202210260954/tools/bin/../lib/gcc/arm-none-eabi/10.3.1/../../../../arm-none-eabi/lib/thumb/v7e-m+dp/hard\libc_nano.a(lib_a-fwalk.o)
                              c:/st/stm32cubeide_1.11.2/stm32cubeide/plugins/com.st.stm32cube.ide.mcu.externaltools.gnu-tools-for-stm32.10.3-2021.10.win32_1.0.100.202210260954/tools/bin/../lib/gcc/arm-none-eabi/10.3.1/../../../../arm-none-eabi/lib/thumb/v7e-m+dp/hard\libc_nano.a(lib_a-findfp.o) (_fwalk)
c:/st/stm32cubeide_1.11.2/stm32cubeide/plugins/com.st.stm32cube.ide.mcu.externaltools.gnu-tools-for-stm32.10.3-2021.10.win32_1.0.100.202210260954/tools/bin/../lib/gcc/arm-none-eabi/10.3.1/../../../../arm-none-eabi/lib/thumb/v7e-m+dp/hard\libc_nano.a(lib_a-impure.o)
                              c:/st/stm32cubeide_1.11.2/stm32cubeide/plugins/com.st.stm32cube.ide.mcu.externaltools.gnu-tools-for-stm32.10.3-2021.10.win32_1.0.100.202210260954/tools/bin/../lib/gcc/arm-none-eabi/10.3.1/../../../../arm-none-eabi/lib/thumb/v7e-m+dp/hard\libc_nano.a(lib_a-exit.o) (_global_impure_ptr)
c:/st/stm32cubeide_1.11.2/stm32cubeide/plugins/com.st.stm32cube.ide.mcu.externaltools.gnu-tools-for-stm32.10.3-2021.10.win32_1.0.100.202210260954/tools/bin/../lib/gcc/arm-none-eabi/10.3.1/../../../../arm-none-eabi/lib/thumb/v7e-m+dp/hard\libc_nano.a(lib_a-init.o)
                              c:/st/stm32cubeide_1.11.2/stm32cubeide/plugins/com.st.stm32cube.ide.mcu.externaltools.gnu-tools-for-stm32.10.3-2021.10.win32_1.0.100.202210260954/tools/bin/../lib/gcc/arm-none-eabi/10.3.1/../../../../arm-none-eabi/lib/thumb/v7e-m+dp/hard/crt0.o (__libc_init_array)
c:/st/stm32cubeide_1.11.2/stm32cubeide/plugins/com.st.stm32cube.ide.mcu.externaltools.gnu-tools-for-stm32.10.3-2021.10.win32_1.0.100.202210260954/tools/bin/../lib/gcc/arm-none-eabi/10.3.1/../../../../arm-none-eabi/lib/thumb/v7e-m+dp/hard\libc_nano.a(lib_a-lock.o)
                              c:/st/stm32cubeide_1.11.2/stm32cubeide/plugins/com.st.stm32cube.ide.mcu.externaltools.gnu-tools-for-stm32.10.3-2021.10.win32_1.0.100.202210260954/tools/bin/../lib/gcc/arm-none-eabi/10.3.1/../../../../arm-none-eabi/lib/thumb/v7e-m+dp/hard\libc_nano.a(lib_a-findfp.o) (__retarget_lock_init_recursive)
c:/st/stm32cubeide_1.11.2/stm32cubeide/plugins/com.st.stm32cube.ide.mcu.externaltools.gnu-tools-for-stm32.10.3-2021.10.win32_1.0.100.202210260954/tools/bin/../lib/gcc/arm-none-eabi/10.3.1/../../../../arm-none-eabi/lib/thumb/v7e-m+dp/hard\libc_nano.a(lib_a-memcpy-stub.o)
                              ./Middlewares/Third_Party/FreeRTOS/Source/CMSIS_RTOS_V2/cmsis_os2.o (memcpy)
c:/st/stm32cubeide_1.11.2/stm32cubeide/plugins/com.st.stm32cube.ide.mcu.externaltools.gnu-tools-for-stm32.10.3-2021.10.win32_1.0.100.202210260954/tools/bin/../lib/gcc/arm-none-eabi/10.3.1/../../../../arm-none-eabi/lib/thumb/v7e-m+dp/hard\libc_nano.a(lib_a-memset.o)
                              c:/st/stm32cubeide_1.11.2/stm32cubeide/plugins/com.st.stm32cube.ide.mcu.externaltools.gnu-tools-for-stm32.10.3-2021.10.win32_1.0.100.202210260954/tools/bin/../lib/gcc/arm-none-eabi/10.3.1/../../../../arm-none-eabi/lib/thumb/v7e-m+dp/hard/crt0.o (memset)
c:/st/stm32cubeide_1.11.2/stm32cubeide/plugins/com.st.stm32cube.ide.mcu.externaltools.gnu-tools-for-stm32.10.3-2021.10.win32_1.0.100.202210260954/tools/bin/../lib/gcc/arm-none-eabi/10.3.1/../../../../arm-none-eabi/lib/thumb/v7e-m+dp/hard\libc_nano.a(lib_a-nano-mallocr.o)
[...]
Memory Configuration

Name             Origin             Length             Attributes
ITCMRAM          0x0000000000000000 0x0000000000010000 xrw
DTCMRAM          0x0000000020000000 0x0000000000020000 xrw
FLASH            0x0000000008000000 0x0000000000100000 xr
RAM_D1           0x0000000024000000 0x0000000000050000 xrw
RAM_D2           0x0000000030000000 0x0000000000008000 xrw
RAM_D3           0x0000000038000000 0x0000000000004000 xrw
*default*        0x0000000000000000 0xffffffffffffffff

Linker script and memory map

LOAD c:/st/stm32cubeide_1.11.2/stm32cubeide/plugins/com.st.stm32cube.ide.mcu.externaltools.gnu-tools-for-stm32.10.3-2021.10.win32_1.0.100.202210260954/tools/bin/../lib/gcc/arm-none-eabi/10.3.1/thumb/v7e-m+dp/hard/crti.o
LOAD c:/st/stm32cubeide_1.11.2/stm32cubeide/plugins/com.st.stm32cube.ide.mcu.externaltools.gnu-tools-for-stm32.10.3-2021.10.win32_1.0.100.202210260954/tools/bin/../lib/gcc/arm-none-eabi/10.3.1/thumb/v7e-m+dp/hard/crtbegin.o
LOAD c:/st/stm32cubeide_1.11.2/stm32cubeide/plugins/com.st.stm32cube.ide.mcu.externaltools.gnu-tools-for-stm32.10.3-2021.10.win32_1.0.100.202210260954/tools/bin/../lib/gcc/arm-none-eabi/10.3.1/../../../../arm-none-eabi/lib/thumb/v7e-m+dp/hard/crt0.o
LOAD ./Core/Src/freertos.o
LOAD ./Core/Src/main.o
LOAD ./Core/Src/pca9685.o
LOAD ./Core/Src/stm32h7xx_hal_msp.o
LOAD ./Core/Src/stm32h7xx_hal_timebase_tim.o
LOAD ./Core/Src/stm32h7xx_it.o
LOAD ./Core/Src/syscalls.o
LOAD ./Core/Src/sysmem.o
LOAD ./Core/Src/system_stm32h7xx.o
LOAD ./Core/Startup/startup_stm32h723zgtx.o
LOAD ./Drivers/STM32H7xx_HAL_Driver/Src/stm32h7xx_hal.o
LOAD ./Drivers/STM32H7xx_HAL_Driver/Src/stm32h7xx_hal_cortex.o
LOAD ./Drivers/STM32H7xx_HAL_Driver/Src/stm32h7xx_hal_dma.o
LOAD ./Drivers/STM32H7xx_HAL_Driver/Src/stm32h7xx_hal_dma_ex.o
LOAD ./Drivers/STM32H7xx_HAL_Driver/Src/stm32h7xx_hal_eth.o
LOAD ./Drivers/STM32H7xx_HAL_Driver/Src/stm32h7xx_hal_eth_ex.o
LOAD ./Drivers/STM32H7xx_HAL_Driver/Src/stm32h7xx_hal_exti.o
LOAD ./Drivers/STM32H7xx_HAL_Driver/Src/stm32h7xx_hal_flash.o
LOAD ./Drivers/STM32H7xx_HAL_Driver/Src/stm32h7xx_hal_flash_ex.o
LOAD ./Drivers/STM32H7xx_HAL_Driver/Src/stm32h7xx_hal_gpio.o
LOAD ./Drivers/STM32H7xx_HAL_Driver/Src/stm32h7xx_hal_hsem.o
LOAD ./Drivers/STM32H7xx_HAL_Driver/Src/stm32h7xx_hal_i2c.o
LOAD ./Drivers/STM32H7xx_HAL_Driver/Src/stm32h7xx_hal_i2c_ex.o
LOAD ./Drivers/STM32H7xx_HAL_Driver/Src/stm32h7xx_hal_mdma.o
LOAD ./Drivers/STM32H7xx_HAL_Driver/Src/stm32h7xx_hal_pwr.o
LOAD ./Drivers/STM32H7xx_HAL_Driver/Src/stm32h7xx_hal_pwr_ex.o
LOAD ./Drivers/STM32H7xx_HAL_Driver/Src/stm32h7xx_hal_rcc.o
LOAD ./Drivers/STM32H7xx_HAL_Driver/Src/stm32h7xx_hal_rcc_ex.o
LOAD ./Drivers/STM32H7xx_HAL_Driver/Src/stm32h7xx_hal_tim.o
LOAD ./Drivers/STM32H7xx_HAL_Driver/Src/stm32h7xx_hal_tim_ex.o
LOAD ./Drivers/STM32H7xx_HAL_Driver/Src/stm32h7xx_hal_uart.o
LOAD ./Drivers/STM32H7xx_HAL_Driver/Src/stm32h7xx_hal_uart_ex.o
LOAD ./Middlewares/Third_Party/FreeRTOS/Source/CMSIS_RTOS_V2/cmsis_os2.o
LOAD ./Middlewares/Third_Party/FreeRTOS/Source/croutine.o
LOAD ./Middlewares/Third_Party/FreeRTOS/Source/event_groups.o
LOAD ./Middlewares/Third_Party/FreeRTOS/Source/list.o
LOAD ./Middlewares/Third_Party/FreeRTOS/Source/queue.o
LOAD ./Middlewares/Third_Party/FreeRTOS/Source/stream_buffer.o
LOAD ./Middlewares/Third_Party/FreeRTOS/Source/tasks.o
LOAD ./Middlewares/Third_Party/FreeRTOS/Source/timers.o
LOAD ./Middlewares/Third_Party/FreeRTOS/Source/portable/GCC/ARM_CM4F/port.o
LOAD ./Middlewares/Third_Party/FreeRTOS/Source/portable/MemMang/heap_4.o
START GROUP
LOAD c:/st/stm32cubeide_1.11.2/stm32cubeide/plugins/com.st.stm32cube.ide.mcu.externaltools.gnu-tools-for-stm32.10.3-2021.10.win32_1.0.100.202210260954/tools/bin/../lib/gcc/arm-none-eabi/10.3.1/../../../../arm-none-eabi/lib/thumb/v7e-m+dp/hard\libc_nano.a
LOAD c:/st/stm32cubeide_1.11.2/stm32cubeide/plugins/com.st.stm32cube.ide.mcu.externaltools.gnu-tools-for-stm32.10.3-2021.10.win32_1.0.100.202210260954/tools/bin/../lib/gcc/arm-none-eabi/10.3.1/../../../../arm-none-eabi/lib/thumb/v7e-m+dp/hard\libm.a
END GROUP
START GROUP
LOAD c:/st/stm32cubeide_1.11.2/stm32cubeide/plugins/com.st.stm32cube.ide.mcu.externaltools.gnu-tools-for-stm32.10.3-2021.10.win32_1.0.100.202210260954/tools/bin/../lib/gcc/arm-none-eabi/10.3.1/thumb/v7e-m+dp/hard\libgcc.a
LOAD c:/st/stm32cubeide_1.11.2/stm32cubeide/plugins/com.st.stm32cube.ide.mcu.externaltools.gnu-tools-for-stm32.10.3-2021.10.win32_1.0.100.202210260954/tools/bin/../lib/gcc/arm-none-eabi/10.3.1/../../../../arm-none-eabi/lib/thumb/v7e-m+dp/hard\libc_nano.a
END GROUP
START GROUP
LOAD c:/st/stm32cubeide_1.11.2/stm32cubeide/plugins/com.st.stm32cube.ide.mcu.externaltools.gnu-tools-for-stm32.10.3-2021.10.win32_1.0.100.202210260954/tools/bin/../lib/gcc/arm-none-eabi/10.3.1/thumb/v7e-m+dp/hard\libgcc.a
LOAD c:/st/stm32cubeide_1.11.2/stm32cubeide/plugins/com.st.stm32cube.ide.mcu.externaltools.gnu-tools-for-stm32.10.3-2021.10.win32_1.0.100.202210260954/tools/bin/../lib/gcc/arm-none-eabi/10.3.1/../../../../arm-none-eabi/lib/thumb/v7e-m+dp/hard\libc_nano.a
LOAD c:/st/stm32cubeide_1.11.2/stm32cubeide/plugins/com.st.stm32cube.ide.mcu.externaltools.gnu-tools-for-stm32.10.3-2021.10.win32_1.0.100.202210260954/tools/bin/../lib/gcc/arm-none-eabi/10.3.1/../../../../arm-none-eabi/lib/thumb/v7e-m+dp/hard\libnosys.a
END GROUP
START GROUP
LOAD c:/st/stm32cubeide_1.11.2/stm32cubeide/plugins/com.st.stm32cube.ide.mcu.externaltools.gnu-tools-for-stm32.10.3-2021.10.win32_1.0.100.202210260954/tools/bin/../lib/gcc/arm-none-eabi/10.3.1/thumb/v7e-m+dp/hard\libgcc.a
LOAD c:/st/stm32cubeide_1.11.2/stm32cubeide/plugins/com.st.stm32cube.ide.mcu.externaltools.gnu-tools-for-stm32.10.3-2021.10.win32_1.0.100.202210260954/tools/bin/../lib/gcc/arm-none-eabi/10.3.1/../../../../arm-none-eabi/lib/thumb/v7e-m+dp/hard\libc_nano.a
LOAD c:/st/stm32cubeide_1.11.2/stm32cubeide/plugins/com.st.stm32cube.ide.mcu.externaltools.gnu-tools-for-stm32.10.3-2021.10.win32_1.0.100.202210260954/tools/bin/../lib/gcc/arm-none-eabi/10.3.1/../../../../arm-none-eabi/lib/thumb/v7e-m+dp/hard\libnosys.a
END GROUP
LOAD c:/st/stm32cubeide_1.11.2/stm32cubeide/plugins/com.st.stm32cube.ide.mcu.externaltools.gnu-tools-for-stm32.10.3-2021.10.win32_1.0.100.202210260954/tools/bin/../lib/gcc/arm-none-eabi/10.3.1/thumb/v7e-m+dp/hard/crtend.o
LOAD c:/st/stm32cubeide_1.11.2/stm32cubeide/plugins/com.st.stm32cube.ide.mcu.externaltools.gnu-tools-for-stm32.10.3-2021.10.win32_1.0.100.202210260954/tools/bin/../lib/gcc/arm-none-eabi/10.3.1/thumb/v7e-m+dp/hard/crtn.o
                0x0000000024050000                _estack = (ORIGIN (RAM_D1) + LENGTH (RAM_D1))
                0x0000000000000200                _Min_Heap_Size = 0x200
                0x0000000000000400                _Min_Stack_Size = 0x400

.isr_vector     0x0000000008000000      0x2cc
                0x0000000008000000                . = ALIGN (0x4)
 *(.isr_vector)
 .isr_vector    0x0000000008000000      0x2cc ./Core/Startup/startup_stm32h723zgtx.o
                0x0000000008000000                g_pfnVectors
                0x00000000080002cc                . = ALIGN (0x4)

.text           0x00000000080002d0    0x11498
                0x00000000080002d0                . = ALIGN (0x4)
 *(.text)
 .text          0x00000000080002d0       0x40 c:/st/stm32cubeide_1.11.2/stm32cubeide/plugins/com.st.stm32cube.ide.mcu.externaltools.gnu-tools-for-stm32.10.3-2021.10.win32_1.0.100.202210260954/tools/bin/../lib/gcc/arm-none-eabi/10.3.1/thumb/v7e-m+dp/hard/crtbegin.o
 .text          0x0000000008000310       0x10 c:/st/stm32cubeide_1.11.2/stm32cubeide/plugins/com.st.stm32cube.ide.mcu.externaltools.gnu-tools-for-stm32.10.3-2021.10.win32_1.0.100.202210260954/tools/bin/../lib/gcc/arm-none-eabi/10.3.1/../../../../arm-none-eabi/lib/thumb/v7e-m+dp/hard\libc_nano.a(lib_a-strlen.o)
                0x0000000008000310                strlen
 .text          0x0000000008000320       0xa0 c:/st/stm32cubeide_1.11.2/stm32cubeide/plugins/com.st.stm32cube.ide.mcu.externaltools.gnu-tools-for-stm32.10.3-2021.10.win32_1.0.100.202210260954/tools/bin/../lib/gcc/arm-none-eabi/10.3.1/../../../../arm-none-eabi/lib/thumb/v7e-m+dp/hard\libc_nano.a(lib_a-memchr.o)
                0x0000000008000320                memchr
 .text          0x00000000080003c0       0x30 c:/st/stm32cubeide_1.11.2/stm32cubeide/plugins/com.st.stm32cube.ide.mcu.externaltools.gnu-tools-for-stm32.10.3-2021.10.win32_1.0.100.202210260954/tools/bin/../lib/gcc/arm-none-eabi/10.3.1/thumb/v7e-m+dp/hard\libgcc.a(_aeabi_uldivmod.o)
                0x00000000080003c0                __aeabi_uldivmod
 .text          0x00000000080003f0      0x2d0 c:/st/stm32cubeide_1.11.2/stm32cubeide/plugins/com.st.stm32cube.ide.mcu.externaltools.gnu-tools-for-stm32.10.3-2021.10.win32_1.0.100.202210260954/tools/bin/../lib/gcc/arm-none-eabi/10.3.1/thumb/v7e-m+dp/hard\libgcc.a(_udivmoddi4.o)
                0x00000000080003f0                __udivmoddi4
 .text          0x00000000080006c0        0x4 c:/st/stm32cubeide_1.11.2/stm32cubeide/plugins/com.st.stm32cube.ide.mcu.externaltools.gnu-tools-for-stm32.10.3-2021.10.win32_1.0.100.202210260954/tools/bin/../lib/gcc/arm-none-eabi/10.3.1/thumb/v7e-m+dp/hard\libgcc.a(_dvmd_tls.o)
                0x00000000080006c0                __aeabi_idiv0
                0x00000000080006c0                __aeabi_ldiv0
 *(.text*)
 .text.motorDelay
                0x00000000080006c4       0x34 ./Core/Src/main.o
                0x00000000080006c4                motorDelay
 .text.motor2Delay
                0x00000000080006f8       0x34 ./Core/Src/main.o
                0x00000000080006f8                motor2Delay
 .text.stepCV   0x000000000800072c      0x130 ./Core/Src/main.o
                0x000000000800072c                stepCV
 .text.step2CCV
                0x000000000800085c      0x130 ./Core/Src/main.o
                0x000000000800085c                step2CCV
 .text.HAL_UART_RxCpltCallback
                0x000000000800098c       0x48 ./Core/Src/main.o
                0x000000000800098c                HAL_UART_RxCpltCallback
 .text.clearBuffer
                0x00000000080009d4       0x1c ./Core/Src/main.o
                0x00000000080009d4                clearBuffer
 .text.main     0x00000000080009f0      0x150 ./Core/Src/main.o
                0x00000000080009f0                main
 .text.SystemClock_Config
                0x0000000008000b40       0xe0 ./Core/Src/main.o
                0x0000000008000b40                SystemClock_Config
 .text.MX_ETH_Init
                0x0000000008000c20       0x98 ./Core/Src/main.o
 .text.MX_I2C1_Init
                0x0000000008000cb8       0x80 ./Core/Src/main.o
 .text.MX_TIM1_Init
                0x0000000008000d38       0xa8 ./Core/Src/main.o
 .text.MX_TIM3_Init
                0x0000000008000de0       0xac ./Core/Src/main.o
 .text.MX_TIM4_Init
                0x0000000008000e8c       0x9c ./Core/Src/main.o
 .text.MX_USART2_UART_Init
                0x0000000008000f28       0x98 ./Core/Src/main.o
 .text.MX_USART3_UART_Init
                0x0000000008000fc0       0x98 ./Core/Src/main.o
 .text.MX_USB_OTG_HS_USB_Init
                0x0000000008001058        0xe ./Core/Src/main.o
 *fill*         0x0000000008001066        0x2 
 .text.MX_GPIO_Init
                0x0000000008001068      0x21c ./Core/Src/main.o
 .text.StartDefaultTask
                0x0000000008001284       0x10 ./Core/Src/main.o
                0x0000000008001284                StartDefaultTask
 .text.StartParsingTask
                0x0000000008001294       0x10 ./Core/Src/main.o
                0x0000000008001294                StartParsingTask
 .text.StartArmTask
                0x00000000080012a4      0x264 ./Core/Src/main.o
                0x00000000080012a4                StartArmTask
 .text.StartGripperTask
                0x0000000008001508       0x10 ./Core/Src/main.o
                0x0000000008001508                StartGripperTask
 .text.StartStep1Task
                0x0000000008001518       0x58 ./Core/Src/main.o
                0x0000000008001518                StartStep1Task
 .text.startStep2Task
                0x0000000008001570       0x5c ./Core/Src/main.o
                0x0000000008001570                startStep2Task
 .text.HAL_TIM_PeriodElapsedCallback
                0x00000000080015cc       0x24 ./Core/Src/main.o
                0x00000000080015cc                HAL_TIM_PeriodElapsedCallback
 .text.Error_Handler
                0x00000000080015f0        0xa ./Core/Src/main.o
                0x00000000080015f0                Error_Handler
 *fill*         0x00000000080015fa        0x2 
 .text.PCA9685_SetBit
                0x00000000080015fc       0xb4 ./Core/Src/pca9685.o
                0x00000000080015fc                PCA9685_SetBit
 .text.PCA9685_SoftwareReset
                0x00000000080016b0       0x34 ./Core/Src/pca9685.o
                0x00000000080016b0                PCA9685_SoftwareReset
 .text.PCA9685_SleepMode
                0x00000000080016e4       0x20 ./Core/Src/pca9685.o
                0x00000000080016e4                PCA9685_SleepMode
 .text.PCA9685_RestartMode
                0x0000000008001704       0x20 ./Core/Src/pca9685.o
                0x0000000008001704                PCA9685_RestartMode
 .text.PCA9685_AutoIncrement
                0x0000000008001724       0x20 ./Core/Src/pca9685.o
                0x0000000008001724                PCA9685_AutoIncrement
 *fill*         0x0000000008001744        0x4 
 .text.PCA9685_SetPwmFrequency
                0x0000000008001748       0xcc ./Core/Src/pca9685.o
                0x0000000008001748                PCA9685_SetPwmFrequency
 .text.PCA9685_SetPwm
                0x0000000008001814       0x74 ./Core/Src/pca9685.o
                0x0000000008001814                PCA9685_SetPwm
 .text.PCA9685_SetPin
                0x0000000008001888       0xbc ./Core/Src/pca9685.o
                0x0000000008001888                PCA9685_SetPin
 *fill*         0x0000000008001944        0x4 
 .text.PCA9685_SetServoAngle
                0x0000000008001948       0xa8 ./Core/Src/pca9685.o
                0x0000000008001948                PCA9685_SetServoAngle
 .text.PCA9685_SetServoAngle_DS3225
                0x00000000080019f0       0xa8 ./Core/Src/pca9685.o
                0x00000000080019f0                PCA9685_SetServoAngle_DS3225
 .text.PCA9685_Init
                0x0000000008001a98       0x2c ./Core/Src/pca9685.o
                0x0000000008001a98                PCA9685_Init
 .text.HAL_MspInit
                0x0000000008001ac4       0x3c ./Core/Src/stm32h7xx_hal_msp.o
                0x0000000008001ac4                HAL_MspInit
 .text.HAL_ETH_MspInit
                0x0000000008001b00      0x19c ./Core/Src/stm32h7xx_hal_msp.o
                0x0000000008001b00                HAL_ETH_MspInit
 .text.HAL_I2C_MspInit
                0x0000000008001c9c       0xd4 ./Core/Src/stm32h7xx_hal_msp.o
                0x0000000008001c9c                HAL_I2C_MspInit
 .text.HAL_TIM_Base_MspInit
                0x0000000008001d70       0x74 ./Core/Src/stm32h7xx_hal_msp.o
                0x0000000008001d70                HAL_TIM_Base_MspInit
 .text.HAL_TIM_Encoder_MspInit
                0x0000000008001de4       0x94 ./Core/Src/stm32h7xx_hal_msp.o
                0x0000000008001de4                HAL_TIM_Encoder_MspInit
 .text.HAL_UART_MspInit
                0x0000000008001e78      0x180 ./Core/Src/stm32h7xx_hal_msp.o
                0x0000000008001e78                HAL_UART_MspInit
 .text.HAL_InitTick
                0x0000000008001ff8       0xd8 ./Core/Src/stm32h7xx_hal_timebase_tim.o
                0x0000000008001ff8                HAL_InitTick
 .text.NMI_Handler
                0x00000000080020d0        0x6 ./Core/Src/stm32h7xx_it.o
                0x00000000080020d0                NMI_Handler
 .text.HardFault_Handler
                0x00000000080020d6        0x6 ./Core/Src/stm32h7xx_it.o
                0x00000000080020d6                HardFault_Handler
 .text.MemManage_Handler
                0x00000000080020dc        0x6 ./Core/Src/stm32h7xx_it.o
                0x00000000080020dc                MemManage_Handler
 .text.BusFault_Handler
                0x00000000080020e2        0x6 ./Core/Src/stm32h7xx_it.o
                0x00000000080020e2                BusFault_Handler
 .text.UsageFault_Handler
                0x00000000080020e8        0x6 ./Core/Src/stm32h7xx_it.o
                0x00000000080020e8                UsageFault_Handler
 .text.DebugMon_Handler
                0x00000000080020ee        0xe ./Core/Src/stm32h7xx_it.o
                0x00000000080020ee                DebugMon_Handler
 .text.USART2_IRQHandler
                0x00000000080020fc       0x14 ./Core/Src/stm32h7xx_it.o
                0x00000000080020fc                USART2_IRQHandler
 .text.TIM6_DAC_IRQHandler
                0x0000000008002110       0x14 ./Core/Src/stm32h7xx_it.o
                0x0000000008002110                TIM6_DAC_IRQHandler
 .text._getpid  0x0000000008002124       0x10 ./Core/Src/syscalls.o
                0x0000000008002124                _getpid
 .text._kill    0x0000000008002134       0x20 ./Core/Src/syscalls.o
                0x0000000008002134                _kill
 .text._exit    0x0000000008002154       0x14 ./Core/Src/syscalls.o
                0x0000000008002154                _exit
 .text._read    0x0000000008002168       0x3a ./Core/Src/syscalls.o
                0x0000000008002168                _read
 .text._write   0x00000000080021a2       0x38 ./Core/Src/syscalls.o
                0x00000000080021a2                _write
 .text._close   0x00000000080021da       0x18 ./Core/Src/syscalls.o
                0x00000000080021da                _close
 .text._fstat   0x00000000080021f2       0x20 ./Core/Src/syscalls.o
                0x00000000080021f2                _fstat
 .text._isatty  0x0000000008002212       0x16 ./Core/Src/syscalls.o
                0x0000000008002212                _isatty
 .text._lseek   0x0000000008002228       0x1a ./Core/Src/syscalls.o
                0x0000000008002228                _lseek
 *fill*         0x0000000008002242        0x2 
 .text._sbrk    0x0000000008002244       0x6c ./Core/Src/sysmem.o
                0x0000000008002244                _sbrk
 .text.SystemInit
                0x00000000080022b0       0xf0 ./Core/Src/system_stm32h7xx.o
                0x00000000080022b0                SystemInit
 .text.Reset_Handler
                0x00000000080023a0       0x50 ./Core/Startup/startup_stm32h723zgtx.o
                0x00000000080023a0                Reset_Handler
 .text.Default_Handler
                0x00000000080023f0        0x2 ./Core/Startup/startup_stm32h723zgtx.o
                0x00000000080023f0                RTC_Alarm_IRQHandler
                0x00000000080023f0                EXTI2_IRQHandler
                0x00000000080023f0                TIM8_CC_IRQHandler
                0x00000000080023f0                UART8_IRQHandler
                0x00000000080023f0                SPI4_IRQHandler
                0x00000000080023f0                FDCAN3_IT0_IRQHandler
                0x00000000080023f0                TIM1_CC_IRQHandler
                0x00000000080023f0                BDMA_Channel6_IRQHandler
                0x00000000080023f0                DMA2_Stream5_IRQHandler
                0x00000000080023f0                DMA1_Stream5_IRQHandler
                0x00000000080023f0                CORDIC_IRQHandler
                0x00000000080023f0                BDMA_Channel1_IRQHandler
                0x00000000080023f0                TAMP_STAMP_IRQHandler
                0x00000000080023f0                EXTI3_IRQHandler
                0x00000000080023f0                LPTIM4_IRQHandler
                0x00000000080023f0                TIM8_TRG_COM_TIM14_IRQHandler
                0x00000000080023f0                LPTIM2_IRQHandler
                0x00000000080023f0                DFSDM1_FLT1_IRQHandler
                0x00000000080023f0                DMAMUX2_OVR_IRQHandler
                0x00000000080023f0                TIM8_UP_TIM13_IRQHandler
                0x00000000080023f0                I2C3_ER_IRQHandler
                0x00000000080023f0                DFSDM1_FLT2_IRQHandler
                0x00000000080023f0                I2C5_EV_IRQHandler
                0x00000000080023f0                USART10_IRQHandler
                0x00000000080023f0                MDMA_IRQHandler
                0x00000000080023f0                LPTIM3_IRQHandler
                0x00000000080023f0                HSEM1_IRQHandler
                0x00000000080023f0                EXTI0_IRQHandler
                0x00000000080023f0                I2C2_EV_IRQHandler
                0x00000000080023f0                DMA1_Stream2_IRQHandler
                0x00000000080023f0                FPU_IRQHandler
                0x00000000080023f0                OTG_HS_WKUP_IRQHandler
                0x00000000080023f0                FDCAN1_IT1_IRQHandler
                0x00000000080023f0                LTDC_ER_IRQHandler
                0x00000000080023f0                DMA2_Stream2_IRQHandler
                0x00000000080023f0                SPI1_IRQHandler
                0x00000000080023f0                OCTOSPI1_IRQHandler
                0x00000000080023f0                DMA2_Stream3_IRQHandler
                0x00000000080023f0                OCTOSPI2_IRQHandler
                0x00000000080023f0                DFSDM1_FLT3_IRQHandler
                0x00000000080023f0                TIM23_IRQHandler
                0x00000000080023f0                USART6_IRQHandler
                0x00000000080023f0                TIM17_IRQHandler
                0x00000000080023f0                USART3_IRQHandler
                0x00000000080023f0                BDMA_Channel7_IRQHandler
                0x00000000080023f0                LPTIM5_IRQHandler
                0x00000000080023f0                UART5_IRQHandler
                0x00000000080023f0                ADC3_IRQHandler
                0x00000000080023f0                DMA2_Stream0_IRQHandler
                0x00000000080023f0                TIM4_IRQHandler
                0x00000000080023f0                BDMA_Channel2_IRQHandler
                0x00000000080023f0                I2C1_EV_IRQHandler
                0x00000000080023f0                DMA1_Stream6_IRQHandler
                0x00000000080023f0                DMAMUX1_OVR_IRQHandler
                0x00000000080023f0                DMA1_Stream1_IRQHandler
                0x00000000080023f0                TIM16_IRQHandler
                0x00000000080023f0                UART4_IRQHandler
                0x00000000080023f0                BDMA_Channel5_IRQHandler
                0x00000000080023f0                TIM3_IRQHandler
                0x00000000080023f0                RCC_IRQHandler
                0x00000000080023f0                UART9_IRQHandler
                0x00000000080023f0                TIM8_BRK_TIM12_IRQHandler
                0x00000000080023f0                TIM1_TRG_COM_IRQHandler
                0x00000000080023f0                Default_Handler
                0x00000000080023f0                ECC_IRQHandler
                0x00000000080023f0                FMAC_IRQHandler
                0x00000000080023f0                CEC_IRQHandler
                0x00000000080023f0                EXTI15_10_IRQHandler
                0x00000000080023f0                BDMA_Channel0_IRQHandler
                0x00000000080023f0                ADC_IRQHandler
                0x00000000080023f0                I2C5_ER_IRQHandler
                0x00000000080023f0                DMA1_Stream7_IRQHandler
                0x00000000080023f0                SPI5_IRQHandler
                0x00000000080023f0                TIM7_IRQHandler
                0x00000000080023f0                FDCAN3_IT1_IRQHandler
                0x00000000080023f0                SDMMC1_IRQHandler
                0x00000000080023f0                TIM5_IRQHandler
                0x00000000080023f0                DMA2_Stream7_IRQHandler
                0x00000000080023f0                TIM15_IRQHandler
                0x00000000080023f0                PVD_AVD_IRQHandler
                0x00000000080023f0                I2C3_EV_IRQHandler
                0x00000000080023f0                EXTI9_5_IRQHandler
                0x00000000080023f0                RTC_WKUP_IRQHandler
                0x00000000080023f0                LTDC_IRQHandler
                0x00000000080023f0                ETH_WKUP_IRQHandler
                0x00000000080023f0                SPDIF_RX_IRQHandler
                0x00000000080023f0                SPI2_IRQHandler
                0x00000000080023f0                OTG_HS_EP1_IN_IRQHandler
                0x00000000080023f0                DMA1_Stream0_IRQHandler
                0x00000000080023f0                TIM24_IRQHandler
                0x00000000080023f0                CRS_IRQHandler
                0x00000000080023f0                EXTI4_IRQHandler
                0x00000000080023f0                RNG_IRQHandler
                0x00000000080023f0                FDCAN2_IT1_IRQHandler
                0x00000000080023f0                ETH_IRQHandler
                0x00000000080023f0                TIM1_UP_IRQHandler
                0x00000000080023f0                BDMA_Channel4_IRQHandler
                0x00000000080023f0                OTG_HS_EP1_OUT_IRQHandler
                0x00000000080023f0                WWDG_IRQHandler
                0x00000000080023f0                SPI6_IRQHandler
                0x00000000080023f0                MDIOS_IRQHandler
                0x00000000080023f0                I2C4_EV_IRQHandler
                0x00000000080023f0                FDCAN2_IT0_IRQHandler
                0x00000000080023f0                LPUART1_IRQHandler
                0x00000000080023f0                FDCAN1_IT0_IRQHandler
                0x00000000080023f0                TIM2_IRQHandler
                0x00000000080023f0                OTG_HS_IRQHandler
                0x00000000080023f0                DMA2D_IRQHandler
                0x00000000080023f0                TIM1_BRK_IRQHandler
                0x00000000080023f0                EXTI1_IRQHandler
                0x00000000080023f0                SDMMC2_IRQHandler
                0x00000000080023f0                BDMA_Channel3_IRQHandler
                0x00000000080023f0                DTS_IRQHandler
                0x00000000080023f0                UART7_IRQHandler
                0x00000000080023f0                MDIOS_WKUP_IRQHandler
                0x00000000080023f0                DFSDM1_FLT0_IRQHandler
                0x00000000080023f0                SAI4_IRQHandler
                0x00000000080023f0                I2C2_ER_IRQHandler
                0x00000000080023f0                DMA2_Stream1_IRQHandler
                0x00000000080023f0                FLASH_IRQHandler
                0x00000000080023f0                DMA2_Stream4_IRQHandler
                0x00000000080023f0                USART1_IRQHandler
                0x00000000080023f0                SPI3_IRQHandler
                0x00000000080023f0                WAKEUP_PIN_IRQHandler
                0x00000000080023f0                DMA1_Stream4_IRQHandler
                0x00000000080023f0                I2C1_ER_IRQHandler
                0x00000000080023f0                FMC_IRQHandler
                0x00000000080023f0                FDCAN_CAL_IRQHandler
                0x00000000080023f0                SWPMI1_IRQHandler
                0x00000000080023f0                COMP1_IRQHandler
                0x00000000080023f0                LPTIM1_IRQHandler
                0x00000000080023f0                DCMI_PSSI_IRQHandler
                0x00000000080023f0                I2C4_ER_IRQHandler
                0x00000000080023f0                DMA2_Stream6_IRQHandler
                0x00000000080023f0                SAI1_IRQHandler
                0x00000000080023f0                DMA1_Stream3_IRQHandler
 *fill*         0x00000000080023f2        0x2 
 .text.HAL_Init
                0x00000000080023f4       0x78 ./Drivers/STM32H7xx_HAL_Driver/Src/stm32h7xx_hal.o
                0x00000000080023f4                HAL_Init
 .text.HAL_IncTick
                0x000000000800246c       0x28 ./Drivers/STM32H7xx_HAL_Driver/Src/stm32h7xx_hal.o
                0x000000000800246c                HAL_IncTick
 .text.HAL_GetTick
                0x0000000008002494       0x18 ./Drivers/STM32H7xx_HAL_Driver/Src/stm32h7xx_hal.o
                0x0000000008002494                HAL_GetTick
 .text.HAL_SYSCFG_ETHInterfaceSelect
                0x00000000080024ac       0x28 ./Drivers/STM32H7xx_HAL_Driver/Src/stm32h7xx_hal.o
                0x00000000080024ac                HAL_SYSCFG_ETHInterfaceSelect
 .text.__NVIC_SetPriorityGrouping
                0x00000000080024d4       0x48 ./Drivers/STM32H7xx_HAL_Driver/Src/stm32h7xx_hal_cortex.o
 .text.__NVIC_GetPriorityGrouping
                0x000000000800251c       0x1c ./Drivers/STM32H7xx_HAL_Driver/Src/stm32h7xx_hal_cortex.o
 .text.__NVIC_EnableIRQ
                0x0000000008002538       0x3c ./Drivers/STM32H7xx_HAL_Driver/Src/stm32h7xx_hal_cortex.o
 .text.__NVIC_SetPriority
                0x0000000008002574       0x54 ./Drivers/STM32H7xx_HAL_Driver/Src/stm32h7xx_hal_cortex.o
 .text.NVIC_EncodePriority
                0x00000000080025c8       0x66 ./Drivers/STM32H7xx_HAL_Driver/Src/stm32h7xx_hal_cortex.o
 .text.HAL_NVIC_SetPriorityGrouping
                0x000000000800262e       0x16 ./Drivers/STM32H7xx_HAL_Driver/Src/stm32h7xx_hal_cortex.o
                0x000000000800262e                HAL_NVIC_SetPriorityGrouping
 .text.HAL_NVIC_SetPriority
                0x0000000008002644       0x34 ./Drivers/STM32H7xx_HAL_Driver/Src/stm32h7xx_hal_cortex.o
                0x0000000008002644                HAL_NVIC_SetPriority
 .text.HAL_NVIC_EnableIRQ
                0x0000000008002678       0x1c ./Drivers/STM32H7xx_HAL_Driver/Src/stm32h7xx_hal_cortex.o
                0x0000000008002678                HAL_NVIC_EnableIRQ
 .text.HAL_DMA_Abort
                0x0000000008002694      0x63c ./Drivers/STM32H7xx_HAL_Driver/Src/stm32h7xx_hal_dma.o
                0x0000000008002694                HAL_DMA_Abort
 .text.HAL_DMA_Abort_IT
                0x0000000008002cd0      0x48c ./Drivers/STM32H7xx_HAL_Driver/Src/stm32h7xx_hal_dma.o
                0x0000000008002cd0                HAL_DMA_Abort_IT
 .text.HAL_ETH_Init
                0x000000000800315c      0x1fc ./Drivers/STM32H7xx_HAL_Driver/Src/stm32h7xx_hal_eth.o
                0x000000000800315c                HAL_ETH_Init
 .text.HAL_ETH_SetMDIOClockRange
                0x0000000008003358       0xa0 ./Drivers/STM32H7xx_HAL_Driver/Src/stm32h7xx_hal_eth.o
                0x0000000008003358                HAL_ETH_SetMDIOClockRange
 .text.ETH_SetMACConfig
                0x00000000080033f8      0x238 ./Drivers/STM32H7xx_HAL_Driver/Src/stm32h7xx_hal_eth.o
 .text.ETH_SetDMAConfig
                0x0000000008003630      0x10c ./Drivers/STM32H7xx_HAL_Driver/Src/stm32h7xx_hal_eth.o
 .text.ETH_MACDMAConfig
                0x000000000800373c      0x13a ./Drivers/STM32H7xx_HAL_Driver/Src/stm32h7xx_hal_eth.o
 .text.ETH_DMATxDescListInit
                0x0000000008003876       0x92 ./Drivers/STM32H7xx_HAL_Driver/Src/stm32h7xx_hal_eth.o
 .text.ETH_DMARxDescListInit
                0x0000000008003908       0xba ./Drivers/STM32H7xx_HAL_Driver/Src/stm32h7xx_hal_eth.o
 *fill*         0x00000000080039c2        0x2 
 .text.HAL_GPIO_Init
                0x00000000080039c4      0x350 ./Drivers/STM32H7xx_HAL_Driver/Src/stm32h7xx_hal_gpio.o
                0x00000000080039c4                HAL_GPIO_Init
 .text.HAL_GPIO_WritePin
                0x0000000008003d14       0x32 ./Drivers/STM32H7xx_HAL_Driver/Src/stm32h7xx_hal_gpio.o
                0x0000000008003d14                HAL_GPIO_WritePin
 *fill*         0x0000000008003d46        0x2 
 .text.HAL_I2C_Init
                0x0000000008003d48      0x138 ./Drivers/STM32H7xx_HAL_Driver/Src/stm32h7xx_hal_i2c.o
                0x0000000008003d48                HAL_I2C_Init
 .text.HAL_I2C_Master_Transmit
                0x0000000008003e80      0x230 ./Drivers/STM32H7xx_HAL_Driver/Src/stm32h7xx_hal_i2c.o
                0x0000000008003e80                HAL_I2C_Master_Transmit
 .text.HAL_I2C_Mem_Write
                0x00000000080040b0      0x228 ./Drivers/STM32H7xx_HAL_Driver/Src/stm32h7xx_hal_i2c.o
                0x00000000080040b0                HAL_I2C_Mem_Write
 .text.HAL_I2C_Mem_Read
                0x00000000080042d8      0x234 ./Drivers/STM32H7xx_HAL_Driver/Src/stm32h7xx_hal_i2c.o
                0x00000000080042d8                HAL_I2C_Mem_Read
 .text.I2C_RequestMemoryWrite
                0x000000000800450c       0xa8 ./Drivers/STM32H7xx_HAL_Driver/Src/stm32h7xx_hal_i2c.o
 .text.I2C_RequestMemoryRead
                0x00000000080045b4       0xa8 ./Drivers/STM32H7xx_HAL_Driver/Src/stm32h7xx_hal_i2c.o
 .text.I2C_Flush_TXDR
                0x000000000800465c       0x48 ./Drivers/STM32H7xx_HAL_Driver/Src/stm32h7xx_hal_i2c.o
 .text.I2C_WaitOnFlagUntilTimeout
                0x00000000080046a4       0xb2 ./Drivers/STM32H7xx_HAL_Driver/Src/stm32h7xx_hal_i2c.o
 .text.I2C_WaitOnTXISFlagUntilTimeout
                0x0000000008004756       0x8e ./Drivers/STM32H7xx_HAL_Driver/Src/stm32h7xx_hal_i2c.o
 .text.I2C_WaitOnSTOPFlagUntilTimeout
                0x00000000080047e4       0x86 ./Drivers/STM32H7xx_HAL_Driver/Src/stm32h7xx_hal_i2c.o
 *fill*         0x000000000800486a        0x2 
 .text.I2C_IsErrorOccurred
                0x000000000800486c      0x1c0 ./Drivers/STM32H7xx_HAL_Driver/Src/stm32h7xx_hal_i2c.o
 .text.I2C_TransferConfig
                0x0000000008004a2c       0x64 ./Drivers/STM32H7xx_HAL_Driver/Src/stm32h7xx_hal_i2c.o
 .text.HAL_I2CEx_ConfigAnalogFilter
                0x0000000008004a90       0x96 ./Drivers/STM32H7xx_HAL_Driver/Src/stm32h7xx_hal_i2c_ex.o
                0x0000000008004a90                HAL_I2CEx_ConfigAnalogFilter
 .text.HAL_I2CEx_ConfigDigitalFilter
                0x0000000008004b26       0x98 ./Drivers/STM32H7xx_HAL_Driver/Src/stm32h7xx_hal_i2c_ex.o
                0x0000000008004b26                HAL_I2CEx_ConfigDigitalFilter
 *fill*         0x0000000008004bbe        0x2 
 .text.HAL_PWREx_ConfigSupply
                0x0000000008004bc0       0x74 ./Drivers/STM32H7xx_HAL_Driver/Src/stm32h7xx_hal_pwr_ex.o
                0x0000000008004bc0                HAL_PWREx_ConfigSupply
 .text.HAL_RCC_OscConfig
                0x0000000008004c34      0x7b4 ./Drivers/STM32H7xx_HAL_Driver/Src/stm32h7xx_hal_rcc.o
                0x0000000008004c34                HAL_RCC_OscConfig
 .text.HAL_RCC_ClockConfig
                0x00000000080053e8      0x36c ./Drivers/STM32H7xx_HAL_Driver/Src/stm32h7xx_hal_rcc.o
                0x00000000080053e8                HAL_RCC_ClockConfig
 .text.HAL_RCC_GetSysClockFreq
                0x0000000008005754      0x2f4 ./Drivers/STM32H7xx_HAL_Driver/Src/stm32h7xx_hal_rcc.o
                0x0000000008005754                HAL_RCC_GetSysClockFreq
 .text.HAL_RCC_GetHCLKFreq
                0x0000000008005a48       0x60 ./Drivers/STM32H7xx_HAL_Driver/Src/stm32h7xx_hal_rcc.o
                0x0000000008005a48                HAL_RCC_GetHCLKFreq
 .text.HAL_RCC_GetPCLK1Freq
                0x0000000008005aa8       0x2c ./Drivers/STM32H7xx_HAL_Driver/Src/stm32h7xx_hal_rcc.o
                0x0000000008005aa8                HAL_RCC_GetPCLK1Freq
 .text.HAL_RCC_GetPCLK2Freq
                0x0000000008005ad4       0x2c ./Drivers/STM32H7xx_HAL_Driver/Src/stm32h7xx_hal_rcc.o
                0x0000000008005ad4                HAL_RCC_GetPCLK2Freq
 .text.HAL_RCC_GetClockConfig
                0x0000000008005b00       0x84 ./Drivers/STM32H7xx_HAL_Driver/Src/stm32h7xx_hal_rcc.o
                0x0000000008005b00                HAL_RCC_GetClockConfig
 .text.HAL_RCCEx_PeriphCLKConfig
                0x0000000008005b84     0x1340 ./Drivers/STM32H7xx_HAL_Driver/Src/stm32h7xx_hal_rcc_ex.o
                0x0000000008005b84                HAL_RCCEx_PeriphCLKConfig
 .text.HAL_RCCEx_GetD3PCLK1Freq
                0x0000000008006ec4       0x2c ./Drivers/STM32H7xx_HAL_Driver/Src/stm32h7xx_hal_rcc_ex.o
                0x0000000008006ec4                HAL_RCCEx_GetD3PCLK1Freq
 .text.HAL_RCCEx_GetPLL2ClockFreq
                0x0000000008006ef0      0x2a8 ./Drivers/STM32H7xx_HAL_Driver/Src/stm32h7xx_hal_rcc_ex.o
                0x0000000008006ef0                HAL_RCCEx_GetPLL2ClockFreq
 .text.HAL_RCCEx_GetPLL3ClockFreq
                0x0000000008007198      0x2a8 ./Drivers/STM32H7xx_HAL_Driver/Src/stm32h7xx_hal_rcc_ex.o
                0x0000000008007198                HAL_RCCEx_GetPLL3ClockFreq
 .text.RCCEx_PLL2_Config
                0x0000000008007440      0x164 ./Drivers/STM32H7xx_HAL_Driver/Src/stm32h7xx_hal_rcc_ex.o
 .text.RCCEx_PLL3_Config
                0x00000000080075a4      0x164 ./Drivers/STM32H7xx_HAL_Driver/Src/stm32h7xx_hal_rcc_ex.o
 .text.HAL_TIM_Base_Init
                0x0000000008007708       0xae ./Drivers/STM32H7xx_HAL_Driver/Src/stm32h7xx_hal_tim.o
                0x0000000008007708                HAL_TIM_Base_Init
 *fill*         0x00000000080077b6        0x2 
 .text.HAL_TIM_Base_Start
                0x00000000080077b8       0xfc ./Drivers/STM32H7xx_HAL_Driver/Src/stm32h7xx_hal_tim.o
                0x00000000080077b8                HAL_TIM_Base_Start
 .text.HAL_TIM_Base_Start_IT
                0x00000000080078b4      0x10c ./Drivers/STM32H7xx_HAL_Driver/Src/stm32h7xx_hal_tim.o
                0x00000000080078b4                HAL_TIM_Base_Start_IT
 .text.HAL_TIM_Encoder_Init
                0x00000000080079c0      0x14c ./Drivers/STM32H7xx_HAL_Driver/Src/stm32h7xx_hal_tim.o
                0x00000000080079c0                HAL_TIM_Encoder_Init
 .text.HAL_TIM_Encoder_Start
                0x0000000008007b0c      0x11c ./Drivers/STM32H7xx_HAL_Driver/Src/stm32h7xx_hal_tim.o
                0x0000000008007b0c                HAL_TIM_Encoder_Start
 .text.HAL_TIM_IRQHandler
                0x0000000008007c28      0x20e ./Drivers/STM32H7xx_HAL_Driver/Src/stm32h7xx_hal_tim.o
                0x0000000008007c28                HAL_TIM_IRQHandler
 *fill*         0x0000000008007e36        0x2 
 .text.HAL_TIM_ConfigClockSource
                0x0000000008007e38      0x1f0 ./Drivers/STM32H7xx_HAL_Driver/Src/stm32h7xx_hal_tim.o
                0x0000000008007e38                HAL_TIM_ConfigClockSource
 .text.HAL_TIM_OC_DelayElapsedCallback
                0x0000000008008028       0x14 ./Drivers/STM32H7xx_HAL_Driver/Src/stm32h7xx_hal_tim.o
                0x0000000008008028                HAL_TIM_OC_DelayElapsedCallback
 .text.HAL_TIM_IC_CaptureCallback
                0x000000000800803c       0x14 ./Drivers/STM32H7xx_HAL_Driver/Src/stm32h7xx_hal_tim.o
                0x000000000800803c                HAL_TIM_IC_CaptureCallback
 .text.HAL_TIM_PWM_PulseFinishedCallback
                0x0000000008008050       0x14 ./Drivers/STM32H7xx_HAL_Driver/Src/stm32h7xx_hal_tim.o
                0x0000000008008050                HAL_TIM_PWM_PulseFinishedCallback
 .text.HAL_TIM_TriggerCallback
                0x0000000008008064       0x14 ./Drivers/STM32H7xx_HAL_Driver/Src/stm32h7xx_hal_tim.o
                0x0000000008008064                HAL_TIM_TriggerCallback
 .text.TIM_Base_SetConfig
                0x0000000008008078      0x164 ./Drivers/STM32H7xx_HAL_Driver/Src/stm32h7xx_hal_tim.o
                0x0000000008008078                TIM_Base_SetConfig
 .text.TIM_TI1_ConfigInputStage
                0x00000000080081dc       0x5e ./Drivers/STM32H7xx_HAL_Driver/Src/stm32h7xx_hal_tim.o
 .text.TIM_TI2_ConfigInputStage
                0x000000000800823a       0x60 ./Drivers/STM32H7xx_HAL_Driver/Src/stm32h7xx_hal_tim.o
 *fill*         0x000000000800829a        0x2 
 .text.TIM_ITRx_SetConfig
                0x000000000800829c       0x3c ./Drivers/STM32H7xx_HAL_Driver/Src/stm32h7xx_hal_tim.o
 .text.TIM_ETR_SetConfig
                0x00000000080082d8       0x40 ./Drivers/STM32H7xx_HAL_Driver/Src/stm32h7xx_hal_tim.o
                0x00000000080082d8                TIM_ETR_SetConfig
 .text.TIM_CCxChannelCmd
                0x0000000008008318       0x4a ./Drivers/STM32H7xx_HAL_Driver/Src/stm32h7xx_hal_tim.o
                0x0000000008008318                TIM_CCxChannelCmd
 *fill*         0x0000000008008362        0x2 
 .text.HAL_TIMEx_MasterConfigSynchronization
                0x0000000008008364      0x138 ./Drivers/STM32H7xx_HAL_Driver/Src/stm32h7xx_hal_tim_ex.o
                0x0000000008008364                HAL_TIMEx_MasterConfigSynchronization
 .text.HAL_TIMEx_CommutCallback
                0x000000000800849c       0x14 ./Drivers/STM32H7xx_HAL_Driver/Src/stm32h7xx_hal_tim_ex.o
                0x000000000800849c                HAL_TIMEx_CommutCallback
 .text.HAL_TIMEx_BreakCallback
                0x00000000080084b0       0x14 ./Drivers/STM32H7xx_HAL_Driver/Src/stm32h7xx_hal_tim_ex.o
                0x00000000080084b0                HAL_TIMEx_BreakCallback
 .text.HAL_TIMEx_Break2Callback
                0x00000000080084c4       0x14 ./Drivers/STM32H7xx_HAL_Driver/Src/stm32h7xx_hal_tim_ex.o
                0x00000000080084c4                HAL_TIMEx_Break2Callback
 .text.HAL_UART_Init
                0x00000000080084d8       0xa0 ./Drivers/STM32H7xx_HAL_Driver/Src/stm32h7xx_hal_uart.o
                0x00000000080084d8                HAL_UART_Init
 .text.HAL_UART_Transmit_IT
                0x0000000008008578      0x128 ./Drivers/STM32H7xx_HAL_Driver/Src/stm32h7xx_hal_uart.o
                0x0000000008008578                HAL_UART_Transmit_IT
 .text.HAL_UART_Receive_IT
                0x00000000080086a0       0x98 ./Drivers/STM32H7xx_HAL_Driver/Src/stm32h7xx_hal_uart.o
                0x00000000080086a0                HAL_UART_Receive_IT
 .text.HAL_UART_IRQHandler
                0x0000000008008738      0x774 ./Drivers/STM32H7xx_HAL_Driver/Src/stm32h7xx_hal_uart.o
                0x0000000008008738                HAL_UART_IRQHandler
 .text.HAL_UART_TxCpltCallback
                0x0000000008008eac       0x14 ./Drivers/STM32H7xx_HAL_Driver/Src/stm32h7xx_hal_uart.o
                0x0000000008008eac                HAL_UART_TxCpltCallback
 .text.HAL_UART_ErrorCallback
                0x0000000008008ec0       0x14 ./Drivers/STM32H7xx_HAL_Driver/Src/stm32h7xx_hal_uart.o
                0x0000000008008ec0                HAL_UART_ErrorCallback
 .text.HAL_UARTEx_RxEventCallback
                0x0000000008008ed4       0x18 ./Drivers/STM32H7xx_HAL_Driver/Src/stm32h7xx_hal_uart.o
                0x0000000008008ed4                HAL_UARTEx_RxEventCallback
 .text.UART_SetConfig
                0x0000000008008eec      0xcd8 ./Drivers/STM32H7xx_HAL_Driver/Src/stm32h7xx_hal_uart.o
                0x0000000008008eec                UART_SetConfig
 .text.UART_AdvFeatureConfig
                0x0000000008009bc4      0x144 ./Drivers/STM32H7xx_HAL_Driver/Src/stm32h7xx_hal_uart.o
                0x0000000008009bc4                UART_AdvFeatureConfig
 .text.UART_CheckIdleState
                0x0000000008009d08      0x154 ./Drivers/STM32H7xx_HAL_Driver/Src/stm32h7xx_hal_uart.o
                0x0000000008009d08                UART_CheckIdleState
 .text.UART_WaitOnFlagUntilTimeout
                0x0000000008009e5c       0xda ./Drivers/STM32H7xx_HAL_Driver/Src/stm32h7xx_hal_uart.o
                0x0000000008009e5c                UART_WaitOnFlagUntilTimeout
 *fill*         0x0000000008009f36        0x2 
 .text.UART_Start_Receive_IT
                0x0000000008009f38      0x244 ./Drivers/STM32H7xx_HAL_Driver/Src/stm32h7xx_hal_uart.o
                0x0000000008009f38                UART_Start_Receive_IT
 .text.UART_EndRxTransfer
                0x000000000800a17c       0xcc ./Drivers/STM32H7xx_HAL_Driver/Src/stm32h7xx_hal_uart.o
 .text.UART_DMAAbortOnError
                0x000000000800a248       0x2c ./Drivers/STM32H7xx_HAL_Driver/Src/stm32h7xx_hal_uart.o
 .text.UART_TxISR_8BIT
                0x000000000800a274       0xb8 ./Drivers/STM32H7xx_HAL_Driver/Src/stm32h7xx_hal_uart.o
 .text.UART_TxISR_16BIT
                0x000000000800a32c       0xc2 ./Drivers/STM32H7xx_HAL_Driver/Src/stm32h7xx_hal_uart.o
 .text.UART_TxISR_8BIT_FIFOEN
                0x000000000800a3ee       0xe0 ./Drivers/STM32H7xx_HAL_Driver/Src/stm32h7xx_hal_uart.o
 .text.UART_TxISR_16BIT_FIFOEN
                0x000000000800a4ce       0xea ./Drivers/STM32H7xx_HAL_Driver/Src/stm32h7xx_hal_uart.o
 .text.UART_EndTransmit_IT
                0x000000000800a5b8       0x56 ./Drivers/STM32H7xx_HAL_Driver/Src/stm32h7xx_hal_uart.o
 *fill*         0x000000000800a60e        0x2 
 .text.UART_RxISR_8BIT
                0x000000000800a610      0x1b8 ./Drivers/STM32H7xx_HAL_Driver/Src/stm32h7xx_hal_uart.o
 .text.UART_RxISR_16BIT
                0x000000000800a7c8      0x1b8 ./Drivers/STM32H7xx_HAL_Driver/Src/stm32h7xx_hal_uart.o
 .text.UART_RxISR_8BIT_FIFOEN
                0x000000000800a980      0x360 ./Drivers/STM32H7xx_HAL_Driver/Src/stm32h7xx_hal_uart.o
 .text.UART_RxISR_16BIT_FIFOEN
                0x000000000800ace0      0x368 ./Drivers/STM32H7xx_HAL_Driver/Src/stm32h7xx_hal_uart.o
 .text.HAL_UARTEx_WakeupCallback
                0x000000000800b048       0x14 ./Drivers/STM32H7xx_HAL_Driver/Src/stm32h7xx_hal_uart_ex.o
                0x000000000800b048                HAL_UARTEx_WakeupCallback
 .text.HAL_UARTEx_RxFifoFullCallback
                0x000000000800b05c       0x14 ./Drivers/STM32H7xx_HAL_Driver/Src/stm32h7xx_hal_uart_ex.o
                0x000000000800b05c                HAL_UARTEx_RxFifoFullCallback
 .text.HAL_UARTEx_TxFifoEmptyCallback
                0x000000000800b070       0x14 ./Drivers/STM32H7xx_HAL_Driver/Src/stm32h7xx_hal_uart_ex.o
                0x000000000800b070                HAL_UARTEx_TxFifoEmptyCallback
 .text.HAL_UARTEx_DisableFifoMode
                0x000000000800b084       0x72 ./Drivers/STM32H7xx_HAL_Driver/Src/stm32h7xx_hal_uart_ex.o
                0x000000000800b084                HAL_UARTEx_DisableFifoMode
 .text.HAL_UARTEx_SetTxFifoThreshold
                0x000000000800b0f6       0x7c ./Drivers/STM32H7xx_HAL_Driver/Src/stm32h7xx_hal_uart_ex.o
                0x000000000800b0f6                HAL_UARTEx_SetTxFifoThreshold
 .text.HAL_UARTEx_SetRxFifoThreshold
                0x000000000800b172       0x7c ./Drivers/STM32H7xx_HAL_Driver/Src/stm32h7xx_hal_uart_ex.o
                0x000000000800b172                HAL_UARTEx_SetRxFifoThreshold
 *fill*         0x000000000800b1ee        0x2 
 .text.UARTEx_SetNbDataToProcess
                0x000000000800b1f0       0x9c ./Drivers/STM32H7xx_HAL_Driver/Src/stm32h7xx_hal_uart_ex.o
 .text.__NVIC_SetPriority
                0x000000000800b28c       0x54 ./Middlewares/Third_Party/FreeRTOS/Source/CMSIS_RTOS_V2/cmsis_os2.o
 .text.SysTick_Handler
                0x000000000800b2e0       0x20 ./Middlewares/Third_Party/FreeRTOS/Source/CMSIS_RTOS_V2/cmsis_os2.o
                0x000000000800b2e0                SysTick_Handler
 .text.SVC_Setup
                0x000000000800b300       0x12 ./Middlewares/Third_Party/FreeRTOS/Source/CMSIS_RTOS_V2/cmsis_os2.o
 *fill*         0x000000000800b312        0x2 
 .text.osKernelInitialize
                0x000000000800b314       0x48 ./Middlewares/Third_Party/FreeRTOS/Source/CMSIS_RTOS_V2/cmsis_os2.o
                0x000000000800b314                osKernelInitialize
 .text.osKernelStart
                0x000000000800b35c       0x4c ./Middlewares/Third_Party/FreeRTOS/Source/CMSIS_RTOS_V2/cmsis_os2.o
                0x000000000800b35c                osKernelStart
 .text.osThreadNew
                0x000000000800b3a8      0x124 ./Middlewares/Third_Party/FreeRTOS/Source/CMSIS_RTOS_V2/cmsis_os2.o
                0x000000000800b3a8                osThreadNew
 .text.osDelay  0x000000000800b4cc       0x36 ./Middlewares/Third_Party/FreeRTOS/Source/CMSIS_RTOS_V2/cmsis_os2.o
                0x000000000800b4cc                osDelay
 .text.osSemaphoreNew
                0x000000000800b502      0x112 ./Middlewares/Third_Party/FreeRTOS/Source/CMSIS_RTOS_V2/cmsis_os2.o
                0x000000000800b502                osSemaphoreNew
 .text.osSemaphoreAcquire
                0x000000000800b614       0xa4 ./Middlewares/Third_Party/FreeRTOS/Source/CMSIS_RTOS_V2/cmsis_os2.o
                0x000000000800b614                osSemaphoreAcquire
 .text.osSemaphoreRelease
                0x000000000800b6b8       0x88 ./Middlewares/Third_Party/FreeRTOS/Source/CMSIS_RTOS_V2/cmsis_os2.o
                0x000000000800b6b8                osSemaphoreRelease
 .text.vApplicationGetIdleTaskMemory
                0x000000000800b740       0x34 ./Middlewares/Third_Party/FreeRTOS/Source/CMSIS_RTOS_V2/cmsis_os2.o
                0x000000000800b740                vApplicationGetIdleTaskMemory
 .text.vApplicationGetTimerTaskMemory
                0x000000000800b774       0x34 ./Middlewares/Third_Party/FreeRTOS/Source/CMSIS_RTOS_V2/cmsis_os2.o
                0x000000000800b774                vApplicationGetTimerTaskMemory
 .text.vListInitialise
                0x000000000800b7a8       0x40 ./Middlewares/Third_Party/FreeRTOS/Source/list.o
                0x000000000800b7a8                vListInitialise
 .text.vListInitialiseItem
                0x000000000800b7e8       0x1a ./Middlewares/Third_Party/FreeRTOS/Source/list.o
                0x000000000800b7e8                vListInitialiseItem
 .text.vListInsertEnd
                0x000000000800b802       0x48 ./Middlewares/Third_Party/FreeRTOS/Source/list.o
                0x000000000800b802                vListInsertEnd
 .text.vListInsert
                0x000000000800b84a       0x72 ./Middlewares/Third_Party/FreeRTOS/Source/list.o
                0x000000000800b84a                vListInsert
 .text.uxListRemove
                0x000000000800b8bc       0x54 ./Middlewares/Third_Party/FreeRTOS/Source/list.o
                0x000000000800b8bc                uxListRemove
 .text.xQueueGenericReset
                0x000000000800b910       0xd0 ./Middlewares/Third_Party/FreeRTOS/Source/queue.o
                0x000000000800b910                xQueueGenericReset
 .text.xQueueGenericCreateStatic
                0x000000000800b9e0       0xf0 ./Middlewares/Third_Party/FreeRTOS/Source/queue.o
                0x000000000800b9e0                xQueueGenericCreateStatic
 .text.xQueueGenericCreate
                0x000000000800bad0       0x74 ./Middlewares/Third_Party/FreeRTOS/Source/queue.o
                0x000000000800bad0                xQueueGenericCreate
 .text.prvInitialiseNewQueue
                0x000000000800bb44       0x46 ./Middlewares/Third_Party/FreeRTOS/Source/queue.o
 .text.xQueueCreateCountingSemaphoreStatic
                0x000000000800bb8a       0x6e ./Middlewares/Third_Party/FreeRTOS/Source/queue.o
                0x000000000800bb8a                xQueueCreateCountingSemaphoreStatic
 .text.xQueueCreateCountingSemaphore
                0x000000000800bbf8       0x66 ./Middlewares/Third_Party/FreeRTOS/Source/queue.o
                0x000000000800bbf8                xQueueCreateCountingSemaphore
 *fill*         0x000000000800bc5e        0x2 
 .text.xQueueGenericSend
                0x000000000800bc60      0x1fc ./Middlewares/Third_Party/FreeRTOS/Source/queue.o
                0x000000000800bc60                xQueueGenericSend
 .text.xQueueGenericSendFromISR
                0x000000000800be5c      0x136 ./Middlewares/Third_Party/FreeRTOS/Source/queue.o
                0x000000000800be5c                xQueueGenericSendFromISR
 .text.xQueueGiveFromISR
                0x000000000800bf92      0x11a ./Middlewares/Third_Party/FreeRTOS/Source/queue.o
                0x000000000800bf92                xQueueGiveFromISR
 .text.xQueueReceive
                0x000000000800c0ac      0x1c0 ./Middlewares/Third_Party/FreeRTOS/Source/queue.o
                0x000000000800c0ac                xQueueReceive
 .text.xQueueSemaphoreTake
                0x000000000800c26c      0x218 ./Middlewares/Third_Party/FreeRTOS/Source/queue.o
                0x000000000800c26c                xQueueSemaphoreTake
 .text.xQueueReceiveFromISR
                0x000000000800c484      0x100 ./Middlewares/Third_Party/FreeRTOS/Source/queue.o
                0x000000000800c484                xQueueReceiveFromISR
 .text.vQueueDelete
                0x000000000800c584       0x46 ./Middlewares/Third_Party/FreeRTOS/Source/queue.o
                0x000000000800c584                vQueueDelete
 .text.prvGetDisinheritPriorityAfterTimeout
                0x000000000800c5ca       0x30 ./Middlewares/Third_Party/FreeRTOS/Source/queue.o
 .text.prvCopyDataToQueue
                0x000000000800c5fa       0xd4 ./Middlewares/Third_Party/FreeRTOS/Source/queue.o
 .text.prvCopyDataFromQueue
                0x000000000800c6ce       0x4c ./Middlewares/Third_Party/FreeRTOS/Source/queue.o
 .text.prvUnlockQueue
                0x000000000800c71a       0xa4 ./Middlewares/Third_Party/FreeRTOS/Source/queue.o
 .text.prvIsQueueEmpty
                0x000000000800c7be       0x2c ./Middlewares/Third_Party/FreeRTOS/Source/queue.o
 .text.prvIsQueueFull
                0x000000000800c7ea       0x30 ./Middlewares/Third_Party/FreeRTOS/Source/queue.o
 *fill*         0x000000000800c81a        0x2 
 .text.vQueueAddToRegistry
                0x000000000800c81c       0x54 ./Middlewares/Third_Party/FreeRTOS/Source/queue.o
                0x000000000800c81c                vQueueAddToRegistry
 .text.vQueueUnregisterQueue
                0x000000000800c870       0x54 ./Middlewares/Third_Party/FreeRTOS/Source/queue.o
                0x000000000800c870                vQueueUnregisterQueue
 .text.vQueueWaitForMessageRestricted
                0x000000000800c8c4       0x68 ./Middlewares/Third_Party/FreeRTOS/Source/queue.o
                0x000000000800c8c4                vQueueWaitForMessageRestricted
 .text.xTaskCreateStatic
                0x000000000800c92c       0xba ./Middlewares/Third_Party/FreeRTOS/Source/tasks.o
                0x000000000800c92c                xTaskCreateStatic
 .text.xTaskCreate
                0x000000000800c9e6       0x8a ./Middlewares/Third_Party/FreeRTOS/Source/tasks.o
                0x000000000800c9e6                xTaskCreate
 .text.prvInitialiseNewTask
                0x000000000800ca70      0x14c ./Middlewares/Third_Party/FreeRTOS/Source/tasks.o
 .text.prvAddNewTaskToReadyList
                0x000000000800cbbc       0xe0 ./Middlewares/Third_Party/FreeRTOS/Source/tasks.o
 .text.vTaskDelay
                0x000000000800cc9c       0x68 ./Middlewares/Third_Party/FreeRTOS/Source/tasks.o
                0x000000000800cc9c                vTaskDelay
 .text.vTaskStartScheduler
                0x000000000800cd04       0xe0 ./Middlewares/Third_Party/FreeRTOS/Source/tasks.o
                0x000000000800cd04                vTaskStartScheduler
 .text.vTaskSuspendAll
                0x000000000800cde4       0x1c ./Middlewares/Third_Party/FreeRTOS/Source/tasks.o
                0x000000000800cde4                vTaskSuspendAll
 .text.xTaskResumeAll
                0x000000000800ce00      0x13c ./Middlewares/Third_Party/FreeRTOS/Source/tasks.o
                0x000000000800ce00                xTaskResumeAll
 .text.xTaskGetTickCount
                0x000000000800cf3c       0x20 ./Middlewares/Third_Party/FreeRTOS/Source/tasks.o
                0x000000000800cf3c                xTaskGetTickCount
 .text.xTaskIncrementTick
                0x000000000800cf5c      0x174 ./Middlewares/Third_Party/FreeRTOS/Source/tasks.o
                0x000000000800cf5c                xTaskIncrementTick
 .text.vTaskSwitchContext
                0x000000000800d0d0       0xc8 ./Middlewares/Third_Party/FreeRTOS/Source/tasks.o
                0x000000000800d0d0                vTaskSwitchContext
 .text.vTaskPlaceOnEventList
                0x000000000800d198       0x48 ./Middlewares/Third_Party/FreeRTOS/Source/tasks.o
                0x000000000800d198                vTaskPlaceOnEventList
 .text.vTaskPlaceOnEventListRestricted
                0x000000000800d1e0       0x58 ./Middlewares/Third_Party/FreeRTOS/Source/tasks.o
                0x000000000800d1e0                vTaskPlaceOnEventListRestricted
 .text.xTaskRemoveFromEventList
                0x000000000800d238       0xc8 ./Middlewares/Third_Party/FreeRTOS/Source/tasks.o
                0x000000000800d238                xTaskRemoveFromEventList
 .text.vTaskInternalSetTimeOutState
                0x000000000800d300       0x2c ./Middlewares/Third_Party/FreeRTOS/Source/tasks.o
                0x000000000800d300                vTaskInternalSetTimeOutState
 .text.xTaskCheckForTimeOut
                0x000000000800d32c       0xc4 ./Middlewares/Third_Party/FreeRTOS/Source/tasks.o
                0x000000000800d32c                xTaskCheckForTimeOut
 .text.vTaskMissedYield
                0x000000000800d3f0       0x18 ./Middlewares/Third_Party/FreeRTOS/Source/tasks.o
                0x000000000800d3f0                vTaskMissedYield
 .text.prvIdleTask
                0x000000000800d408       0x30 ./Middlewares/Third_Party/FreeRTOS/Source/tasks.o
 .text.prvInitialiseTaskLists
                0x000000000800d438       0x80 ./Middlewares/Third_Party/FreeRTOS/Source/tasks.o
 .text.prvCheckTasksWaitingTermination
                0x000000000800d4b8       0x5c ./Middlewares/Third_Party/FreeRTOS/Source/tasks.o
 .text.prvDeleteTCB
                0x000000000800d514       0x68 ./Middlewares/Third_Party/FreeRTOS/Source/tasks.o
 .text.prvResetNextTaskUnblockTime
                0x000000000800d57c       0x40 ./Middlewares/Third_Party/FreeRTOS/Source/tasks.o
 .text.xTaskGetSchedulerState
                0x000000000800d5bc       0x3c ./Middlewares/Third_Party/FreeRTOS/Source/tasks.o
                0x000000000800d5bc                xTaskGetSchedulerState
 .text.xTaskPriorityInherit
                0x000000000800d5f8       0xd0 ./Middlewares/Third_Party/FreeRTOS/Source/tasks.o
                0x000000000800d5f8                xTaskPriorityInherit
 .text.xTaskPriorityDisinherit
                0x000000000800d6c8       0xdc ./Middlewares/Third_Party/FreeRTOS/Source/tasks.o
                0x000000000800d6c8                xTaskPriorityDisinherit
 .text.vTaskPriorityDisinheritAfterTimeout
                0x000000000800d7a4      0x104 ./Middlewares/Third_Party/FreeRTOS/Source/tasks.o
                0x000000000800d7a4                vTaskPriorityDisinheritAfterTimeout
 .text.pvTaskIncrementMutexHeldCount
                0x000000000800d8a8       0x28 ./Middlewares/Third_Party/FreeRTOS/Source/tasks.o
                0x000000000800d8a8                pvTaskIncrementMutexHeldCount
 .text.prvAddCurrentTaskToDelayedList
                0x000000000800d8d0       0xa8 ./Middlewares/Third_Party/FreeRTOS/Source/tasks.o
 .text.xTimerCreateTimerTask
                0x000000000800d978       0x90 ./Middlewares/Third_Party/FreeRTOS/Source/timers.o
                0x000000000800d978                xTimerCreateTimerTask
 .text.xTimerGenericCommand
                0x000000000800da08       0x9c ./Middlewares/Third_Party/FreeRTOS/Source/timers.o
                0x000000000800da08                xTimerGenericCommand
 .text.prvProcessExpiredTimer
                0x000000000800daa4       0x98 ./Middlewares/Third_Party/FreeRTOS/Source/timers.o
 .text.prvTimerTask
                0x000000000800db3c       0x24 ./Middlewares/Third_Party/FreeRTOS/Source/timers.o
 .text.prvProcessTimerOrBlockTask
                0x000000000800db60       0x9c ./Middlewares/Third_Party/FreeRTOS/Source/timers.o
 .text.prvGetNextExpireTime
                0x000000000800dbfc       0x48 ./Middlewares/Third_Party/FreeRTOS/Source/timers.o
 .text.prvSampleTimeNow
                0x000000000800dc44       0x40 ./Middlewares/Third_Party/FreeRTOS/Source/timers.o
 .text.prvInsertTimerInActiveList
                0x000000000800dc84       0x84 ./Middlewares/Third_Party/FreeRTOS/Source/timers.o
 .text.prvProcessReceivedCommands
                0x000000000800dd08      0x1c4 ./Middlewares/Third_Party/FreeRTOS/Source/timers.o
 .text.prvSwitchTimerLists
                0x000000000800decc       0xc8 ./Middlewares/Third_Party/FreeRTOS/Source/timers.o
 .text.prvCheckForValidListAndQueue
                0x000000000800df94       0x80 ./Middlewares/Third_Party/FreeRTOS/Source/timers.o
 .text.pxPortInitialiseStack
                0x000000000800e014       0x68 ./Middlewares/Third_Party/FreeRTOS/Source/portable/GCC/ARM_CM4F/port.o
                0x000000000800e014                pxPortInitialiseStack
 .text.prvTaskExitError
                0x000000000800e07c       0x58 ./Middlewares/Third_Party/FreeRTOS/Source/portable/GCC/ARM_CM4F/port.o
 *fill*         0x000000000800e0d4        0xc 
 .text.SVC_Handler
                0x000000000800e0e0       0x28 ./Middlewares/Third_Party/FreeRTOS/Source/portable/GCC/ARM_CM4F/port.o
                0x000000000800e0e0                SVC_Handler
 .text.prvPortStartFirstTask
                0x000000000800e108       0x28 ./Middlewares/Third_Party/FreeRTOS/Source/portable/GCC/ARM_CM4F/port.o
 .text.xPortStartScheduler
                0x000000000800e130      0x144 ./Middlewares/Third_Party/FreeRTOS/Source/portable/GCC/ARM_CM4F/port.o
                0x000000000800e130                xPortStartScheduler
 .text.vPortEnterCritical
                0x000000000800e274       0x60 ./Middlewares/Third_Party/FreeRTOS/Source/portable/GCC/ARM_CM4F/port.o
                0x000000000800e274                vPortEnterCritical
 .text.vPortExitCritical
                0x000000000800e2d4       0x54 ./Middlewares/Third_Party/FreeRTOS/Source/portable/GCC/ARM_CM4F/port.o
                0x000000000800e2d4                vPortExitCritical
 *fill*         0x000000000800e328        0x8 
 .text.PendSV_Handler
                0x000000000800e330       0x68 ./Middlewares/Third_Party/FreeRTOS/Source/portable/GCC/ARM_CM4F/port.o
                0x000000000800e330                PendSV_Handler
 .text.xPortSysTickHandler
                0x000000000800e398       0x44 ./Middlewares/Third_Party/FreeRTOS/Source/portable/GCC/ARM_CM4F/port.o
                0x000000000800e398                xPortSysTickHandler
 .text.vPortSetupTimerInterrupt
                0x000000000800e3dc       0x48 ./Middlewares/Third_Party/FreeRTOS/Source/portable/GCC/ARM_CM4F/port.o
                0x000000000800e3dc                vPortSetupTimerInterrupt
 .text.vPortEnableVFP
                0x000000000800e424       0x14 ./Middlewares/Third_Party/FreeRTOS/Source/portable/GCC/ARM_CM4F/port.o
 .text.vPortValidateInterruptPriority
                0x000000000800e438       0x80 ./Middlewares/Third_Party/FreeRTOS/Source/portable/GCC/ARM_CM4F/port.o
                0x000000000800e438                vPortValidateInterruptPriority
 .text.pvPortMalloc
                0x000000000800e4b8      0x198 ./Middlewares/Third_Party/FreeRTOS/Source/portable/MemMang/heap_4.o
                0x000000000800e4b8                pvPortMalloc
 .text.vPortFree
                0x000000000800e650       0xc4 ./Middlewares/Third_Party/FreeRTOS/Source/portable/MemMang/heap_4.o
                0x000000000800e650                vPortFree
 .text.prvHeapInit
                0x000000000800e714       0xc4 ./Middlewares/Third_Party/FreeRTOS/Source/portable/MemMang/heap_4.o
 .text.prvInsertBlockIntoFreeList
                0x000000000800e7d8       0xb4 ./Middlewares/Third_Party/FreeRTOS/Source/portable/MemMang/heap_4.o
 .text.__errno  0x000000000800e88c        0xc c:/st/stm32cubeide_1.11.2/stm32cubeide/plugins/com.st.stm32cube.ide.mcu.externaltools.gnu-tools-for-stm32.10.3-2021.10.win32_1.0.100.202210260954/tools/bin/../lib/gcc/arm-none-eabi/10.3.1/../../../../arm-none-eabi/lib/thumb/v7e-m+dp/hard\libc_nano.a(lib_a-errno.o)
                0x000000000800e88c                __errno
 .text.std      0x000000000800e898       0x48 c:/st/stm32cubeide_1.11.2/stm32cubeide/plugins/com.st.stm32cube.ide.mcu.externaltools.gnu-tools-for-stm32.10.3-2021.10.win32_1.0.100.202210260954/tools/bin/../lib/gcc/arm-none-eabi/10.3.1/../../../../arm-none-eabi/lib/thumb/v7e-m+dp/hard\libc_nano.a(lib_a-findfp.o)
 .text._cleanup_r
                0x000000000800e8e0        0xc c:/st/stm32cubeide_1.11.2/stm32cubeide/plugins/com.st.stm32cube.ide.mcu.externaltools.gnu-tools-for-stm32.10.3-2021.10.win32_1.0.100.202210260954/tools/bin/../lib/gcc/arm-none-eabi/10.3.1/../../../../arm-none-eabi/lib/thumb/v7e-m+dp/hard\libc_nano.a(lib_a-findfp.o)
                0x000000000800e8e0                _cleanup_r
 .text.__sfmoreglue
                0x000000000800e8ec       0x2c c:/st/stm32cubeide_1.11.2/stm32cubeide/plugins/com.st.stm32cube.ide.mcu.externaltools.gnu-tools-for-stm32.10.3-2021.10.win32_1.0.100.202210260954/tools/bin/../lib/gcc/arm-none-eabi/10.3.1/../../../../arm-none-eabi/lib/thumb/v7e-m+dp/hard\libc_nano.a(lib_a-findfp.o)
                0x000000000800e8ec                __sfmoreglue
 .text.__sfp_lock_acquire
                0x000000000800e918        0xc c:/st/stm32cubeide_1.11.2/stm32cubeide/plugins/com.st.stm32cube.ide.mcu.externaltools.gnu-tools-for-stm32.10.3-2021.10.win32_1.0.100.202210260954/tools/bin/../lib/gcc/arm-none-eabi/10.3.1/../../../../arm-none-eabi/lib/thumb/v7e-m+dp/hard\libc_nano.a(lib_a-findfp.o)
                0x000000000800e918                __sfp_lock_acquire
 .text.__sfp_lock_release
                0x000000000800e924        0xc c:/st/stm32cubeide_1.11.2/stm32cubeide/plugins/com.st.stm32cube.ide.mcu.externaltools.gnu-tools-for-stm32.10.3-2021.10.win32_1.0.100.202210260954/tools/bin/../lib/gcc/arm-none-eabi/10.3.1/../../../../arm-none-eabi/lib/thumb/v7e-m+dp/hard\libc_nano.a(lib_a-findfp.o)
                0x000000000800e924                __sfp_lock_release
 .text.__sinit_lock_acquire
                0x000000000800e930        0xc c:/st/stm32cubeide_1.11.2/stm32cubeide/plugins/com.st.stm32cube.ide.mcu.externaltools.gnu-tools-for-stm32.10.3-2021.10.win32_1.0.100.202210260954/tools/bin/../lib/gcc/arm-none-eabi/10.3.1/../../../../arm-none-eabi/lib/thumb/v7e-m+dp/hard\libc_nano.a(lib_a-findfp.o)
                0x000000000800e930                __sinit_lock_acquire
 .text.__sinit_lock_release
                0x000000000800e93c        0xc c:/st/stm32cubeide_1.11.2/stm32cubeide/plugins/com.st.stm32cube.ide.mcu.externaltools.gnu-tools-for-stm32.10.3-2021.10.win32_1.0.100.202210260954/tools/bin/../lib/gcc/arm-none-eabi/10.3.1/../../../../arm-none-eabi/lib/thumb/v7e-m+dp/hard\libc_nano.a(lib_a-findfp.o)
                0x000000000800e93c                __sinit_lock_release
 .text.__sinit  0x000000000800e948       0x70 c:/st/stm32cubeide_1.11.2/stm32cubeide/plugins/com.st.stm32cube.ide.mcu.externaltools.gnu-tools-for-stm32.10.3-2021.10.win32_1.0.100.202210260954/tools/bin/../lib/gcc/arm-none-eabi/10.3.1/../../../../arm-none-eabi/lib/thumb/v7e-m+dp/hard\libc_nano.a(lib_a-findfp.o)
                0x000000000800e948                __sinit
 .text.__sfp    0x000000000800e9b8       0x8c c:/st/stm32cubeide_1.11.2/stm32cubeide/plugins/com.st.stm32cube.ide.mcu.externaltools.gnu-tools-for-stm32.10.3-2021.10.win32_1.0.100.202210260954/tools/bin/../lib/gcc/arm-none-eabi/10.3.1/../../../../arm-none-eabi/lib/thumb/v7e-m+dp/hard\libc_nano.a(lib_a-findfp.o)
                0x000000000800e9b8                __sfp
 .text._fwalk_reent
                0x000000000800ea44       0x3e c:/st/stm32cubeide_1.11.2/stm32cubeide/plugins/com.st.stm32cube.ide.mcu.externaltools.gnu-tools-for-stm32.10.3-2021.10.win32_1.0.100.202210260954/tools/bin/../lib/gcc/arm-none-eabi/10.3.1/../../../../arm-none-eabi/lib/thumb/v7e-m+dp/hard\libc_nano.a(lib_a-fwalk.o)
                0x000000000800ea44                _fwalk_reent
 *fill*         0x000000000800ea82        0x2 
 .text.__libc_init_array
                0x000000000800ea84       0x48 c:/st/stm32cubeide_1.11.2/stm32cubeide/plugins/com.st.stm32cube.ide.mcu.externaltools.gnu-tools-for-stm32.10.3-2021.10.win32_1.0.100.202210260954/tools/bin/../lib/gcc/arm-none-eabi/10.3.1/../../../../arm-none-eabi/lib/thumb/v7e-m+dp/hard\libc_nano.a(lib_a-init.o)
                0x000000000800ea84                __libc_init_array
 .text.__retarget_lock_init_recursive
                0x000000000800eacc        0x2 c:/st/stm32cubeide_1.11.2/stm32cubeide/plugins/com.st.stm32cube.ide.mcu.externaltools.gnu-tools-for-stm32.10.3-2021.10.win32_1.0.100.202210260954/tools/bin/../lib/gcc/arm-none-eabi/10.3.1/../../../../arm-none-eabi/lib/thumb/v7e-m+dp/hard\libc_nano.a(lib_a-lock.o)
                0x000000000800eacc                __retarget_lock_init_recursive
 .text.__retarget_lock_acquire_recursive
                0x000000000800eace        0x2 c:/st/stm32cubeide_1.11.2/stm32cubeide/plugins/com.st.stm32cube.ide.mcu.externaltools.gnu-tools-for-stm32.10.3-2021.10.win32_1.0.100.202210260954/tools/bin/../lib/gcc/arm-none-eabi/10.3.1/../../../../arm-none-eabi/lib/thumb/v7e-m+dp/hard\libc_nano.a(lib_a-lock.o)
                0x000000000800eace                __retarget_lock_acquire_recursive
 .text.__retarget_lock_release_recursive
                0x000000000800ead0        0x2 c:/st/stm32cubeide_1.11.2/stm32cubeide/plugins/com.st.stm32cube.ide.mcu.externaltools.gnu-tools-for-stm32.10.3-2021.10.win32_1.0.100.202210260954/tools/bin/../lib/gcc/arm-none-eabi/10.3.1/../../../../arm-none-eabi/lib/thumb/v7e-m+dp/hard\libc_nano.a(lib_a-lock.o)
                0x000000000800ead0                __retarget_lock_release_recursive
 .text.memcpy   0x000000000800ead2       0x1c c:/st/stm32cubeide_1.11.2/stm32cubeide/plugins/com.st.stm32cube.ide.mcu.externaltools.gnu-tools-for-stm32.10.3-2021.10.win32_1.0.100.202210260954/tools/bin/../lib/gcc/arm-none-eabi/10.3.1/../../../../arm-none-eabi/lib/thumb/v7e-m+dp/hard\libc_nano.a(lib_a-memcpy-stub.o)
                0x000000000800ead2                memcpy
 .text.memset   0x000000000800eaee       0x10 c:/st/stm32cubeide_1.11.2/stm32cubeide/plugins/com.st.stm32cube.ide.mcu.externaltools.gnu-tools-for-stm32.10.3-2021.10.win32_1.0.100.202210260954/tools/bin/../lib/gcc/arm-none-eabi/10.3.1/../../../../arm-none-eabi/lib/thumb/v7e-m+dp/hard\libc_nano.a(lib_a-memset.o)
                0x000000000800eaee                memset
 *fill*         0x000000000800eafe        0x2 
 .text.sbrk_aligned
                0x000000000800eb00       0x40 c:/st/stm32cubeide_1.11.2/stm32cubeide/plugins/com.st.stm32cube.ide.mcu.externaltools.gnu-tools-for-stm32.10.3-2021.10.win32_1.0.100.202210260954/tools/bin/../lib/gcc/arm-none-eabi/10.3.1/../../../../arm-none-eabi/lib/thumb/v7e-m+dp/hard\libc_nano.a(lib_a-nano-mallocr.o)
 .text._malloc_r
                0x000000000800eb40       0xe8 c:/st/stm32cubeide_1.11.2/stm32cubeide/plugins/com.st.stm32cube.ide.mcu.externaltools.gnu-tools-for-stm32.10.3-2021.10.win32_1.0.100.202210260954/tools/bin/../lib/gcc/arm-none-eabi/10.3.1/../../../../arm-none-eabi/lib/thumb/v7e-m+dp/hard\libc_nano.a(lib_a-nano-mallocr.o)
                0x000000000800eb40                _malloc_r
 .text.__cvt    0x000000000800ec28       0xa4 c:/st/stm32cubeide_1.11.2/stm32cubeide/plugins/com.st.stm32cube.ide.mcu.externaltools.gnu-tools-for-stm32.10.3-2021.10.win32_1.0.100.202210260954/tools/bin/../lib/gcc/arm-none-eabi/10.3.1/../../../../arm-none-eabi/lib/thumb/v7e-m+dp/hard\libc_nano.a(lib_a-nano-vfprintf_float.o)
                0x000000000800ec28                __cvt
 .text.__exponent
                0x000000000800eccc       0x7c c:/st/stm32cubeide_1.11.2/stm32cubeide/plugins/com.st.stm32cube.ide.mcu.externaltools.gnu-tools-for-stm32.10.3-2021.10.win32_1.0.100.202210260954/tools/bin/../lib/gcc/arm-none-eabi/10.3.1/../../../../arm-none-eabi/lib/thumb/v7e-m+dp/hard\libc_nano.a(lib_a-nano-vfprintf_float.o)
                0x000000000800eccc                __exponent
 .text._printf_float
                0x000000000800ed48      0x43c c:/st/stm32cubeide_1.11.2/stm32cubeide/plugins/com.st.stm32cube.ide.mcu.externaltools.gnu-tools-for-stm32.10.3-2021.10.win32_1.0.100.202210260954/tools/bin/../lib/gcc/arm-none-eabi/10.3.1/../../../../arm-none-eabi/lib/thumb/v7e-m+dp/hard\libc_nano.a(lib_a-nano-vfprintf_float.o)
                0x000000000800ed48                _printf_float
 .text._printf_common
                0x000000000800f184       0xda c:/st/stm32cubeide_1.11.2/stm32cubeide/plugins/com.st.stm32cube.ide.mcu.externaltools.gnu-tools-for-stm32.10.3-2021.10.win32_1.0.100.202210260954/tools/bin/../lib/gcc/arm-none-eabi/10.3.1/../../../../arm-none-eabi/lib/thumb/v7e-m+dp/hard\libc_nano.a(lib_a-nano-vfprintf_i.o)
                0x000000000800f184                _printf_common
 *fill*         0x000000000800f25e        0x2 
 .text._printf_i
                0x000000000800f260      0x24c c:/st/stm32cubeide_1.11.2/stm32cubeide/plugins/com.st.stm32cube.ide.mcu.externaltools.gnu-tools-for-stm32.10.3-2021.10.win32_1.0.100.202210260954/tools/bin/../lib/gcc/arm-none-eabi/10.3.1/../../../../arm-none-eabi/lib/thumb/v7e-m+dp/hard\libc_nano.a(lib_a-nano-vfprintf_i.o)
                0x000000000800f260                _printf_i
 .text.cleanup_glue
                0x000000000800f4ac       0x1a c:/st/stm32cubeide_1.11.2/stm32cubeide/plugins/com.st.stm32cube.ide.mcu.externaltools.gnu-tools-for-stm32.10.3-2021.10.win32_1.0.100.202210260954/tools/bin/../lib/gcc/arm-none-eabi/10.3.1/../../../../arm-none-eabi/lib/thumb/v7e-m+dp/hard\libc_nano.a(lib_a-reent.o)
                0x000000000800f4ac                cleanup_glue
 *fill*         0x000000000800f4c6        0x2 
 .text._reclaim_reent
                0x000000000800f4c8       0xb8 c:/st/stm32cubeide_1.11.2/stm32cubeide/plugins/com.st.stm32cube.ide.mcu.externaltools.gnu-tools-for-stm32.10.3-2021.10.win32_1.0.100.202210260954/tools/bin/../lib/gcc/arm-none-eabi/10.3.1/../../../../arm-none-eabi/lib/thumb/v7e-m+dp/hard\libc_nano.a(lib_a-reent.o)
                0x000000000800f4c8                _reclaim_reent
 .text._sbrk_r  0x000000000800f580       0x20 c:/st/stm32cubeide_1.11.2/stm32cubeide/plugins/com.st.stm32cube.ide.mcu.externaltools.gnu-tools-for-stm32.10.3-2021.10.win32_1.0.100.202210260954/tools/bin/../lib/gcc/arm-none-eabi/10.3.1/../../../../arm-none-eabi/lib/thumb/v7e-m+dp/hard\libc_nano.a(lib_a-sbrkr.o)
                0x000000000800f580                _sbrk_r
 .text.snprintf
                0x000000000800f5a0       0x68 c:/st/stm32cubeide_1.11.2/stm32cubeide/plugins/com.st.stm32cube.ide.mcu.externaltools.gnu-tools-for-stm32.10.3-2021.10.win32_1.0.100.202210260954/tools/bin/../lib/gcc/arm-none-eabi/10.3.1/../../../../arm-none-eabi/lib/thumb/v7e-m+dp/hard\libc_nano.a(lib_a-snprintf.o)
                0x000000000800f5a0                sniprintf
                0x000000000800f5a0                snprintf
 .text.__sread  0x000000000800f608       0x22 c:/st/stm32cubeide_1.11.2/stm32cubeide/plugins/com.st.stm32cube.ide.mcu.externaltools.gnu-tools-for-stm32.10.3-2021.10.win32_1.0.100.202210260954/tools/bin/../lib/gcc/arm-none-eabi/10.3.1/../../../../arm-none-eabi/lib/thumb/v7e-m+dp/hard\libc_nano.a(lib_a-stdio.o)
                0x000000000800f608                __sread
 .text.__swrite
                0x000000000800f62a       0x38 c:/st/stm32cubeide_1.11.2/stm32cubeide/plugins/com.st.stm32cube.ide.mcu.externaltools.gnu-tools-for-stm32.10.3-2021.10.win32_1.0.100.202210260954/tools/bin/../lib/gcc/arm-none-eabi/10.3.1/../../../../arm-none-eabi/lib/thumb/v7e-m+dp/hard\libc_nano.a(lib_a-stdio.o)
                0x000000000800f62a                __swrite
 .text.__sseek  0x000000000800f662       0x24 c:/st/stm32cubeide_1.11.2/stm32cubeide/plugins/com.st.stm32cube.ide.mcu.externaltools.gnu-tools-for-stm32.10.3-2021.10.win32_1.0.100.202210260954/tools/bin/../lib/gcc/arm-none-eabi/10.3.1/../../../../arm-none-eabi/lib/thumb/v7e-m+dp/hard\libc_nano.a(lib_a-stdio.o)
                0x000000000800f662                __sseek
 .text.__sclose
                0x000000000800f686        0x8 c:/st/stm32cubeide_1.11.2/stm32cubeide/plugins/com.st.stm32cube.ide.mcu.externaltools.gnu-tools-for-stm32.10.3-2021.10.win32_1.0.100.202210260954/tools/bin/../lib/gcc/arm-none-eabi/10.3.1/../../../../arm-none-eabi/lib/thumb/v7e-m+dp/hard\libc_nano.a(lib_a-stdio.o)
                0x000000000800f686                __sclose
 *fill*         0x000000000800f68e        0x2 
 .text._write_r
                0x000000000800f690       0x24 c:/st/stm32cubeide_1.11.2/stm32cubeide/plugins/com.st.stm32cube.ide.mcu.externaltools.gnu-tools-for-stm32.10.3-2021.10.win32_1.0.100.202210260954/tools/bin/../lib/gcc/arm-none-eabi/10.3.1/../../../../arm-none-eabi/lib/thumb/v7e-m+dp/hard\libc_nano.a(lib_a-writer.o)
                0x000000000800f690                _write_r
 .text._close_r
                0x000000000800f6b4       0x20 c:/st/stm32cubeide_1.11.2/stm32cubeide/plugins/com.st.stm32cube.ide.mcu.externaltools.gnu-tools-for-stm32.10.3-2021.10.win32_1.0.100.202210260954/tools/bin/../lib/gcc/arm-none-eabi/10.3.1/../../../../arm-none-eabi/lib/thumb/v7e-m+dp/hard\libc_nano.a(lib_a-closer.o)
                0x000000000800f6b4                _close_r
 .text.quorem   0x000000000800f6d4      0x116 c:/st/stm32cubeide_1.11.2/stm32cubeide/plugins/com.st.stm32cube.ide.mcu.externaltools.gnu-tools-for-stm32.10.3-2021.10.win32_1.0.100.202210260954/tools/bin/../lib/gcc/arm-none-eabi/10.3.1/../../../../arm-none-eabi/lib/thumb/v7e-m+dp/hard\libc_nano.a(lib_a-dtoa.o)
 *fill*         0x000000000800f7ea        0x6 
 .text._dtoa_r  0x000000000800f7f0      0xadc c:/st/stm32cubeide_1.11.2/stm32cubeide/plugins/com.st.stm32cube.ide.mcu.externaltools.gnu-tools-for-stm32.10.3-2021.10.win32_1.0.100.202210260954/tools/bin/../lib/gcc/arm-none-eabi/10.3.1/../../../../arm-none-eabi/lib/thumb/v7e-m+dp/hard\libc_nano.a(lib_a-dtoa.o)
                0x000000000800f7f0                _dtoa_r
 .text.__sflush_r
                0x00000000080102cc      0x10c c:/st/stm32cubeide_1.11.2/stm32cubeide/plugins/com.st.stm32cube.ide.mcu.externaltools.gnu-tools-for-stm32.10.3-2021.10.win32_1.0.100.202210260954/tools/bin/../lib/gcc/arm-none-eabi/10.3.1/../../../../arm-none-eabi/lib/thumb/v7e-m+dp/hard\libc_nano.a(lib_a-fflush.o)
                0x00000000080102cc                __sflush_r
 .text._fflush_r
                0x00000000080103d8       0x78 c:/st/stm32cubeide_1.11.2/stm32cubeide/plugins/com.st.stm32cube.ide.mcu.externaltools.gnu-tools-for-stm32.10.3-2021.10.win32_1.0.100.202210260954/tools/bin/../lib/gcc/arm-none-eabi/10.3.1/../../../../arm-none-eabi/lib/thumb/v7e-m+dp/hard\libc_nano.a(lib_a-fflush.o)
                0x00000000080103d8                _fflush_r
 .text._localeconv_r
                0x0000000008010450        0x8 c:/st/stm32cubeide_1.11.2/stm32cubeide/plugins/com.st.stm32cube.ide.mcu.externaltools.gnu-tools-for-stm32.10.3-2021.10.win32_1.0.100.202210260954/tools/bin/../lib/gcc/arm-none-eabi/10.3.1/../../../../arm-none-eabi/lib/thumb/v7e-m+dp/hard\libc_nano.a(lib_a-localeconv.o)
                0x0000000008010450                _localeconv_r
 .text._lseek_r
                0x0000000008010458       0x24 c:/st/stm32cubeide_1.11.2/stm32cubeide/plugins/com.st.stm32cube.ide.mcu.externaltools.gnu-tools-for-stm32.10.3-2021.10.win32_1.0.100.202210260954/tools/bin/../lib/gcc/arm-none-eabi/10.3.1/../../../../arm-none-eabi/lib/thumb/v7e-m+dp/hard\libc_nano.a(lib_a-lseekr.o)
                0x0000000008010458                _lseek_r
 .text.malloc   0x000000000801047c       0x10 c:/st/stm32cubeide_1.11.2/stm32cubeide/plugins/com.st.stm32cube.ide.mcu.externaltools.gnu-tools-for-stm32.10.3-2021.10.win32_1.0.100.202210260954/tools/bin/../lib/gcc/arm-none-eabi/10.3.1/../../../../arm-none-eabi/lib/thumb/v7e-m+dp/hard\libc_nano.a(lib_a-malloc.o)
                0x000000000801047c                malloc
 .text.__malloc_lock
                0x000000000801048c        0xc c:/st/stm32cubeide_1.11.2/stm32cubeide/plugins/com.st.stm32cube.ide.mcu.externaltools.gnu-tools-for-stm32.10.3-2021.10.win32_1.0.100.202210260954/tools/bin/../lib/gcc/arm-none-eabi/10.3.1/../../../../arm-none-eabi/lib/thumb/v7e-m+dp/hard\libc_nano.a(lib_a-mlock.o)
                0x000000000801048c                __malloc_lock
 .text.__malloc_unlock
                0x0000000008010498        0xc c:/st/stm32cubeide_1.11.2/stm32cubeide/plugins/com.st.stm32cube.ide.mcu.externaltools.gnu-tools-for-stm32.10.3-2021.10.win32_1.0.100.202210260954/tools/bin/../lib/gcc/arm-none-eabi/10.3.1/../../../../arm-none-eabi/lib/thumb/v7e-m+dp/hard\libc_nano.a(lib_a-mlock.o)
                0x0000000008010498                __malloc_unlock
 .text._Balloc  0x00000000080104a4       0x80 c:/st/stm32cubeide_1.11.2/stm32cubeide/plugins/com.st.stm32cube.ide.mcu.externaltools.gnu-tools-for-stm32.10.3-2021.10.win32_1.0.100.202210260954/tools/bin/../lib/gcc/arm-none-eabi/10.3.1/../../../../arm-none-eabi/lib/thumb/v7e-m+dp/hard\libc_nano.a(lib_a-mprec.o)
                0x00000000080104a4                _Balloc
 .text._Bfree   0x0000000008010524       0x44 c:/st/stm32cubeide_1.11.2/stm32cubeide/plugins/com.st.stm32cube.ide.mcu.externaltools.gnu-tools-for-stm32.10.3-2021.10.win32_1.0.100.202210260954/tools/bin/../lib/gcc/arm-none-eabi/10.3.1/../../../../arm-none-eabi/lib/thumb/v7e-m+dp/hard\libc_nano.a(lib_a-mprec.o)
                0x0000000008010524                _Bfree
 .text.__multadd
                0x0000000008010568       0x8c c:/st/stm32cubeide_1.11.2/stm32cubeide/plugins/com.st.stm32cube.ide.mcu.externaltools.gnu-tools-for-stm32.10.3-2021.10.win32_1.0.100.202210260954/tools/bin/../lib/gcc/arm-none-eabi/10.3.1/../../../../arm-none-eabi/lib/thumb/v7e-m+dp/hard\libc_nano.a(lib_a-mprec.o)
                0x0000000008010568                __multadd
 .text.__hi0bits
                0x00000000080105f4       0x40 c:/st/stm32cubeide_1.11.2/stm32cubeide/plugins/com.st.stm32cube.ide.mcu.externaltools.gnu-tools-for-stm32.10.3-2021.10.win32_1.0.100.202210260954/tools/bin/../lib/gcc/arm-none-eabi/10.3.1/../../../../arm-none-eabi/lib/thumb/v7e-m+dp/hard\libc_nano.a(lib_a-mprec.o)
                0x00000000080105f4                __hi0bits
 .text.__lo0bits
                0x0000000008010634       0x5e c:/st/stm32cubeide_1.11.2/stm32cubeide/plugins/com.st.stm32cube.ide.mcu.externaltools.gnu-tools-for-stm32.10.3-2021.10.win32_1.0.100.202210260954/tools/bin/../lib/gcc/arm-none-eabi/10.3.1/../../../../arm-none-eabi/lib/thumb/v7e-m+dp/hard\libc_nano.a(lib_a-mprec.o)
                0x0000000008010634                __lo0bits
 *fill*         0x0000000008010692        0x2 
 .text.__i2b    0x0000000008010694       0x2c c:/st/stm32cubeide_1.11.2/stm32cubeide/plugins/com.st.stm32cube.ide.mcu.externaltools.gnu-tools-for-stm32.10.3-2021.10.win32_1.0.100.202210260954/tools/bin/../lib/gcc/arm-none-eabi/10.3.1/../../../../arm-none-eabi/lib/thumb/v7e-m+dp/hard\libc_nano.a(lib_a-mprec.o)
                0x0000000008010694                __i2b
 .text.__multiply
                0x00000000080106c0      0x154 c:/st/stm32cubeide_1.11.2/stm32cubeide/plugins/com.st.stm32cube.ide.mcu.externaltools.gnu-tools-for-stm32.10.3-2021.10.win32_1.0.100.202210260954/tools/bin/../lib/gcc/arm-none-eabi/10.3.1/../../../../arm-none-eabi/lib/thumb/v7e-m+dp/hard\libc_nano.a(lib_a-mprec.o)
                0x00000000080106c0                __multiply
 .text.__pow5mult
                0x0000000008010814       0xb4 c:/st/stm32cubeide_1.11.2/stm32cubeide/plugins/com.st.stm32cube.ide.mcu.externaltools.gnu-tools-for-stm32.10.3-2021.10.win32_1.0.100.202210260954/tools/bin/../lib/gcc/arm-none-eabi/10.3.1/../../../../arm-none-eabi/lib/thumb/v7e-m+dp/hard\libc_nano.a(lib_a-mprec.o)
                0x0000000008010814                __pow5mult
 .text.__lshift
                0x00000000080108c8       0xe0 c:/st/stm32cubeide_1.11.2/stm32cubeide/plugins/com.st.stm32cube.ide.mcu.externaltools.gnu-tools-for-stm32.10.3-2021.10.win32_1.0.100.202210260954/tools/bin/../lib/gcc/arm-none-eabi/10.3.1/../../../../arm-none-eabi/lib/thumb/v7e-m+dp/hard\libc_nano.a(lib_a-mprec.o)
                0x00000000080108c8                __lshift
 .text.__mcmp   0x00000000080109a8       0x38 c:/st/stm32cubeide_1.11.2/stm32cubeide/plugins/com.st.stm32cube.ide.mcu.externaltools.gnu-tools-for-stm32.10.3-2021.10.win32_1.0.100.202210260954/tools/bin/../lib/gcc/arm-none-eabi/10.3.1/../../../../arm-none-eabi/lib/thumb/v7e-m+dp/hard\libc_nano.a(lib_a-mprec.o)
                0x00000000080109a8                __mcmp
 .text.__mdiff  0x00000000080109e0      0x114 c:/st/stm32cubeide_1.11.2/stm32cubeide/plugins/com.st.stm32cube.ide.mcu.externaltools.gnu-tools-for-stm32.10.3-2021.10.win32_1.0.100.202210260954/tools/bin/../lib/gcc/arm-none-eabi/10.3.1/../../../../arm-none-eabi/lib/thumb/v7e-m+dp/hard\libc_nano.a(lib_a-mprec.o)
                0x00000000080109e0                __mdiff
 .text.__d2b    0x0000000008010af4       0xb8 c:/st/stm32cubeide_1.11.2/stm32cubeide/plugins/com.st.stm32cube.ide.mcu.externaltools.gnu-tools-for-stm32.10.3-2021.10.win32_1.0.100.202210260954/tools/bin/../lib/gcc/arm-none-eabi/10.3.1/../../../../arm-none-eabi/lib/thumb/v7e-m+dp/hard\libc_nano.a(lib_a-mprec.o)
                0x0000000008010af4                __d2b
 .text._calloc_r
                0x0000000008010bac       0x2c c:/st/stm32cubeide_1.11.2/stm32cubeide/plugins/com.st.stm32cube.ide.mcu.externaltools.gnu-tools-for-stm32.10.3-2021.10.win32_1.0.100.202210260954/tools/bin/../lib/gcc/arm-none-eabi/10.3.1/../../../../arm-none-eabi/lib/thumb/v7e-m+dp/hard\libc_nano.a(lib_a-nano-callocr.o)
                0x0000000008010bac                _calloc_r
 .text._free_r  0x0000000008010bd8       0x98 c:/st/stm32cubeide_1.11.2/stm32cubeide/plugins/com.st.stm32cube.ide.mcu.externaltools.gnu-tools-for-stm32.10.3-2021.10.win32_1.0.100.202210260954/tools/bin/../lib/gcc/arm-none-eabi/10.3.1/../../../../arm-none-eabi/lib/thumb/v7e-m+dp/hard\libc_nano.a(lib_a-nano-freer.o)
                0x0000000008010bd8                _free_r
 .text.__ssputs_r
                0x0000000008010c70       0xb6 c:/st/stm32cubeide_1.11.2/stm32cubeide/plugins/com.st.stm32cube.ide.mcu.externaltools.gnu-tools-for-stm32.10.3-2021.10.win32_1.0.100.202210260954/tools/bin/../lib/gcc/arm-none-eabi/10.3.1/../../../../arm-none-eabi/lib/thumb/v7e-m+dp/hard\libc_nano.a(lib_a-nano-svfprintf.o)
                0x0000000008010c70                __ssputs_r
 *fill*         0x0000000008010d26        0x2 
 .text._svfprintf_r
                0x0000000008010d28      0x200 c:/st/stm32cubeide_1.11.2/stm32cubeide/plugins/com.st.stm32cube.ide.mcu.externaltools.gnu-tools-for-stm32.10.3-2021.10.win32_1.0.100.202210260954/tools/bin/../lib/gcc/arm-none-eabi/10.3.1/../../../../arm-none-eabi/lib/thumb/v7e-m+dp/hard\libc_nano.a(lib_a-nano-svfprintf.o)
                0x0000000008010d28                _svfiprintf_r
                0x0000000008010d28                _svfprintf_r
 .text._read_r  0x0000000008010f28       0x24 c:/st/stm32cubeide_1.11.2/stm32cubeide/plugins/com.st.stm32cube.ide.mcu.externaltools.gnu-tools-for-stm32.10.3-2021.10.win32_1.0.100.202210260954/tools/bin/../lib/gcc/arm-none-eabi/10.3.1/../../../../arm-none-eabi/lib/thumb/v7e-m+dp/hard\libc_nano.a(lib_a-readr.o)
                0x0000000008010f28                _read_r
 .text.__assert_func
                0x0000000008010f4c       0x3c c:/st/stm32cubeide_1.11.2/stm32cubeide/plugins/com.st.stm32cube.ide.mcu.externaltools.gnu-tools-for-stm32.10.3-2021.10.win32_1.0.100.202210260954/tools/bin/../lib/gcc/arm-none-eabi/10.3.1/../../../../arm-none-eabi/lib/thumb/v7e-m+dp/hard\libc_nano.a(lib_a-assert.o)
                0x0000000008010f4c                __assert_func
 .text.fprintf  0x0000000008010f88       0x24 c:/st/stm32cubeide_1.11.2/stm32cubeide/plugins/com.st.stm32cube.ide.mcu.externaltools.gnu-tools-for-stm32.10.3-2021.10.win32_1.0.100.202210260954/tools/bin/../lib/gcc/arm-none-eabi/10.3.1/../../../../arm-none-eabi/lib/thumb/v7e-m+dp/hard\libc_nano.a(lib_a-fprintf.o)
                0x0000000008010f88                fiprintf
                0x0000000008010f88                fprintf
 .text.__ascii_mbtowc
                0x0000000008010fac       0x24 c:/st/stm32cubeide_1.11.2/stm32cubeide/plugins/com.st.stm32cube.ide.mcu.externaltools.gnu-tools-for-stm32.10.3-2021.10.win32_1.0.100.202210260954/tools/bin/../lib/gcc/arm-none-eabi/10.3.1/../../../../arm-none-eabi/lib/thumb/v7e-m+dp/hard\libc_nano.a(lib_a-mbtowc_r.o)
                0x0000000008010fac                __ascii_mbtowc
 .text.memmove  0x0000000008010fd0       0x34 c:/st/stm32cubeide_1.11.2/stm32cubeide/plugins/com.st.stm32cube.ide.mcu.externaltools.gnu-tools-for-stm32.10.3-2021.10.win32_1.0.100.202210260954/tools/bin/../lib/gcc/arm-none-eabi/10.3.1/../../../../arm-none-eabi/lib/thumb/v7e-m+dp/hard\libc_nano.a(lib_a-memmove.o)
                0x0000000008010fd0                memmove
 .text._realloc_r
                0x0000000008011004       0x5e c:/st/stm32cubeide_1.11.2/stm32cubeide/plugins/com.st.stm32cube.ide.mcu.externaltools.gnu-tools-for-stm32.10.3-2021.10.win32_1.0.100.202210260954/tools/bin/../lib/gcc/arm-none-eabi/10.3.1/../../../../arm-none-eabi/lib/thumb/v7e-m+dp/hard\libc_nano.a(lib_a-nano-reallocr.o)
                0x0000000008011004                _realloc_r
 .text.__sfputc_r
                0x0000000008011062       0x2e c:/st/stm32cubeide_1.11.2/stm32cubeide/plugins/com.st.stm32cube.ide.mcu.externaltools.gnu-tools-for-stm32.10.3-2021.10.win32_1.0.100.202210260954/tools/bin/../lib/gcc/arm-none-eabi/10.3.1/../../../../arm-none-eabi/lib/thumb/v7e-m+dp/hard\libc_nano.a(lib_a-nano-vfprintf.o)
 .text.__sfputs_r
                0x0000000008011090       0x24 c:/st/stm32cubeide_1.11.2/stm32cubeide/plugins/com.st.stm32cube.ide.mcu.externaltools.gnu-tools-for-stm32.10.3-2021.10.win32_1.0.100.202210260954/tools/bin/../lib/gcc/arm-none-eabi/10.3.1/../../../../arm-none-eabi/lib/thumb/v7e-m+dp/hard\libc_nano.a(lib_a-nano-vfprintf.o)
                0x0000000008011090                __sfputs_r
 .text._vfprintf_r
                0x00000000080110b4      0x260 c:/st/stm32cubeide_1.11.2/stm32cubeide/plugins/com.st.stm32cube.ide.mcu.externaltools.gnu-tools-for-stm32.10.3-2021.10.win32_1.0.100.202210260954/tools/bin/../lib/gcc/arm-none-eabi/10.3.1/../../../../arm-none-eabi/lib/thumb/v7e-m+dp/hard\libc_nano.a(lib_a-nano-vfprintf.o)
                0x00000000080110b4                _vfprintf_r
                0x00000000080110b4                _vfiprintf_r
 .text.__swbuf_r
                0x0000000008011314       0xa4 c:/st/stm32cubeide_1.11.2/stm32cubeide/plugins/com.st.stm32cube.ide.mcu.externaltools.gnu-tools-for-stm32.10.3-2021.10.win32_1.0.100.202210260954/tools/bin/../lib/gcc/arm-none-eabi/10.3.1/../../../../arm-none-eabi/lib/thumb/v7e-m+dp/hard\libc_nano.a(lib_a-wbuf.o)
                0x0000000008011314                __swbuf_r
 .text.__ascii_wctomb
                0x00000000080113b8       0x1a c:/st/stm32cubeide_1.11.2/stm32cubeide/plugins/com.st.stm32cube.ide.mcu.externaltools.gnu-tools-for-stm32.10.3-2021.10.win32_1.0.100.202210260954/tools/bin/../lib/gcc/arm-none-eabi/10.3.1/../../../../arm-none-eabi/lib/thumb/v7e-m+dp/hard\libc_nano.a(lib_a-wctomb_r.o)
                0x00000000080113b8                __ascii_wctomb
 *fill*         0x00000000080113d2        0x2 
 .text.__swsetup_r
                0x00000000080113d4       0xdc c:/st/stm32cubeide_1.11.2/stm32cubeide/plugins/com.st.stm32cube.ide.mcu.externaltools.gnu-tools-for-stm32.10.3-2021.10.win32_1.0.100.202210260954/tools/bin/../lib/gcc/arm-none-eabi/10.3.1/../../../../arm-none-eabi/lib/thumb/v7e-m+dp/hard\libc_nano.a(lib_a-wsetup.o)
                0x00000000080113d4                __swsetup_r
 .text.abort    0x00000000080114b0        0xe c:/st/stm32cubeide_1.11.2/stm32cubeide/plugins/com.st.stm32cube.ide.mcu.externaltools.gnu-tools-for-stm32.10.3-2021.10.win32_1.0.100.202210260954/tools/bin/../lib/gcc/arm-none-eabi/10.3.1/../../../../arm-none-eabi/lib/thumb/v7e-m+dp/hard\libc_nano.a(lib_a-abort.o)
                0x00000000080114b0                abort
 .text.__swhatbuf_r
                0x00000000080114be       0x4a c:/st/stm32cubeide_1.11.2/stm32cubeide/plugins/com.st.stm32cube.ide.mcu.externaltools.gnu-tools-for-stm32.10.3-2021.10.win32_1.0.100.202210260954/tools/bin/../lib/gcc/arm-none-eabi/10.3.1/../../../../arm-none-eabi/lib/thumb/v7e-m+dp/hard\libc_nano.a(lib_a-makebuf.o)
                0x00000000080114be                __swhatbuf_r
 .text.__smakebuf_r
                0x0000000008011508       0x80 c:/st/stm32cubeide_1.11.2/stm32cubeide/plugins/com.st.stm32cube.ide.mcu.externaltools.gnu-tools-for-stm32.10.3-2021.10.win32_1.0.100.202210260954/tools/bin/../lib/gcc/arm-none-eabi/10.3.1/../../../../arm-none-eabi/lib/thumb/v7e-m+dp/hard\libc_nano.a(lib_a-makebuf.o)
                0x0000000008011508                __smakebuf_r
 .text._malloc_usable_size_r
                0x0000000008011588       0x10 c:/st/stm32cubeide_1.11.2/stm32cubeide/plugins/com.st.stm32cube.ide.mcu.externaltools.gnu-tools-for-stm32.10.3-2021.10.win32_1.0.100.202210260954/tools/bin/../lib/gcc/arm-none-eabi/10.3.1/../../../../arm-none-eabi/lib/thumb/v7e-m+dp/hard\libc_nano.a(lib_a-nano-msizer.o)
                0x0000000008011588                _malloc_usable_size_r
 .text._raise_r
                0x0000000008011598       0x50 c:/st/stm32cubeide_1.11.2/stm32cubeide/plugins/com.st.stm32cube.ide.mcu.externaltools.gnu-tools-for-stm32.10.3-2021.10.win32_1.0.100.202210260954/tools/bin/../lib/gcc/arm-none-eabi/10.3.1/../../../../arm-none-eabi/lib/thumb/v7e-m+dp/hard\libc_nano.a(lib_a-signal.o)
                0x0000000008011598                _raise_r
 .text.raise    0x00000000080115e8       0x10 c:/st/stm32cubeide_1.11.2/stm32cubeide/plugins/com.st.stm32cube.ide.mcu.externaltools.gnu-tools-for-stm32.10.3-2021.10.win32_1.0.100.202210260954/tools/bin/../lib/gcc/arm-none-eabi/10.3.1/../../../../arm-none-eabi/lib/thumb/v7e-m+dp/hard\libc_nano.a(lib_a-signal.o)
                0x00000000080115e8                raise
 .text._kill_r  0x00000000080115f8       0x24 c:/st/stm32cubeide_1.11.2/stm32cubeide/plugins/com.st.stm32cube.ide.mcu.externaltools.gnu-tools-for-stm32.10.3-2021.10.win32_1.0.100.202210260954/tools/bin/../lib/gcc/arm-none-eabi/10.3.1/../../../../arm-none-eabi/lib/thumb/v7e-m+dp/hard\libc_nano.a(lib_a-signalr.o)
                0x00000000080115f8                _kill_r
 .text._getpid_r
                0x000000000801161c        0x4 c:/st/stm32cubeide_1.11.2/stm32cubeide/plugins/com.st.stm32cube.ide.mcu.externaltools.gnu-tools-for-stm32.10.3-2021.10.win32_1.0.100.202210260954/tools/bin/../lib/gcc/arm-none-eabi/10.3.1/../../../../arm-none-eabi/lib/thumb/v7e-m+dp/hard\libc_nano.a(lib_a-signalr.o)
                0x000000000801161c                _getpid_r
 .text._fstat_r