[0.578s] Invoking command in '/home/homey/Desktop/capstone-project/build/sipeed_tof_cpp': CMAKE_PREFIX_PATH=/opt/ros/humble /usr/bin/cmake --build /home/homey/Desktop/capstone-project/build/sipeed_tof_cpp -- -j6 -l6
[0.636s] -- Found ament_cmake: 1.3.11 (/opt/ros/humble/share/ament_cmake/cmake)
[0.895s] -- Override CMake install command with custom implementation using symlinks instead of copying resources
[0.921s] -- Found std_msgs: 4.2.4 (/opt/ros/humble/share/std_msgs/cmake)
[0.985s] -- Found rosidl_generator_c: 3.1.6 (/opt/ros/humble/share/rosidl_generator_c/cmake)
[0.990s] -- Found rosidl_adapter: 3.1.6 (/opt/ros/humble/share/rosidl_adapter/cmake)
[1.001s] -- Found rosidl_generator_cpp: 3.1.6 (/opt/ros/humble/share/rosidl_generator_cpp/cmake)
[1.019s] -- Using all available rosidl_typesupport_c: rosidl_typesupport_fastrtps_c;rosidl_typesupport_introspection_c
[1.042s] -- Using all available rosidl_typesupport_cpp: rosidl_typesupport_fastrtps_cpp;rosidl_typesupport_introspection_cpp
[1.084s] -- Found sensor_msgs: 4.2.4 (/opt/ros/humble/share/sensor_msgs/cmake)
[1.137s] -- Found rclcpp: 16.0.11 (/opt/ros/humble/share/rclcpp/cmake)
[1.183s] -- Found rmw_implementation_cmake: 6.1.2 (/opt/ros/humble/share/rmw_implementation_cmake/cmake)
[1.185s] -- Found rmw_fastrtps_cpp: 6.2.7 (/opt/ros/humble/share/rmw_fastrtps_cpp/cmake)
[1.364s] -- Using RMW implementation 'rmw_fastrtps_cpp' as default
[1.439s] -- Found cv_bridge: 3.2.1 (/opt/ros/humble/share/cv_bridge/cmake)
[1.447s] [31mCMake Error at CMakeLists.txt:34 (target_link_libraries):
[1.447s]   Cannot specify link libraries for target "your_target_name" which is not
[1.447s]   built by this project.
[1.447s] 
[1.447s] [0m
[1.447s] -- Configuring incomplete, errors occurred!
[1.447s] See also "/home/homey/Desktop/capstone-project/build/sipeed_tof_cpp/CMakeFiles/CMakeOutput.log".
[1.465s] gmake: *** [Makefile:321: cmake_check_build_system] Error 1
