[0.030s] Invoking command in '/home/homey/Desktop/capstone-project/object-detection/build/object_detection_interfaces': /usr/bin/cmake /home/homey/Desktop/capstone-project/object-detection/object_detection_interfaces -DCMAKE_INSTALL_PREFIX=/home/homey/Desktop/capstone-project/object-detection/install/object_detection_interfaces
[0.163s] -- The C compiler identification is GNU 11.4.0
[0.277s] -- The CXX compiler identification is GNU 11.4.0
[0.295s] -- Detecting C compiler ABI info
[0.440s] -- Detecting C compiler ABI info - done
[0.459s] -- Check for working C compiler: /usr/bin/cc - skipped
[0.460s] -- Detecting C compile features
[0.461s] -- Detecting C compile features - done
[0.468s] -- Detecting CXX compiler ABI info
[0.636s] -- Detecting CXX compiler ABI info - done
[0.652s] -- Check for working CXX compiler: /usr/bin/c++ - skipped
[0.652s] -- Detecting CXX compile features
[0.653s] -- Detecting CXX compile features - done
[0.659s] -- Found ament_cmake: 1.3.11 (/opt/ros/humble/share/ament_cmake/cmake)
[1.004s] -- Found Python3: /usr/bin/python3 (found version "3.10.12") found components: Interpreter 
[1.222s] -- Found rosidl_default_generators: 1.2.0 (/opt/ros/humble/share/rosidl_default_generators/cmake)
[1.229s] -- Using all available rosidl_typesupport_c: rosidl_typesupport_fastrtps_c;rosidl_typesupport_introspection_c
[1.244s] -- Found rosidl_adapter: 3.1.6 (/opt/ros/humble/share/rosidl_adapter/cmake)
[1.335s] -- Using all available rosidl_typesupport_cpp: rosidl_typesupport_fastrtps_cpp;rosidl_typesupport_introspection_cpp
[1.411s] -- Found std_msgs: 4.2.4 (/opt/ros/humble/share/std_msgs/cmake)
[1.897s] Error parsing '/home/homey/Desktop/capstone-project/object-detection/object_detection_interfaces/package.xml':
[2.000s] Traceback (most recent call last):
[2.001s]   File "/home/homey/.local/lib/python3.10/site-packages/catkin_pkg/package.py", line 610, in parse_package_string
[2.001s]     root = dom.parseString(data)
[2.001s]   File "/usr/lib/python3.10/xml/dom/minidom.py", line 2000, in parseString
[2.002s]     return expatbuilder.parseString(string)
[2.002s]   File "/usr/lib/python3.10/xml/dom/expatbuilder.py", line 925, in parseString
[2.002s]     return builder.parseString(string)
[2.002s]   File "/usr/lib/python3.10/xml/dom/expatbuilder.py", line 223, in parseString
[2.003s]     parser.Parse(string, True)
[2.003s] xml.parsers.expat.ExpatError: junk after document element: line 4, column 0
[2.003s] 
[2.003s] During handling of the above exception, another exception occurred:
[2.003s] 
[2.004s] Traceback (most recent call last):
[2.004s]   File "/opt/ros/humble/share/ament_cmake_core/cmake/core/package_xml_2_cmake.py", line 150, in <module>
[2.004s]     main()
[2.004s]   File "/opt/ros/humble/share/ament_cmake_core/cmake/core/package_xml_2_cmake.py", line 53, in main
[2.004s]     raise e
[2.005s]   File "/opt/ros/humble/share/ament_cmake_core/cmake/core/package_xml_2_cmake.py", line 49, in main
[2.005s]     package = parse_package_string(
[2.005s]   File "/home/homey/.local/lib/python3.10/site-packages/catkin_pkg/package.py", line 612, in parse_package_string
[2.005s]     raise InvalidPackage('The manifest contains invalid XML:\n%s' % ex, filename)
[2.006s] catkin_pkg.package.InvalidPackage: Error(s) in package '/home/homey/Desktop/capstone-project/object-detection/object_detection_interfaces/package.xml':
[2.006s] The manifest contains invalid XML:
[2.006s] junk after document element: line 4, column 0
[2.048s] [31mCMake Error at /opt/ros/humble/share/ament_cmake_core/cmake/core/ament_package_xml.cmake:95 (message):
[2.049s]   execute_process(/usr/bin/python3
[2.049s]   /opt/ros/humble/share/ament_cmake_core/cmake/core/package_xml_2_cmake.py
[2.049s]   /home/homey/Desktop/capstone-project/object-detection/object_detection_interfaces/package.xml
[2.050s]   /home/homey/Desktop/capstone-project/object-detection/build/object_detection_interfaces/ament_cmake_core/package.cmake)
[2.050s]   returned error code 1
[2.050s] Call Stack (most recent call first):
[2.050s]   /opt/ros/humble/share/ament_cmake_core/cmake/core/ament_package_xml.cmake:49 (_ament_package_xml)
[2.051s]   /opt/ros/humble/share/rosidl_cmake/cmake/rosidl_generate_interfaces.cmake:226 (ament_package_xml)
[2.051s]   CMakeLists.txt:13 (rosidl_generate_interfaces)
[2.051s] 
[2.051s] [0m
[2.051s] -- Configuring incomplete, errors occurred!
[2.052s] See also "/home/homey/Desktop/capstone-project/object-detection/build/object_detection_interfaces/CMakeFiles/CMakeOutput.log".
[2.075s] Invoked command in '/home/homey/Desktop/capstone-project/object-detection/build/object_detection_interfaces' returned '1': /usr/bin/cmake /home/homey/Desktop/capstone-project/object-detection/object_detection_interfaces -DCMAKE_INSTALL_PREFIX=/home/homey/Desktop/capstone-project/object-detection/install/object_detection_interfaces
