[0.546s] Invoking command in '/home/homey/Desktop/capstone-project/build/sipeed_tof_ms_a010': CMAKE_PREFIX_PATH=/opt/ros/humble /usr/bin/cmake /home/homey/Desktop/capstone-project/object-detection/MaixSense_ROS/sipeed_tof_ms_a010_ros/ros2 -DAMENT_CMAKE_SYMLINK_INSTALL=1 -DCMAKE_INSTALL_PREFIX=/home/homey/Desktop/capstone-project/install/sipeed_tof_ms_a010
[0.649s] -- The C compiler identification is GNU 11.4.0
[0.770s] -- The CXX compiler identification is GNU 11.4.0
[0.789s] -- Detecting C compiler ABI info
[0.932s] -- Detecting C compiler ABI info - done
[0.955s] -- Check for working C compiler: /usr/bin/cc - skipped
[0.957s] -- Detecting C compile features
[0.958s] -- Detecting C compile features - done
[0.968s] -- Detecting CXX compiler ABI info
[1.138s] -- Detecting CXX compiler ABI info - done
[1.165s] -- Check for working CXX compiler: /usr/bin/c++ - skipped
[1.166s] -- Detecting CXX compile features
[1.167s] -- Detecting CXX compile features - done
[1.176s] -- Found ament_cmake: 1.3.11 (/opt/ros/humble/share/ament_cmake/cmake)
[1.569s] -- Found Python3: /usr/bin/python3 (found version "3.10.12") found components: Interpreter 
[1.725s] -- Override CMake install command with custom implementation using symlinks instead of copying resources
[1.768s] -- Found std_msgs: 4.2.4 (/opt/ros/humble/share/std_msgs/cmake)
[1.833s] -- Found rosidl_generator_c: 3.1.6 (/opt/ros/humble/share/rosidl_generator_c/cmake)
[1.840s] -- Found rosidl_adapter: 3.1.6 (/opt/ros/humble/share/rosidl_adapter/cmake)
[1.855s] -- Found rosidl_generator_cpp: 3.1.6 (/opt/ros/humble/share/rosidl_generator_cpp/cmake)
[1.875s] -- Using all available rosidl_typesupport_c: rosidl_typesupport_fastrtps_c;rosidl_typesupport_introspection_c
[1.903s] -- Using all available rosidl_typesupport_cpp: rosidl_typesupport_fastrtps_cpp;rosidl_typesupport_introspection_cpp
[1.951s] -- Found sensor_msgs: 4.2.4 (/opt/ros/humble/share/sensor_msgs/cmake)
[2.008s] -- Found rclcpp: 16.0.11 (/opt/ros/humble/share/rclcpp/cmake)
[2.069s] -- Found rmw_implementation_cmake: 6.1.2 (/opt/ros/humble/share/rmw_implementation_cmake/cmake)
[2.073s] -- Found rmw_fastrtps_cpp: 6.2.7 (/opt/ros/humble/share/rmw_fastrtps_cpp/cmake)
[2.211s] -- Found OpenSSL: /usr/lib/aarch64-linux-gnu/libcrypto.so (found version "3.0.2")  
[2.263s] -- Found FastRTPS: /opt/ros/humble/include  
[2.336s] -- Using RMW implementation 'rmw_fastrtps_cpp' as default
[2.350s] -- Looking for pthread.h
[2.487s] -- Looking for pthread.h - found
[2.488s] -- Performing Test CMAKE_HAVE_LIBC_PTHREAD
[2.633s] -- Performing Test CMAKE_HAVE_LIBC_PTHREAD - Success
[2.636s] -- Found Threads: TRUE  
[2.733s] -- Found OpenCV: /usr (found version "4.8.0") 
[2.735s] -- Found cv_bridge: 3.2.1 (/opt/ros/humble/share/cv_bridge/cmake)
[2.744s] -- Found ament_lint_auto: 0.12.11 (/opt/ros/humble/share/ament_lint_auto/cmake)
[2.940s] -- Added test 'copyright' to check source files copyright and LICENSE
[2.943s] -- Added test 'cppcheck' to perform static code analysis on C / C++ code
[2.943s] -- Configured cppcheck include dirs: 
[2.943s] -- Configured cppcheck exclude dirs and/or files: 
[2.946s] -- Added test 'cpplint' to check C / C++ code against the Google style
[2.946s] -- Configured cpplint exclude dirs and/or files: 
[2.947s] -- Added test 'lint_cmake' to check CMake code style
[2.950s] -- Added test 'uncrustify' to check C / C++ code style
[2.950s] -- Configured uncrustify additional arguments: 
[2.951s] -- Added test 'xmllint' to check XML markup files
[2.954s] -- Configuring done
[2.985s] -- Generating done
[2.997s] -- Build files have been written to: /home/homey/Desktop/capstone-project/build/sipeed_tof_ms_a010
[3.044s] Invoked command in '/home/homey/Desktop/capstone-project/build/sipeed_tof_ms_a010' returned '0': CMAKE_PREFIX_PATH=/opt/ros/humble /usr/bin/cmake /home/homey/Desktop/capstone-project/object-detection/MaixSense_ROS/sipeed_tof_ms_a010_ros/ros2 -DAMENT_CMAKE_SYMLINK_INSTALL=1 -DCMAKE_INSTALL_PREFIX=/home/homey/Desktop/capstone-project/install/sipeed_tof_ms_a010
[3.048s] Invoking command in '/home/homey/Desktop/capstone-project/build/sipeed_tof_ms_a010': CMAKE_PREFIX_PATH=/opt/ros/humble /usr/bin/cmake --build /home/homey/Desktop/capstone-project/build/sipeed_tof_ms_a010 -- -j6 -l6
[3.159s] [ 20%] [32mBuilding CXX object CMakeFiles/publisher.dir/src/main.cc.o[0m
[3.164s] [ 40%] [32mBuilding C object CMakeFiles/publisher.dir/src/cJSON.c.o[0m
[3.165s] [ 60%] [32mBuilding CXX object CMakeFiles/publisher.dir/src/serial.cc.o[0m
[3.182s] [ 80%] [32mBuilding CXX object CMakeFiles/publisher.dir/src/frame_handle.cc.o[0m
[3.182s] [01m[K/home/homey/Desktop/capstone-project/object-detection/MaixSense_ROS/sipeed_tof_ms_a010_ros/ros2/src/main.cc:1:10:[m[K [01;31m[Kfatal error: [m[Kcv_bridge/cv_bridge.hpp: No such file or directory
[3.182s]     1 | #include [01;31m[K<cv_bridge/cv_bridge.hpp>[m[K
[3.182s]       |          [01;31m[K^~~~~~~~~~~~~~~~~~~~~~~~~[m[K
[3.182s] compilation terminated.
[3.187s] gmake[2]: *** [CMakeFiles/publisher.dir/build.make:76: CMakeFiles/publisher.dir/src/main.cc.o] Error 1
[3.187s] gmake[2]: *** Waiting for unfinished jobs....
[3.850s] In file included from [01m[K/home/homey/Desktop/capstone-project/object-detection/MaixSense_ROS/sipeed_tof_ms_a010_ros/ros2/src/frame_handle.cc:8[m[K:
[3.850s] [01m[K/home/homey/Desktop/capstone-project/object-detection/MaixSense_ROS/sipeed_tof_ms_a010_ros/ros2/src/frame_struct.h:36:11:[m[K [01;35m[Kwarning: [m[KISO C++ forbids flexible array member ‘[01m[Kpayload[m[K’ [[01;35m[K]8;;https://gcc.gnu.org/onlinedocs/gcc/Warning-Options.html#index-Wpedantic-Wpedantic]8;;[m[K]
[3.850s]    36 |   uint8_t [01;35m[Kpayload[m[K[];
[3.851s]       |           [01;35m[K^~~~~~~[m[K
[6.203s] gmake[1]: *** [CMakeFiles/Makefile2:137: CMakeFiles/publisher.dir/all] Error 2
[6.203s] gmake: *** [Makefile:146: all] Error 2
[6.213s] Invoked command in '/home/homey/Desktop/capstone-project/build/sipeed_tof_ms_a010' returned '2': CMAKE_PREFIX_PATH=/opt/ros/humble /usr/bin/cmake --build /home/homey/Desktop/capstone-project/build/sipeed_tof_ms_a010 -- -j6 -l6
