[0.264s] DEBUG:colcon:Command line arguments: ['/home/homey/.local/bin/colcon', 'build', '--symlink-install']
[0.265s] DEBUG:colcon:Parsed command line arguments: Namespace(log_base=None, log_level=None, verb_name='build', build_base='build', install_base='install', merge_install=False, symlink_install=True, test_result_base=None, continue_on_error=False, executor='parallel', parallel_workers=6, event_handlers=None, ignore_user_meta=False, metas=['./colcon.meta'], base_paths=['.'], packages_ignore=None, packages_ignore_regex=None, paths=None, packages_up_to=None, packages_up_to_regex=None, packages_above=None, packages_above_and_dependencies=None, packages_above_depth=None, packages_select_by_dep=None, packages_skip_by_dep=None, packages_skip_up_to=None, packages_select_build_failed=False, packages_skip_build_finished=False, packages_select_test_failures=False, packages_skip_test_passed=False, packages_select=None, packages_skip=None, packages_select_regex=None, packages_skip_regex=None, packages_start=None, packages_end=None, cmake_args=None, cmake_target=None, cmake_target_skip_unavailable=False, cmake_clean_cache=False, cmake_clean_first=False, cmake_force_configure=False, ament_cmake_args=None, catkin_cmake_args=None, catkin_skip_building_tests=False, verb_parser=<colcon_defaults.argument_parser.defaults.DefaultArgumentsDecorator object at 0xffff9c522710>, verb_extension=<colcon_core.verb.build.BuildVerb object at 0xffff9c5222c0>, main=<bound method BuildVerb.main of <colcon_core.verb.build.BuildVerb object at 0xffff9c5222c0>>)
[0.558s] Level 1:colcon.colcon_core.package_discovery:discover_packages(colcon_meta) check parameters
[0.559s] Level 1:colcon.colcon_core.package_discovery:discover_packages(recursive) check parameters
[0.559s] Level 1:colcon.colcon_core.package_discovery:discover_packages(ignore) check parameters
[0.559s] Level 1:colcon.colcon_core.package_discovery:discover_packages(path) check parameters
[0.559s] Level 1:colcon.colcon_core.package_discovery:discover_packages(colcon_meta) discover
[0.559s] Level 1:colcon.colcon_core.package_discovery:discover_packages(recursive) discover
[0.559s] INFO:colcon.colcon_core.package_discovery:Crawling recursively for packages in '/home/homey/Desktop/capstone-project'
[0.560s] Level 1:colcon.colcon_core.package_identification:_identify(.) by extensions ['ignore', 'ignore_ament_install']
[0.560s] Level 1:colcon.colcon_core.package_identification:_identify(.) by extension 'ignore'
[0.560s] Level 1:colcon.colcon_core.package_identification:_identify(.) by extension 'ignore_ament_install'
[0.560s] Level 1:colcon.colcon_core.package_identification:_identify(.) by extensions ['colcon_pkg']
[0.560s] Level 1:colcon.colcon_core.package_identification:_identify(.) by extension 'colcon_pkg'
[0.560s] Level 1:colcon.colcon_core.package_identification:_identify(.) by extensions ['colcon_meta']
[0.560s] Level 1:colcon.colcon_core.package_identification:_identify(.) by extension 'colcon_meta'
[0.560s] Level 1:colcon.colcon_core.package_identification:_identify(.) by extensions ['ros']
[0.561s] Level 1:colcon.colcon_core.package_identification:_identify(.) by extension 'ros'
[0.582s] Level 1:colcon.colcon_core.package_identification:_identify(.) by extensions ['cmake', 'python']
[0.582s] Level 1:colcon.colcon_core.package_identification:_identify(.) by extension 'cmake'
[0.583s] Level 1:colcon.colcon_core.package_identification:_identify(.) by extension 'python'
[0.583s] Level 1:colcon.colcon_core.package_identification:_identify(.) by extensions ['python_setup_py']
[0.583s] Level 1:colcon.colcon_core.package_identification:_identify(.) by extension 'python_setup_py'
[0.583s] Level 1:colcon.colcon_core.package_identification:_identify(build) by extensions ['ignore', 'ignore_ament_install']
[0.583s] Level 1:colcon.colcon_core.package_identification:_identify(build) by extension 'ignore'
[0.583s] Level 1:colcon.colcon_core.package_identification:_identify(build) ignored
[0.584s] Level 1:colcon.colcon_core.package_identification:_identify(control) by extensions ['ignore', 'ignore_ament_install']
[0.584s] Level 1:colcon.colcon_core.package_identification:_identify(control) by extension 'ignore'
[0.584s] Level 1:colcon.colcon_core.package_identification:_identify(control) by extension 'ignore_ament_install'
[0.584s] Level 1:colcon.colcon_core.package_identification:_identify(control) by extensions ['colcon_pkg']
[0.584s] Level 1:colcon.colcon_core.package_identification:_identify(control) by extension 'colcon_pkg'
[0.584s] Level 1:colcon.colcon_core.package_identification:_identify(control) by extensions ['colcon_meta']
[0.584s] Level 1:colcon.colcon_core.package_identification:_identify(control) by extension 'colcon_meta'
[0.585s] Level 1:colcon.colcon_core.package_identification:_identify(control) by extensions ['ros']
[0.585s] Level 1:colcon.colcon_core.package_identification:_identify(control) by extension 'ros'
[0.585s] Level 1:colcon.colcon_core.package_identification:_identify(control) by extensions ['cmake', 'python']
[0.585s] Level 1:colcon.colcon_core.package_identification:_identify(control) by extension 'cmake'
[0.585s] Level 1:colcon.colcon_core.package_identification:_identify(control) by extension 'python'
[0.585s] Level 1:colcon.colcon_core.package_identification:_identify(control) by extensions ['python_setup_py']
[0.585s] Level 1:colcon.colcon_core.package_identification:_identify(control) by extension 'python_setup_py'
[0.585s] Level 1:colcon.colcon_core.package_identification:_identify(control/Core) by extensions ['ignore', 'ignore_ament_install']
[0.586s] Level 1:colcon.colcon_core.package_identification:_identify(control/Core) by extension 'ignore'
[0.586s] Level 1:colcon.colcon_core.package_identification:_identify(control/Core) by extension 'ignore_ament_install'
[0.586s] Level 1:colcon.colcon_core.package_identification:_identify(control/Core) by extensions ['colcon_pkg']
[0.586s] Level 1:colcon.colcon_core.package_identification:_identify(control/Core) by extension 'colcon_pkg'
[0.586s] Level 1:colcon.colcon_core.package_identification:_identify(control/Core) by extensions ['colcon_meta']
[0.586s] Level 1:colcon.colcon_core.package_identification:_identify(control/Core) by extension 'colcon_meta'
[0.586s] Level 1:colcon.colcon_core.package_identification:_identify(control/Core) by extensions ['ros']
[0.586s] Level 1:colcon.colcon_core.package_identification:_identify(control/Core) by extension 'ros'
[0.586s] Level 1:colcon.colcon_core.package_identification:_identify(control/Core) by extensions ['cmake', 'python']
[0.586s] Level 1:colcon.colcon_core.package_identification:_identify(control/Core) by extension 'cmake'
[0.586s] Level 1:colcon.colcon_core.package_identification:_identify(control/Core) by extension 'python'
[0.587s] Level 1:colcon.colcon_core.package_identification:_identify(control/Core) by extensions ['python_setup_py']
[0.587s] Level 1:colcon.colcon_core.package_identification:_identify(control/Core) by extension 'python_setup_py'
[0.587s] Level 1:colcon.colcon_core.package_identification:_identify(control/Core/Inc) by extensions ['ignore', 'ignore_ament_install']
[0.587s] Level 1:colcon.colcon_core.package_identification:_identify(control/Core/Inc) by extension 'ignore'
[0.587s] Level 1:colcon.colcon_core.package_identification:_identify(control/Core/Inc) by extension 'ignore_ament_install'
[0.587s] Level 1:colcon.colcon_core.package_identification:_identify(control/Core/Inc) by extensions ['colcon_pkg']
[0.587s] Level 1:colcon.colcon_core.package_identification:_identify(control/Core/Inc) by extension 'colcon_pkg'
[0.587s] Level 1:colcon.colcon_core.package_identification:_identify(control/Core/Inc) by extensions ['colcon_meta']
[0.587s] Level 1:colcon.colcon_core.package_identification:_identify(control/Core/Inc) by extension 'colcon_meta'
[0.588s] Level 1:colcon.colcon_core.package_identification:_identify(control/Core/Inc) by extensions ['ros']
[0.588s] Level 1:colcon.colcon_core.package_identification:_identify(control/Core/Inc) by extension 'ros'
[0.588s] Level 1:colcon.colcon_core.package_identification:_identify(control/Core/Inc) by extensions ['cmake', 'python']
[0.588s] Level 1:colcon.colcon_core.package_identification:_identify(control/Core/Inc) by extension 'cmake'
[0.588s] Level 1:colcon.colcon_core.package_identification:_identify(control/Core/Inc) by extension 'python'
[0.588s] Level 1:colcon.colcon_core.package_identification:_identify(control/Core/Inc) by extensions ['python_setup_py']
[0.588s] Level 1:colcon.colcon_core.package_identification:_identify(control/Core/Inc) by extension 'python_setup_py'
[0.588s] Level 1:colcon.colcon_core.package_identification:_identify(control/Core/Src) by extensions ['ignore', 'ignore_ament_install']
[0.589s] Level 1:colcon.colcon_core.package_identification:_identify(control/Core/Src) by extension 'ignore'
[0.589s] Level 1:colcon.colcon_core.package_identification:_identify(control/Core/Src) by extension 'ignore_ament_install'
[0.589s] Level 1:colcon.colcon_core.package_identification:_identify(control/Core/Src) by extensions ['colcon_pkg']
[0.589s] Level 1:colcon.colcon_core.package_identification:_identify(control/Core/Src) by extension 'colcon_pkg'
[0.589s] Level 1:colcon.colcon_core.package_identification:_identify(control/Core/Src) by extensions ['colcon_meta']
[0.589s] Level 1:colcon.colcon_core.package_identification:_identify(control/Core/Src) by extension 'colcon_meta'
[0.589s] Level 1:colcon.colcon_core.package_identification:_identify(control/Core/Src) by extensions ['ros']
[0.589s] Level 1:colcon.colcon_core.package_identification:_identify(control/Core/Src) by extension 'ros'
[0.589s] Level 1:colcon.colcon_core.package_identification:_identify(control/Core/Src) by extensions ['cmake', 'python']
[0.589s] Level 1:colcon.colcon_core.package_identification:_identify(control/Core/Src) by extension 'cmake'
[0.590s] Level 1:colcon.colcon_core.package_identification:_identify(control/Core/Src) by extension 'python'
[0.590s] Level 1:colcon.colcon_core.package_identification:_identify(control/Core/Src) by extensions ['python_setup_py']
[0.590s] Level 1:colcon.colcon_core.package_identification:_identify(control/Core/Src) by extension 'python_setup_py'
[0.590s] Level 1:colcon.colcon_core.package_identification:_identify(control/Core/Startup) by extensions ['ignore', 'ignore_ament_install']
[0.590s] Level 1:colcon.colcon_core.package_identification:_identify(control/Core/Startup) by extension 'ignore'
[0.590s] Level 1:colcon.colcon_core.package_identification:_identify(control/Core/Startup) by extension 'ignore_ament_install'
[0.590s] Level 1:colcon.colcon_core.package_identification:_identify(control/Core/Startup) by extensions ['colcon_pkg']
[0.591s] Level 1:colcon.colcon_core.package_identification:_identify(control/Core/Startup) by extension 'colcon_pkg'
[0.591s] Level 1:colcon.colcon_core.package_identification:_identify(control/Core/Startup) by extensions ['colcon_meta']
[0.591s] Level 1:colcon.colcon_core.package_identification:_identify(control/Core/Startup) by extension 'colcon_meta'
[0.591s] Level 1:colcon.colcon_core.package_identification:_identify(control/Core/Startup) by extensions ['ros']
[0.591s] Level 1:colcon.colcon_core.package_identification:_identify(control/Core/Startup) by extension 'ros'
[0.591s] Level 1:colcon.colcon_core.package_identification:_identify(control/Core/Startup) by extensions ['cmake', 'python']
[0.591s] Level 1:colcon.colcon_core.package_identification:_identify(control/Core/Startup) by extension 'cmake'
[0.591s] Level 1:colcon.colcon_core.package_identification:_identify(control/Core/Startup) by extension 'python'
[0.591s] Level 1:colcon.colcon_core.package_identification:_identify(control/Core/Startup) by extensions ['python_setup_py']
[0.591s] Level 1:colcon.colcon_core.package_identification:_identify(control/Core/Startup) by extension 'python_setup_py'
[0.592s] Level 1:colcon.colcon_core.package_identification:_identify(control/Drivers) by extensions ['ignore', 'ignore_ament_install']
[0.592s] Level 1:colcon.colcon_core.package_identification:_identify(control/Drivers) by extension 'ignore'
[0.592s] Level 1:colcon.colcon_core.package_identification:_identify(control/Drivers) by extension 'ignore_ament_install'
[0.592s] Level 1:colcon.colcon_core.package_identification:_identify(control/Drivers) by extensions ['colcon_pkg']
[0.592s] Level 1:colcon.colcon_core.package_identification:_identify(control/Drivers) by extension 'colcon_pkg'
[0.592s] Level 1:colcon.colcon_core.package_identification:_identify(control/Drivers) by extensions ['colcon_meta']
[0.592s] Level 1:colcon.colcon_core.package_identification:_identify(control/Drivers) by extension 'colcon_meta'
[0.592s] Level 1:colcon.colcon_core.package_identification:_identify(control/Drivers) by extensions ['ros']
[0.592s] Level 1:colcon.colcon_core.package_identification:_identify(control/Drivers) by extension 'ros'
[0.593s] Level 1:colcon.colcon_core.package_identification:_identify(control/Drivers) by extensions ['cmake', 'python']
[0.593s] Level 1:colcon.colcon_core.package_identification:_identify(control/Drivers) by extension 'cmake'
[0.593s] Level 1:colcon.colcon_core.package_identification:_identify(control/Drivers) by extension 'python'
[0.593s] Level 1:colcon.colcon_core.package_identification:_identify(control/Drivers) by extensions ['python_setup_py']
[0.593s] Level 1:colcon.colcon_core.package_identification:_identify(control/Drivers) by extension 'python_setup_py'
[0.593s] Level 1:colcon.colcon_core.package_identification:_identify(control/Drivers/CMSIS) by extensions ['ignore', 'ignore_ament_install']
[0.593s] Level 1:colcon.colcon_core.package_identification:_identify(control/Drivers/CMSIS) by extension 'ignore'
[0.593s] Level 1:colcon.colcon_core.package_identification:_identify(control/Drivers/CMSIS) by extension 'ignore_ament_install'
[0.594s] Level 1:colcon.colcon_core.package_identification:_identify(control/Drivers/CMSIS) by extensions ['colcon_pkg']
[0.594s] Level 1:colcon.colcon_core.package_identification:_identify(control/Drivers/CMSIS) by extension 'colcon_pkg'
[0.594s] Level 1:colcon.colcon_core.package_identification:_identify(control/Drivers/CMSIS) by extensions ['colcon_meta']
[0.594s] Level 1:colcon.colcon_core.package_identification:_identify(control/Drivers/CMSIS) by extension 'colcon_meta'
[0.594s] Level 1:colcon.colcon_core.package_identification:_identify(control/Drivers/CMSIS) by extensions ['ros']
[0.594s] Level 1:colcon.colcon_core.package_identification:_identify(control/Drivers/CMSIS) by extension 'ros'
[0.594s] Level 1:colcon.colcon_core.package_identification:_identify(control/Drivers/CMSIS) by extensions ['cmake', 'python']
[0.594s] Level 1:colcon.colcon_core.package_identification:_identify(control/Drivers/CMSIS) by extension 'cmake'
[0.594s] Level 1:colcon.colcon_core.package_identification:_identify(control/Drivers/CMSIS) by extension 'python'
[0.594s] Level 1:colcon.colcon_core.package_identification:_identify(control/Drivers/CMSIS) by extensions ['python_setup_py']
[0.594s] Level 1:colcon.colcon_core.package_identification:_identify(control/Drivers/CMSIS) by extension 'python_setup_py'
[0.595s] Level 1:colcon.colcon_core.package_identification:_identify(control/Drivers/CMSIS/Device) by extensions ['ignore', 'ignore_ament_install']
[0.595s] Level 1:colcon.colcon_core.package_identification:_identify(control/Drivers/CMSIS/Device) by extension 'ignore'
[0.595s] Level 1:colcon.colcon_core.package_identification:_identify(control/Drivers/CMSIS/Device) by extension 'ignore_ament_install'
[0.595s] Level 1:colcon.colcon_core.package_identification:_identify(control/Drivers/CMSIS/Device) by extensions ['colcon_pkg']
[0.595s] Level 1:colcon.colcon_core.package_identification:_identify(control/Drivers/CMSIS/Device) by extension 'colcon_pkg'
[0.595s] Level 1:colcon.colcon_core.package_identification:_identify(control/Drivers/CMSIS/Device) by extensions ['colcon_meta']
[0.595s] Level 1:colcon.colcon_core.package_identification:_identify(control/Drivers/CMSIS/Device) by extension 'colcon_meta'
[0.595s] Level 1:colcon.colcon_core.package_identification:_identify(control/Drivers/CMSIS/Device) by extensions ['ros']
[0.595s] Level 1:colcon.colcon_core.package_identification:_identify(control/Drivers/CMSIS/Device) by extension 'ros'
[0.596s] Level 1:colcon.colcon_core.package_identification:_identify(control/Drivers/CMSIS/Device) by extensions ['cmake', 'python']
[0.596s] Level 1:colcon.colcon_core.package_identification:_identify(control/Drivers/CMSIS/Device) by extension 'cmake'
[0.596s] Level 1:colcon.colcon_core.package_identification:_identify(control/Drivers/CMSIS/Device) by extension 'python'
[0.596s] Level 1:colcon.colcon_core.package_identification:_identify(control/Drivers/CMSIS/Device) by extensions ['python_setup_py']
[0.596s] Level 1:colcon.colcon_core.package_identification:_identify(control/Drivers/CMSIS/Device) by extension 'python_setup_py'
[0.596s] Level 1:colcon.colcon_core.package_identification:_identify(control/Drivers/CMSIS/Device/ST) by extensions ['ignore', 'ignore_ament_install']
[0.596s] Level 1:colcon.colcon_core.package_identification:_identify(control/Drivers/CMSIS/Device/ST) by extension 'ignore'
[0.596s] Level 1:colcon.colcon_core.package_identification:_identify(control/Drivers/CMSIS/Device/ST) by extension 'ignore_ament_install'
[0.597s] Level 1:colcon.colcon_core.package_identification:_identify(control/Drivers/CMSIS/Device/ST) by extensions ['colcon_pkg']
[0.597s] Level 1:colcon.colcon_core.package_identification:_identify(control/Drivers/CMSIS/Device/ST) by extension 'colcon_pkg'
[0.597s] Level 1:colcon.colcon_core.package_identification:_identify(control/Drivers/CMSIS/Device/ST) by extensions ['colcon_meta']
[0.597s] Level 1:colcon.colcon_core.package_identification:_identify(control/Drivers/CMSIS/Device/ST) by extension 'colcon_meta'
[0.597s] Level 1:colcon.colcon_core.package_identification:_identify(control/Drivers/CMSIS/Device/ST) by extensions ['ros']
[0.597s] Level 1:colcon.colcon_core.package_identification:_identify(control/Drivers/CMSIS/Device/ST) by extension 'ros'
[0.597s] Level 1:colcon.colcon_core.package_identification:_identify(control/Drivers/CMSIS/Device/ST) by extensions ['cmake', 'python']
[0.597s] Level 1:colcon.colcon_core.package_identification:_identify(control/Drivers/CMSIS/Device/ST) by extension 'cmake'
[0.597s] Level 1:colcon.colcon_core.package_identification:_identify(control/Drivers/CMSIS/Device/ST) by extension 'python'
[0.597s] Level 1:colcon.colcon_core.package_identification:_identify(control/Drivers/CMSIS/Device/ST) by extensions ['python_setup_py']
[0.597s] Level 1:colcon.colcon_core.package_identification:_identify(control/Drivers/CMSIS/Device/ST) by extension 'python_setup_py'
[0.598s] Level 1:colcon.colcon_core.package_identification:_identify(control/Drivers/CMSIS/Device/ST/STM32H7xx) by extensions ['ignore', 'ignore_ament_install']
[0.598s] Level 1:colcon.colcon_core.package_identification:_identify(control/Drivers/CMSIS/Device/ST/STM32H7xx) by extension 'ignore'
[0.598s] Level 1:colcon.colcon_core.package_identification:_identify(control/Drivers/CMSIS/Device/ST/STM32H7xx) by extension 'ignore_ament_install'
[0.598s] Level 1:colcon.colcon_core.package_identification:_identify(control/Drivers/CMSIS/Device/ST/STM32H7xx) by extensions ['colcon_pkg']
[0.598s] Level 1:colcon.colcon_core.package_identification:_identify(control/Drivers/CMSIS/Device/ST/STM32H7xx) by extension 'colcon_pkg'
[0.598s] Level 1:colcon.colcon_core.package_identification:_identify(control/Drivers/CMSIS/Device/ST/STM32H7xx) by extensions ['colcon_meta']
[0.598s] Level 1:colcon.colcon_core.package_identification:_identify(control/Drivers/CMSIS/Device/ST/STM32H7xx) by extension 'colcon_meta'
[0.598s] Level 1:colcon.colcon_core.package_identification:_identify(control/Drivers/CMSIS/Device/ST/STM32H7xx) by extensions ['ros']
[0.599s] Level 1:colcon.colcon_core.package_identification:_identify(control/Drivers/CMSIS/Device/ST/STM32H7xx) by extension 'ros'
[0.599s] Level 1:colcon.colcon_core.package_identification:_identify(control/Drivers/CMSIS/Device/ST/STM32H7xx) by extensions ['cmake', 'python']
[0.599s] Level 1:colcon.colcon_core.package_identification:_identify(control/Drivers/CMSIS/Device/ST/STM32H7xx) by extension 'cmake'
[0.599s] Level 1:colcon.colcon_core.package_identification:_identify(control/Drivers/CMSIS/Device/ST/STM32H7xx) by extension 'python'
[0.599s] Level 1:colcon.colcon_core.package_identification:_identify(control/Drivers/CMSIS/Device/ST/STM32H7xx) by extensions ['python_setup_py']
[0.599s] Level 1:colcon.colcon_core.package_identification:_identify(control/Drivers/CMSIS/Device/ST/STM32H7xx) by extension 'python_setup_py'
[0.599s] Level 1:colcon.colcon_core.package_identification:_identify(control/Drivers/CMSIS/Device/ST/STM32H7xx/Include) by extensions ['ignore', 'ignore_ament_install']
[0.599s] Level 1:colcon.colcon_core.package_identification:_identify(control/Drivers/CMSIS/Device/ST/STM32H7xx/Include) by extension 'ignore'
[0.600s] Level 1:colcon.colcon_core.package_identification:_identify(control/Drivers/CMSIS/Device/ST/STM32H7xx/Include) by extension 'ignore_ament_install'
[0.600s] Level 1:colcon.colcon_core.package_identification:_identify(control/Drivers/CMSIS/Device/ST/STM32H7xx/Include) by extensions ['colcon_pkg']
[0.600s] Level 1:colcon.colcon_core.package_identification:_identify(control/Drivers/CMSIS/Device/ST/STM32H7xx/Include) by extension 'colcon_pkg'
[0.600s] Level 1:colcon.colcon_core.package_identification:_identify(control/Drivers/CMSIS/Device/ST/STM32H7xx/Include) by extensions ['colcon_meta']
[0.600s] Level 1:colcon.colcon_core.package_identification:_identify(control/Drivers/CMSIS/Device/ST/STM32H7xx/Include) by extension 'colcon_meta'
[0.600s] Level 1:colcon.colcon_core.package_identification:_identify(control/Drivers/CMSIS/Device/ST/STM32H7xx/Include) by extensions ['ros']
[0.600s] Level 1:colcon.colcon_core.package_identification:_identify(control/Drivers/CMSIS/Device/ST/STM32H7xx/Include) by extension 'ros'
[0.600s] Level 1:colcon.colcon_core.package_identification:_identify(control/Drivers/CMSIS/Device/ST/STM32H7xx/Include) by extensions ['cmake', 'python']
[0.600s] Level 1:colcon.colcon_core.package_identification:_identify(control/Drivers/CMSIS/Device/ST/STM32H7xx/Include) by extension 'cmake'
[0.600s] Level 1:colcon.colcon_core.package_identification:_identify(control/Drivers/CMSIS/Device/ST/STM32H7xx/Include) by extension 'python'
[0.600s] Level 1:colcon.colcon_core.package_identification:_identify(control/Drivers/CMSIS/Device/ST/STM32H7xx/Include) by extensions ['python_setup_py']
[0.601s] Level 1:colcon.colcon_core.package_identification:_identify(control/Drivers/CMSIS/Device/ST/STM32H7xx/Include) by extension 'python_setup_py'
[0.601s] Level 1:colcon.colcon_core.package_identification:_identify(control/Drivers/CMSIS/Include) by extensions ['ignore', 'ignore_ament_install']
[0.601s] Level 1:colcon.colcon_core.package_identification:_identify(control/Drivers/CMSIS/Include) by extension 'ignore'
[0.601s] Level 1:colcon.colcon_core.package_identification:_identify(control/Drivers/CMSIS/Include) by extension 'ignore_ament_install'
[0.601s] Level 1:colcon.colcon_core.package_identification:_identify(control/Drivers/CMSIS/Include) by extensions ['colcon_pkg']
[0.601s] Level 1:colcon.colcon_core.package_identification:_identify(control/Drivers/CMSIS/Include) by extension 'colcon_pkg'
[0.601s] Level 1:colcon.colcon_core.package_identification:_identify(control/Drivers/CMSIS/Include) by extensions ['colcon_meta']
[0.601s] Level 1:colcon.colcon_core.package_identification:_identify(control/Drivers/CMSIS/Include) by extension 'colcon_meta'
[0.602s] Level 1:colcon.colcon_core.package_identification:_identify(control/Drivers/CMSIS/Include) by extensions ['ros']
[0.602s] Level 1:colcon.colcon_core.package_identification:_identify(control/Drivers/CMSIS/Include) by extension 'ros'
[0.602s] Level 1:colcon.colcon_core.package_identification:_identify(control/Drivers/CMSIS/Include) by extensions ['cmake', 'python']
[0.602s] Level 1:colcon.colcon_core.package_identification:_identify(control/Drivers/CMSIS/Include) by extension 'cmake'
[0.602s] Level 1:colcon.colcon_core.package_identification:_identify(control/Drivers/CMSIS/Include) by extension 'python'
[0.602s] Level 1:colcon.colcon_core.package_identification:_identify(control/Drivers/CMSIS/Include) by extensions ['python_setup_py']
[0.602s] Level 1:colcon.colcon_core.package_identification:_identify(control/Drivers/CMSIS/Include) by extension 'python_setup_py'
[0.602s] Level 1:colcon.colcon_core.package_identification:_identify(control/Drivers/STM32H7xx_HAL_Driver) by extensions ['ignore', 'ignore_ament_install']
[0.602s] Level 1:colcon.colcon_core.package_identification:_identify(control/Drivers/STM32H7xx_HAL_Driver) by extension 'ignore'
[0.603s] Level 1:colcon.colcon_core.package_identification:_identify(control/Drivers/STM32H7xx_HAL_Driver) by extension 'ignore_ament_install'
[0.603s] Level 1:colcon.colcon_core.package_identification:_identify(control/Drivers/STM32H7xx_HAL_Driver) by extensions ['colcon_pkg']
[0.603s] Level 1:colcon.colcon_core.package_identification:_identify(control/Drivers/STM32H7xx_HAL_Driver) by extension 'colcon_pkg'
[0.603s] Level 1:colcon.colcon_core.package_identification:_identify(control/Drivers/STM32H7xx_HAL_Driver) by extensions ['colcon_meta']
[0.603s] Level 1:colcon.colcon_core.package_identification:_identify(control/Drivers/STM32H7xx_HAL_Driver) by extension 'colcon_meta'
[0.603s] Level 1:colcon.colcon_core.package_identification:_identify(control/Drivers/STM32H7xx_HAL_Driver) by extensions ['ros']
[0.603s] Level 1:colcon.colcon_core.package_identification:_identify(control/Drivers/STM32H7xx_HAL_Driver) by extension 'ros'
[0.603s] Level 1:colcon.colcon_core.package_identification:_identify(control/Drivers/STM32H7xx_HAL_Driver) by extensions ['cmake', 'python']
[0.603s] Level 1:colcon.colcon_core.package_identification:_identify(control/Drivers/STM32H7xx_HAL_Driver) by extension 'cmake'
[0.603s] Level 1:colcon.colcon_core.package_identification:_identify(control/Drivers/STM32H7xx_HAL_Driver) by extension 'python'
[0.603s] Level 1:colcon.colcon_core.package_identification:_identify(control/Drivers/STM32H7xx_HAL_Driver) by extensions ['python_setup_py']
[0.604s] Level 1:colcon.colcon_core.package_identification:_identify(control/Drivers/STM32H7xx_HAL_Driver) by extension 'python_setup_py'
[0.604s] Level 1:colcon.colcon_core.package_identification:_identify(control/Drivers/STM32H7xx_HAL_Driver/Inc) by extensions ['ignore', 'ignore_ament_install']
[0.604s] Level 1:colcon.colcon_core.package_identification:_identify(control/Drivers/STM32H7xx_HAL_Driver/Inc) by extension 'ignore'
[0.604s] Level 1:colcon.colcon_core.package_identification:_identify(control/Drivers/STM32H7xx_HAL_Driver/Inc) by extension 'ignore_ament_install'
[0.604s] Level 1:colcon.colcon_core.package_identification:_identify(control/Drivers/STM32H7xx_HAL_Driver/Inc) by extensions ['colcon_pkg']
[0.604s] Level 1:colcon.colcon_core.package_identification:_identify(control/Drivers/STM32H7xx_HAL_Driver/Inc) by extension 'colcon_pkg'
[0.604s] Level 1:colcon.colcon_core.package_identification:_identify(control/Drivers/STM32H7xx_HAL_Driver/Inc) by extensions ['colcon_meta']
[0.604s] Level 1:colcon.colcon_core.package_identification:_identify(control/Drivers/STM32H7xx_HAL_Driver/Inc) by extension 'colcon_meta'
[0.605s] Level 1:colcon.colcon_core.package_identification:_identify(control/Drivers/STM32H7xx_HAL_Driver/Inc) by extensions ['ros']
[0.605s] Level 1:colcon.colcon_core.package_identification:_identify(control/Drivers/STM32H7xx_HAL_Driver/Inc) by extension 'ros'
[0.605s] Level 1:colcon.colcon_core.package_identification:_identify(control/Drivers/STM32H7xx_HAL_Driver/Inc) by extensions ['cmake', 'python']
[0.605s] Level 1:colcon.colcon_core.package_identification:_identify(control/Drivers/STM32H7xx_HAL_Driver/Inc) by extension 'cmake'
[0.605s] Level 1:colcon.colcon_core.package_identification:_identify(control/Drivers/STM32H7xx_HAL_Driver/Inc) by extension 'python'
[0.605s] Level 1:colcon.colcon_core.package_identification:_identify(control/Drivers/STM32H7xx_HAL_Driver/Inc) by extensions ['python_setup_py']
[0.605s] Level 1:colcon.colcon_core.package_identification:_identify(control/Drivers/STM32H7xx_HAL_Driver/Inc) by extension 'python_setup_py'
[0.605s] Level 1:colcon.colcon_core.package_identification:_identify(control/Drivers/STM32H7xx_HAL_Driver/Inc/Legacy) by extensions ['ignore', 'ignore_ament_install']
[0.605s] Level 1:colcon.colcon_core.package_identification:_identify(control/Drivers/STM32H7xx_HAL_Driver/Inc/Legacy) by extension 'ignore'
[0.606s] Level 1:colcon.colcon_core.package_identification:_identify(control/Drivers/STM32H7xx_HAL_Driver/Inc/Legacy) by extension 'ignore_ament_install'
[0.606s] Level 1:colcon.colcon_core.package_identification:_identify(control/Drivers/STM32H7xx_HAL_Driver/Inc/Legacy) by extensions ['colcon_pkg']
[0.606s] Level 1:colcon.colcon_core.package_identification:_identify(control/Drivers/STM32H7xx_HAL_Driver/Inc/Legacy) by extension 'colcon_pkg'
[0.606s] Level 1:colcon.colcon_core.package_identification:_identify(control/Drivers/STM32H7xx_HAL_Driver/Inc/Legacy) by extensions ['colcon_meta']
[0.606s] Level 1:colcon.colcon_core.package_identification:_identify(control/Drivers/STM32H7xx_HAL_Driver/Inc/Legacy) by extension 'colcon_meta'
[0.606s] Level 1:colcon.colcon_core.package_identification:_identify(control/Drivers/STM32H7xx_HAL_Driver/Inc/Legacy) by extensions ['ros']
[0.606s] Level 1:colcon.colcon_core.package_identification:_identify(control/Drivers/STM32H7xx_HAL_Driver/Inc/Legacy) by extension 'ros'
[0.606s] Level 1:colcon.colcon_core.package_identification:_identify(control/Drivers/STM32H7xx_HAL_Driver/Inc/Legacy) by extensions ['cmake', 'python']
[0.606s] Level 1:colcon.colcon_core.package_identification:_identify(control/Drivers/STM32H7xx_HAL_Driver/Inc/Legacy) by extension 'cmake'
[0.606s] Level 1:colcon.colcon_core.package_identification:_identify(control/Drivers/STM32H7xx_HAL_Driver/Inc/Legacy) by extension 'python'
[0.607s] Level 1:colcon.colcon_core.package_identification:_identify(control/Drivers/STM32H7xx_HAL_Driver/Inc/Legacy) by extensions ['python_setup_py']
[0.607s] Level 1:colcon.colcon_core.package_identification:_identify(control/Drivers/STM32H7xx_HAL_Driver/Inc/Legacy) by extension 'python_setup_py'
[0.607s] Level 1:colcon.colcon_core.package_identification:_identify(control/Drivers/STM32H7xx_HAL_Driver/Src) by extensions ['ignore', 'ignore_ament_install']
[0.607s] Level 1:colcon.colcon_core.package_identification:_identify(control/Drivers/STM32H7xx_HAL_Driver/Src) by extension 'ignore'
[0.607s] Level 1:colcon.colcon_core.package_identification:_identify(control/Drivers/STM32H7xx_HAL_Driver/Src) by extension 'ignore_ament_install'
[0.607s] Level 1:colcon.colcon_core.package_identification:_identify(control/Drivers/STM32H7xx_HAL_Driver/Src) by extensions ['colcon_pkg']
[0.607s] Level 1:colcon.colcon_core.package_identification:_identify(control/Drivers/STM32H7xx_HAL_Driver/Src) by extension 'colcon_pkg'
[0.607s] Level 1:colcon.colcon_core.package_identification:_identify(control/Drivers/STM32H7xx_HAL_Driver/Src) by extensions ['colcon_meta']
[0.607s] Level 1:colcon.colcon_core.package_identification:_identify(control/Drivers/STM32H7xx_HAL_Driver/Src) by extension 'colcon_meta'
[0.608s] Level 1:colcon.colcon_core.package_identification:_identify(control/Drivers/STM32H7xx_HAL_Driver/Src) by extensions ['ros']
[0.608s] Level 1:colcon.colcon_core.package_identification:_identify(control/Drivers/STM32H7xx_HAL_Driver/Src) by extension 'ros'
[0.608s] Level 1:colcon.colcon_core.package_identification:_identify(control/Drivers/STM32H7xx_HAL_Driver/Src) by extensions ['cmake', 'python']
[0.608s] Level 1:colcon.colcon_core.package_identification:_identify(control/Drivers/STM32H7xx_HAL_Driver/Src) by extension 'cmake'
[0.608s] Level 1:colcon.colcon_core.package_identification:_identify(control/Drivers/STM32H7xx_HAL_Driver/Src) by extension 'python'
[0.608s] Level 1:colcon.colcon_core.package_identification:_identify(control/Drivers/STM32H7xx_HAL_Driver/Src) by extensions ['python_setup_py']
[0.608s] Level 1:colcon.colcon_core.package_identification:_identify(control/Drivers/STM32H7xx_HAL_Driver/Src) by extension 'python_setup_py'
[0.608s] Level 1:colcon.colcon_core.package_identification:_identify(install) by extensions ['ignore', 'ignore_ament_install']
[0.608s] Level 1:colcon.colcon_core.package_identification:_identify(install) by extension 'ignore'
[0.609s] Level 1:colcon.colcon_core.package_identification:_identify(install) ignored
[0.609s] Level 1:colcon.colcon_core.package_identification:_identify(log) by extensions ['ignore', 'ignore_ament_install']
[0.609s] Level 1:colcon.colcon_core.package_identification:_identify(log) by extension 'ignore'
[0.609s] Level 1:colcon.colcon_core.package_identification:_identify(log) ignored
[0.609s] Level 1:colcon.colcon_core.package_identification:_identify(object-detection) by extensions ['ignore', 'ignore_ament_install']
[0.609s] Level 1:colcon.colcon_core.package_identification:_identify(object-detection) by extension 'ignore'
[0.609s] Level 1:colcon.colcon_core.package_identification:_identify(object-detection) by extension 'ignore_ament_install'
[0.610s] Level 1:colcon.colcon_core.package_identification:_identify(object-detection) by extensions ['colcon_pkg']
[0.610s] Level 1:colcon.colcon_core.package_identification:_identify(object-detection) by extension 'colcon_pkg'
[0.610s] Level 1:colcon.colcon_core.package_identification:_identify(object-detection) by extensions ['colcon_meta']
[0.610s] Level 1:colcon.colcon_core.package_identification:_identify(object-detection) by extension 'colcon_meta'
[0.610s] Level 1:colcon.colcon_core.package_identification:_identify(object-detection) by extensions ['ros']
[0.610s] Level 1:colcon.colcon_core.package_identification:_identify(object-detection) by extension 'ros'
[0.610s] Level 1:colcon.colcon_core.package_identification:_identify(object-detection) by extensions ['cmake', 'python']
[0.610s] Level 1:colcon.colcon_core.package_identification:_identify(object-detection) by extension 'cmake'
[0.610s] Level 1:colcon.colcon_core.package_identification:_identify(object-detection) by extension 'python'
[0.610s] Level 1:colcon.colcon_core.package_identification:_identify(object-detection) by extensions ['python_setup_py']
[0.610s] Level 1:colcon.colcon_core.package_identification:_identify(object-detection) by extension 'python_setup_py'
[0.611s] Level 1:colcon.colcon_core.package_identification:_identify(object-detection/MaixSense_ROS) by extensions ['ignore', 'ignore_ament_install']
[0.611s] Level 1:colcon.colcon_core.package_identification:_identify(object-detection/MaixSense_ROS) by extension 'ignore'
[0.611s] Level 1:colcon.colcon_core.package_identification:_identify(object-detection/MaixSense_ROS) by extension 'ignore_ament_install'
[0.611s] Level 1:colcon.colcon_core.package_identification:_identify(object-detection/MaixSense_ROS) by extensions ['colcon_pkg']
[0.611s] Level 1:colcon.colcon_core.package_identification:_identify(object-detection/MaixSense_ROS) by extension 'colcon_pkg'
[0.611s] Level 1:colcon.colcon_core.package_identification:_identify(object-detection/MaixSense_ROS) by extensions ['colcon_meta']
[0.611s] Level 1:colcon.colcon_core.package_identification:_identify(object-detection/MaixSense_ROS) by extension 'colcon_meta'
[0.611s] Level 1:colcon.colcon_core.package_identification:_identify(object-detection/MaixSense_ROS) by extensions ['ros']
[0.611s] Level 1:colcon.colcon_core.package_identification:_identify(object-detection/MaixSense_ROS) by extension 'ros'
[0.612s] Level 1:colcon.colcon_core.package_identification:_identify(object-detection/MaixSense_ROS) by extensions ['cmake', 'python']
[0.612s] Level 1:colcon.colcon_core.package_identification:_identify(object-detection/MaixSense_ROS) by extension 'cmake'
[0.612s] Level 1:colcon.colcon_core.package_identification:_identify(object-detection/MaixSense_ROS) by extension 'python'
[0.612s] Level 1:colcon.colcon_core.package_identification:_identify(object-detection/MaixSense_ROS) by extensions ['python_setup_py']
[0.612s] Level 1:colcon.colcon_core.package_identification:_identify(object-detection/MaixSense_ROS) by extension 'python_setup_py'
[0.612s] Level 1:colcon.colcon_core.package_identification:_identify(object-detection/MaixSense_ROS/build) by extensions ['ignore', 'ignore_ament_install']
[0.612s] Level 1:colcon.colcon_core.package_identification:_identify(object-detection/MaixSense_ROS/build) by extension 'ignore'
[0.612s] Level 1:colcon.colcon_core.package_identification:_identify(object-detection/MaixSense_ROS/build) ignored
[0.613s] Level 1:colcon.colcon_core.package_identification:_identify(object-detection/MaixSense_ROS/install) by extensions ['ignore', 'ignore_ament_install']
[0.613s] Level 1:colcon.colcon_core.package_identification:_identify(object-detection/MaixSense_ROS/install) by extension 'ignore'
[0.613s] Level 1:colcon.colcon_core.package_identification:_identify(object-detection/MaixSense_ROS/install) ignored
[0.613s] Level 1:colcon.colcon_core.package_identification:_identify(object-detection/MaixSense_ROS/log) by extensions ['ignore', 'ignore_ament_install']
[0.613s] Level 1:colcon.colcon_core.package_identification:_identify(object-detection/MaixSense_ROS/log) by extension 'ignore'
[0.613s] Level 1:colcon.colcon_core.package_identification:_identify(object-detection/MaixSense_ROS/log) ignored
[0.613s] Level 1:colcon.colcon_core.package_identification:_identify(object-detection/MaixSense_ROS/sipeed_tof_ms_a010_ros) by extensions ['ignore', 'ignore_ament_install']
[0.614s] Level 1:colcon.colcon_core.package_identification:_identify(object-detection/MaixSense_ROS/sipeed_tof_ms_a010_ros) by extension 'ignore'
[0.614s] Level 1:colcon.colcon_core.package_identification:_identify(object-detection/MaixSense_ROS/sipeed_tof_ms_a010_ros) by extension 'ignore_ament_install'
[0.614s] Level 1:colcon.colcon_core.package_identification:_identify(object-detection/MaixSense_ROS/sipeed_tof_ms_a010_ros) by extensions ['colcon_pkg']
[0.614s] Level 1:colcon.colcon_core.package_identification:_identify(object-detection/MaixSense_ROS/sipeed_tof_ms_a010_ros) by extension 'colcon_pkg'
[0.614s] Level 1:colcon.colcon_core.package_identification:_identify(object-detection/MaixSense_ROS/sipeed_tof_ms_a010_ros) by extensions ['colcon_meta']
[0.614s] Level 1:colcon.colcon_core.package_identification:_identify(object-detection/MaixSense_ROS/sipeed_tof_ms_a010_ros) by extension 'colcon_meta'
[0.614s] Level 1:colcon.colcon_core.package_identification:_identify(object-detection/MaixSense_ROS/sipeed_tof_ms_a010_ros) by extensions ['ros']
[0.614s] Level 1:colcon.colcon_core.package_identification:_identify(object-detection/MaixSense_ROS/sipeed_tof_ms_a010_ros) by extension 'ros'
[0.614s] Level 1:colcon.colcon_core.package_identification:_identify(object-detection/MaixSense_ROS/sipeed_tof_ms_a010_ros) by extensions ['cmake', 'python']
[0.614s] Level 1:colcon.colcon_core.package_identification:_identify(object-detection/MaixSense_ROS/sipeed_tof_ms_a010_ros) by extension 'cmake'
[0.615s] Level 1:colcon.colcon_core.package_identification:_identify(object-detection/MaixSense_ROS/sipeed_tof_ms_a010_ros) by extension 'python'
[0.615s] Level 1:colcon.colcon_core.package_identification:_identify(object-detection/MaixSense_ROS/sipeed_tof_ms_a010_ros) by extensions ['python_setup_py']
[0.615s] Level 1:colcon.colcon_core.package_identification:_identify(object-detection/MaixSense_ROS/sipeed_tof_ms_a010_ros) by extension 'python_setup_py'
[0.615s] Level 1:colcon.colcon_core.package_identification:_identify(object-detection/MaixSense_ROS/sipeed_tof_ms_a010_ros/ros2) by extensions ['ignore', 'ignore_ament_install']
[0.615s] Level 1:colcon.colcon_core.package_identification:_identify(object-detection/MaixSense_ROS/sipeed_tof_ms_a010_ros/ros2) by extension 'ignore'
[0.615s] Level 1:colcon.colcon_core.package_identification:_identify(object-detection/MaixSense_ROS/sipeed_tof_ms_a010_ros/ros2) by extension 'ignore_ament_install'
[0.615s] Level 1:colcon.colcon_core.package_identification:_identify(object-detection/MaixSense_ROS/sipeed_tof_ms_a010_ros/ros2) by extensions ['colcon_pkg']
[0.615s] Level 1:colcon.colcon_core.package_identification:_identify(object-detection/MaixSense_ROS/sipeed_tof_ms_a010_ros/ros2) by extension 'colcon_pkg'
[0.615s] Level 1:colcon.colcon_core.package_identification:_identify(object-detection/MaixSense_ROS/sipeed_tof_ms_a010_ros/ros2) by extensions ['colcon_meta']
[0.615s] Level 1:colcon.colcon_core.package_identification:_identify(object-detection/MaixSense_ROS/sipeed_tof_ms_a010_ros/ros2) by extension 'colcon_meta'
[0.616s] Level 1:colcon.colcon_core.package_identification:_identify(object-detection/MaixSense_ROS/sipeed_tof_ms_a010_ros/ros2) by extensions ['ros']
[0.616s] Level 1:colcon.colcon_core.package_identification:_identify(object-detection/MaixSense_ROS/sipeed_tof_ms_a010_ros/ros2) by extension 'ros'
[0.620s] DEBUG:colcon.colcon_core.package_identification:Package 'object-detection/MaixSense_ROS/sipeed_tof_ms_a010_ros/ros2' with type 'ros.ament_cmake' and name 'sipeed_tof_ms_a010'
[0.621s] Level 1:colcon.colcon_core.package_identification:_identify(object-detection/MaixSense_ROS/sipeed_tof_ms_a075_ros) by extensions ['ignore', 'ignore_ament_install']
[0.621s] Level 1:colcon.colcon_core.package_identification:_identify(object-detection/MaixSense_ROS/sipeed_tof_ms_a075_ros) by extension 'ignore'
[0.621s] Level 1:colcon.colcon_core.package_identification:_identify(object-detection/MaixSense_ROS/sipeed_tof_ms_a075_ros) by extension 'ignore_ament_install'
[0.621s] Level 1:colcon.colcon_core.package_identification:_identify(object-detection/MaixSense_ROS/sipeed_tof_ms_a075_ros) by extensions ['colcon_pkg']
[0.621s] Level 1:colcon.colcon_core.package_identification:_identify(object-detection/MaixSense_ROS/sipeed_tof_ms_a075_ros) by extension 'colcon_pkg'
[0.622s] Level 1:colcon.colcon_core.package_identification:_identify(object-detection/MaixSense_ROS/sipeed_tof_ms_a075_ros) by extensions ['colcon_meta']
[0.622s] Level 1:colcon.colcon_core.package_identification:_identify(object-detection/MaixSense_ROS/sipeed_tof_ms_a075_ros) by extension 'colcon_meta'
[0.622s] Level 1:colcon.colcon_core.package_identification:_identify(object-detection/MaixSense_ROS/sipeed_tof_ms_a075_ros) by extensions ['ros']
[0.622s] Level 1:colcon.colcon_core.package_identification:_identify(object-detection/MaixSense_ROS/sipeed_tof_ms_a075_ros) by extension 'ros'
[0.622s] Level 1:colcon.colcon_core.package_identification:_identify(object-detection/MaixSense_ROS/sipeed_tof_ms_a075_ros) by extensions ['cmake', 'python']
[0.622s] Level 1:colcon.colcon_core.package_identification:_identify(object-detection/MaixSense_ROS/sipeed_tof_ms_a075_ros) by extension 'cmake'
[0.622s] Level 1:colcon.colcon_core.package_identification:_identify(object-detection/MaixSense_ROS/sipeed_tof_ms_a075_ros) by extension 'python'
[0.622s] Level 1:colcon.colcon_core.package_identification:_identify(object-detection/MaixSense_ROS/sipeed_tof_ms_a075_ros) by extensions ['python_setup_py']
[0.622s] Level 1:colcon.colcon_core.package_identification:_identify(object-detection/MaixSense_ROS/sipeed_tof_ms_a075_ros) by extension 'python_setup_py'
[0.623s] Level 1:colcon.colcon_core.package_identification:_identify(object-detection/MaixSense_ROS/sipeed_tof_ms_a075_ros/ros2) by extensions ['ignore', 'ignore_ament_install']
[0.623s] Level 1:colcon.colcon_core.package_identification:_identify(object-detection/MaixSense_ROS/sipeed_tof_ms_a075_ros/ros2) by extension 'ignore'
[0.623s] Level 1:colcon.colcon_core.package_identification:_identify(object-detection/MaixSense_ROS/sipeed_tof_ms_a075_ros/ros2) by extension 'ignore_ament_install'
[0.623s] Level 1:colcon.colcon_core.package_identification:_identify(object-detection/MaixSense_ROS/sipeed_tof_ms_a075_ros/ros2) by extensions ['colcon_pkg']
[0.623s] Level 1:colcon.colcon_core.package_identification:_identify(object-detection/MaixSense_ROS/sipeed_tof_ms_a075_ros/ros2) by extension 'colcon_pkg'
[0.623s] Level 1:colcon.colcon_core.package_identification:_identify(object-detection/MaixSense_ROS/sipeed_tof_ms_a075_ros/ros2) by extensions ['colcon_meta']
[0.623s] Level 1:colcon.colcon_core.package_identification:_identify(object-detection/MaixSense_ROS/sipeed_tof_ms_a075_ros/ros2) by extension 'colcon_meta'
[0.623s] Level 1:colcon.colcon_core.package_identification:_identify(object-detection/MaixSense_ROS/sipeed_tof_ms_a075_ros/ros2) by extensions ['ros']
[0.623s] Level 1:colcon.colcon_core.package_identification:_identify(object-detection/MaixSense_ROS/sipeed_tof_ms_a075_ros/ros2) by extension 'ros'
[0.624s] Level 1:colcon.colcon_core.package_identification:_identify(object-detection/MaixSense_ROS/sipeed_tof_ms_a075_ros/ros2) by extensions ['cmake', 'python']
[0.624s] Level 1:colcon.colcon_core.package_identification:_identify(object-detection/MaixSense_ROS/sipeed_tof_ms_a075_ros/ros2) by extension 'cmake'
[0.624s] Level 1:colcon.colcon_core.package_identification:_identify(object-detection/MaixSense_ROS/sipeed_tof_ms_a075_ros/ros2) by extension 'python'
[0.624s] Level 1:colcon.colcon_core.package_identification:_identify(object-detection/MaixSense_ROS/sipeed_tof_ms_a075_ros/ros2) by extensions ['python_setup_py']
[0.624s] Level 1:colcon.colcon_core.package_identification:_identify(object-detection/MaixSense_ROS/sipeed_tof_ms_a075_ros/ros2) by extension 'python_setup_py'
[0.624s] Level 1:colcon.colcon_core.package_identification:_identify(object-detection/MaixSense_ROS/sipeed_tof_ms_a075_ros/ros2/src) by extensions ['ignore', 'ignore_ament_install']
[0.624s] Level 1:colcon.colcon_core.package_identification:_identify(object-detection/MaixSense_ROS/sipeed_tof_ms_a075_ros/ros2/src) by extension 'ignore'
[0.624s] Level 1:colcon.colcon_core.package_identification:_identify(object-detection/MaixSense_ROS/sipeed_tof_ms_a075_ros/ros2/src) by extension 'ignore_ament_install'
[0.624s] Level 1:colcon.colcon_core.package_identification:_identify(object-detection/MaixSense_ROS/sipeed_tof_ms_a075_ros/ros2/src) by extensions ['colcon_pkg']
[0.625s] Level 1:colcon.colcon_core.package_identification:_identify(object-detection/MaixSense_ROS/sipeed_tof_ms_a075_ros/ros2/src) by extension 'colcon_pkg'
[0.625s] Level 1:colcon.colcon_core.package_identification:_identify(object-detection/MaixSense_ROS/sipeed_tof_ms_a075_ros/ros2/src) by extensions ['colcon_meta']
[0.625s] Level 1:colcon.colcon_core.package_identification:_identify(object-detection/MaixSense_ROS/sipeed_tof_ms_a075_ros/ros2/src) by extension 'colcon_meta'
[0.625s] Level 1:colcon.colcon_core.package_identification:_identify(object-detection/MaixSense_ROS/sipeed_tof_ms_a075_ros/ros2/src) by extensions ['ros']
[0.625s] Level 1:colcon.colcon_core.package_identification:_identify(object-detection/MaixSense_ROS/sipeed_tof_ms_a075_ros/ros2/src) by extension 'ros'
[0.625s] Level 1:colcon.colcon_core.package_identification:_identify(object-detection/MaixSense_ROS/sipeed_tof_ms_a075_ros/ros2/src) by extensions ['cmake', 'python']
[0.625s] Level 1:colcon.colcon_core.package_identification:_identify(object-detection/MaixSense_ROS/sipeed_tof_ms_a075_ros/ros2/src) by extension 'cmake'
[0.625s] Level 1:colcon.colcon_core.package_identification:_identify(object-detection/MaixSense_ROS/sipeed_tof_ms_a075_ros/ros2/src) by extension 'python'
[0.625s] Level 1:colcon.colcon_core.package_identification:_identify(object-detection/MaixSense_ROS/sipeed_tof_ms_a075_ros/ros2/src) by extensions ['python_setup_py']
[0.625s] Level 1:colcon.colcon_core.package_identification:_identify(object-detection/MaixSense_ROS/sipeed_tof_ms_a075_ros/ros2/src) by extension 'python_setup_py'
[0.626s] Level 1:colcon.colcon_core.package_identification:_identify(object-detection/MaixSense_ROS/sipeed_tof_ms_a075_ros/ros2/src/sipeed-tof) by extensions ['ignore', 'ignore_ament_install']
[0.626s] Level 1:colcon.colcon_core.package_identification:_identify(object-detection/MaixSense_ROS/sipeed_tof_ms_a075_ros/ros2/src/sipeed-tof) by extension 'ignore'
[0.626s] Level 1:colcon.colcon_core.package_identification:_identify(object-detection/MaixSense_ROS/sipeed_tof_ms_a075_ros/ros2/src/sipeed-tof) by extension 'ignore_ament_install'
[0.626s] Level 1:colcon.colcon_core.package_identification:_identify(object-detection/MaixSense_ROS/sipeed_tof_ms_a075_ros/ros2/src/sipeed-tof) by extensions ['colcon_pkg']
[0.626s] Level 1:colcon.colcon_core.package_identification:_identify(object-detection/MaixSense_ROS/sipeed_tof_ms_a075_ros/ros2/src/sipeed-tof) by extension 'colcon_pkg'
[0.626s] Level 1:colcon.colcon_core.package_identification:_identify(object-detection/MaixSense_ROS/sipeed_tof_ms_a075_ros/ros2/src/sipeed-tof) by extensions ['colcon_meta']
[0.626s] Level 1:colcon.colcon_core.package_identification:_identify(object-detection/MaixSense_ROS/sipeed_tof_ms_a075_ros/ros2/src/sipeed-tof) by extension 'colcon_meta'
[0.626s] Level 1:colcon.colcon_core.package_identification:_identify(object-detection/MaixSense_ROS/sipeed_tof_ms_a075_ros/ros2/src/sipeed-tof) by extensions ['ros']
[0.627s] Level 1:colcon.colcon_core.package_identification:_identify(object-detection/MaixSense_ROS/sipeed_tof_ms_a075_ros/ros2/src/sipeed-tof) by extension 'ros'
[0.627s] DEBUG:colcon.colcon_core.package_identification:Package 'object-detection/MaixSense_ROS/sipeed_tof_ms_a075_ros/ros2/src/sipeed-tof' with type 'ros.ament_python' and name 'sipeed_tof'
[0.628s] Level 1:colcon.colcon_core.package_identification:_identify(object-detection/MaixSense_ROS/sipeed_tof_ms_a075_ros/ros2/src/sipeed_tof_cpp) by extensions ['ignore', 'ignore_ament_install']
[0.628s] Level 1:colcon.colcon_core.package_identification:_identify(object-detection/MaixSense_ROS/sipeed_tof_ms_a075_ros/ros2/src/sipeed_tof_cpp) by extension 'ignore'
[0.628s] Level 1:colcon.colcon_core.package_identification:_identify(object-detection/MaixSense_ROS/sipeed_tof_ms_a075_ros/ros2/src/sipeed_tof_cpp) by extension 'ignore_ament_install'
[0.628s] Level 1:colcon.colcon_core.package_identification:_identify(object-detection/MaixSense_ROS/sipeed_tof_ms_a075_ros/ros2/src/sipeed_tof_cpp) by extensions ['colcon_pkg']
[0.628s] Level 1:colcon.colcon_core.package_identification:_identify(object-detection/MaixSense_ROS/sipeed_tof_ms_a075_ros/ros2/src/sipeed_tof_cpp) by extension 'colcon_pkg'
[0.628s] Level 1:colcon.colcon_core.package_identification:_identify(object-detection/MaixSense_ROS/sipeed_tof_ms_a075_ros/ros2/src/sipeed_tof_cpp) by extensions ['colcon_meta']
[0.628s] Level 1:colcon.colcon_core.package_identification:_identify(object-detection/MaixSense_ROS/sipeed_tof_ms_a075_ros/ros2/src/sipeed_tof_cpp) by extension 'colcon_meta'
[0.629s] Level 1:colcon.colcon_core.package_identification:_identify(object-detection/MaixSense_ROS/sipeed_tof_ms_a075_ros/ros2/src/sipeed_tof_cpp) by extensions ['ros']
[0.629s] Level 1:colcon.colcon_core.package_identification:_identify(object-detection/MaixSense_ROS/sipeed_tof_ms_a075_ros/ros2/src/sipeed_tof_cpp) by extension 'ros'
[0.630s] DEBUG:colcon.colcon_core.package_identification:Package 'object-detection/MaixSense_ROS/sipeed_tof_ms_a075_ros/ros2/src/sipeed_tof_cpp' with type 'ros.ament_cmake' and name 'sipeed_tof_cpp'
[0.630s] Level 1:colcon.colcon_core.package_identification:_identify(src) by extensions ['ignore', 'ignore_ament_install']
[0.630s] Level 1:colcon.colcon_core.package_identification:_identify(src) by extension 'ignore'
[0.630s] Level 1:colcon.colcon_core.package_identification:_identify(src) by extension 'ignore_ament_install'
[0.630s] Level 1:colcon.colcon_core.package_identification:_identify(src) by extensions ['colcon_pkg']
[0.630s] Level 1:colcon.colcon_core.package_identification:_identify(src) by extension 'colcon_pkg'
[0.630s] Level 1:colcon.colcon_core.package_identification:_identify(src) by extensions ['colcon_meta']
[0.630s] Level 1:colcon.colcon_core.package_identification:_identify(src) by extension 'colcon_meta'
[0.631s] Level 1:colcon.colcon_core.package_identification:_identify(src) by extensions ['ros']
[0.631s] Level 1:colcon.colcon_core.package_identification:_identify(src) by extension 'ros'
[0.631s] Level 1:colcon.colcon_core.package_identification:_identify(src) by extensions ['cmake', 'python']
[0.631s] Level 1:colcon.colcon_core.package_identification:_identify(src) by extension 'cmake'
[0.631s] Level 1:colcon.colcon_core.package_identification:_identify(src) by extension 'python'
[0.631s] Level 1:colcon.colcon_core.package_identification:_identify(src) by extensions ['python_setup_py']
[0.631s] Level 1:colcon.colcon_core.package_identification:_identify(src) by extension 'python_setup_py'
[0.631s] Level 1:colcon.colcon_core.package_discovery:discover_packages(recursive) using defaults
[0.631s] Level 1:colcon.colcon_core.package_discovery:discover_packages(ignore) discover
[0.631s] Level 1:colcon.colcon_core.package_discovery:discover_packages(ignore) using defaults
[0.631s] Level 1:colcon.colcon_core.package_discovery:discover_packages(path) discover
[0.632s] Level 1:colcon.colcon_core.package_discovery:discover_packages(path) using defaults
[0.673s] Level 5:colcon.colcon_core.verb:set package 'sipeed_tof' build argument 'cmake_args' from command line to 'None'
[0.673s] Level 5:colcon.colcon_core.verb:set package 'sipeed_tof' build argument 'cmake_target' from command line to 'None'
[0.673s] Level 5:colcon.colcon_core.verb:set package 'sipeed_tof' build argument 'cmake_target_skip_unavailable' from command line to 'False'
[0.674s] Level 5:colcon.colcon_core.verb:set package 'sipeed_tof' build argument 'cmake_clean_cache' from command line to 'False'
[0.674s] Level 5:colcon.colcon_core.verb:set package 'sipeed_tof' build argument 'cmake_clean_first' from command line to 'False'
[0.674s] Level 5:colcon.colcon_core.verb:set package 'sipeed_tof' build argument 'cmake_force_configure' from command line to 'False'
[0.674s] Level 5:colcon.colcon_core.verb:set package 'sipeed_tof' build argument 'ament_cmake_args' from command line to 'None'
[0.674s] Level 5:colcon.colcon_core.verb:set package 'sipeed_tof' build argument 'catkin_cmake_args' from command line to 'None'
[0.674s] Level 5:colcon.colcon_core.verb:set package 'sipeed_tof' build argument 'catkin_skip_building_tests' from command line to 'False'
[0.674s] DEBUG:colcon.colcon_core.verb:Building package 'sipeed_tof' with the following arguments: {'ament_cmake_args': None, 'build_base': '/home/homey/Desktop/capstone-project/build/sipeed_tof', 'catkin_cmake_args': None, 'catkin_skip_building_tests': False, 'cmake_args': None, 'cmake_clean_cache': False, 'cmake_clean_first': False, 'cmake_force_configure': False, 'cmake_target': None, 'cmake_target_skip_unavailable': False, 'install_base': '/home/homey/Desktop/capstone-project/install/sipeed_tof', 'merge_install': False, 'path': '/home/homey/Desktop/capstone-project/object-detection/MaixSense_ROS/sipeed_tof_ms_a075_ros/ros2/src/sipeed-tof', 'symlink_install': True, 'test_result_base': None}
[0.675s] Level 5:colcon.colcon_core.verb:set package 'sipeed_tof_cpp' build argument 'cmake_args' from command line to 'None'
[0.675s] Level 5:colcon.colcon_core.verb:set package 'sipeed_tof_cpp' build argument 'cmake_target' from command line to 'None'
[0.675s] Level 5:colcon.colcon_core.verb:set package 'sipeed_tof_cpp' build argument 'cmake_target_skip_unavailable' from command line to 'False'
[0.675s] Level 5:colcon.colcon_core.verb:set package 'sipeed_tof_cpp' build argument 'cmake_clean_cache' from command line to 'False'
[0.675s] Level 5:colcon.colcon_core.verb:set package 'sipeed_tof_cpp' build argument 'cmake_clean_first' from command line to 'False'
[0.675s] Level 5:colcon.colcon_core.verb:set package 'sipeed_tof_cpp' build argument 'cmake_force_configure' from command line to 'False'
[0.675s] Level 5:colcon.colcon_core.verb:set package 'sipeed_tof_cpp' build argument 'ament_cmake_args' from command line to 'None'
[0.675s] Level 5:colcon.colcon_core.verb:set package 'sipeed_tof_cpp' build argument 'catkin_cmake_args' from command line to 'None'
[0.675s] Level 5:colcon.colcon_core.verb:set package 'sipeed_tof_cpp' build argument 'catkin_skip_building_tests' from command line to 'False'
[0.675s] DEBUG:colcon.colcon_core.verb:Building package 'sipeed_tof_cpp' with the following arguments: {'ament_cmake_args': None, 'build_base': '/home/homey/Desktop/capstone-project/build/sipeed_tof_cpp', 'catkin_cmake_args': None, 'catkin_skip_building_tests': False, 'cmake_args': None, 'cmake_clean_cache': False, 'cmake_clean_first': False, 'cmake_force_configure': False, 'cmake_target': None, 'cmake_target_skip_unavailable': False, 'install_base': '/home/homey/Desktop/capstone-project/install/sipeed_tof_cpp', 'merge_install': False, 'path': '/home/homey/Desktop/capstone-project/object-detection/MaixSense_ROS/sipeed_tof_ms_a075_ros/ros2/src/sipeed_tof_cpp', 'symlink_install': True, 'test_result_base': None}
[0.676s] Level 5:colcon.colcon_core.verb:set package 'sipeed_tof_ms_a010' build argument 'cmake_args' from command line to 'None'
[0.676s] Level 5:colcon.colcon_core.verb:set package 'sipeed_tof_ms_a010' build argument 'cmake_target' from command line to 'None'
[0.676s] Level 5:colcon.colcon_core.verb:set package 'sipeed_tof_ms_a010' build argument 'cmake_target_skip_unavailable' from command line to 'False'
[0.676s] Level 5:colcon.colcon_core.verb:set package 'sipeed_tof_ms_a010' build argument 'cmake_clean_cache' from command line to 'False'
[0.676s] Level 5:colcon.colcon_core.verb:set package 'sipeed_tof_ms_a010' build argument 'cmake_clean_first' from command line to 'False'
[0.676s] Level 5:colcon.colcon_core.verb:set package 'sipeed_tof_ms_a010' build argument 'cmake_force_configure' from command line to 'False'
[0.676s] Level 5:colcon.colcon_core.verb:set package 'sipeed_tof_ms_a010' build argument 'ament_cmake_args' from command line to 'None'
[0.676s] Level 5:colcon.colcon_core.verb:set package 'sipeed_tof_ms_a010' build argument 'catkin_cmake_args' from command line to 'None'
[0.676s] Level 5:colcon.colcon_core.verb:set package 'sipeed_tof_ms_a010' build argument 'catkin_skip_building_tests' from command line to 'False'
[0.676s] DEBUG:colcon.colcon_core.verb:Building package 'sipeed_tof_ms_a010' with the following arguments: {'ament_cmake_args': None, 'build_base': '/home/homey/Desktop/capstone-project/build/sipeed_tof_ms_a010', 'catkin_cmake_args': None, 'catkin_skip_building_tests': False, 'cmake_args': None, 'cmake_clean_cache': False, 'cmake_clean_first': False, 'cmake_force_configure': False, 'cmake_target': None, 'cmake_target_skip_unavailable': False, 'install_base': '/home/homey/Desktop/capstone-project/install/sipeed_tof_ms_a010', 'merge_install': False, 'path': '/home/homey/Desktop/capstone-project/object-detection/MaixSense_ROS/sipeed_tof_ms_a010_ros/ros2', 'symlink_install': True, 'test_result_base': None}
[0.677s] INFO:colcon.colcon_core.executor:Executing jobs using 'parallel' executor
[0.679s] DEBUG:colcon.colcon_parallel_executor.executor.parallel:run_until_complete
[0.679s] INFO:colcon.colcon_ros.task.ament_python.build:Building ROS package in '/home/homey/Desktop/capstone-project/object-detection/MaixSense_ROS/sipeed_tof_ms_a075_ros/ros2/src/sipeed-tof' with build type 'ament_python'
[0.680s] Level 1:colcon.colcon_core.shell:create_environment_hook('sipeed_tof', 'ament_prefix_path')
[0.684s] INFO:colcon.colcon_core.plugin_system:Skipping extension 'colcon_core.shell.bat': Not used on non-Windows systems
[0.684s] INFO:colcon.colcon_core.shell:Creating environment hook '/home/homey/Desktop/capstone-project/install/sipeed_tof/share/sipeed_tof/hook/ament_prefix_path.ps1'
[0.686s] INFO:colcon.colcon_core.shell:Creating environment descriptor '/home/homey/Desktop/capstone-project/install/sipeed_tof/share/sipeed_tof/hook/ament_prefix_path.dsv'
[0.687s] INFO:colcon.colcon_core.shell:Creating environment hook '/home/homey/Desktop/capstone-project/install/sipeed_tof/share/sipeed_tof/hook/ament_prefix_path.sh'
[0.688s] INFO:colcon.colcon_core.shell:Skip shell extension 'powershell' for command environment: Not usable outside of PowerShell
[0.688s] DEBUG:colcon.colcon_core.shell:Skip shell extension 'dsv' for command environment
[0.697s] INFO:colcon.colcon_ros.task.ament_cmake.build:Building ROS package in '/home/homey/Desktop/capstone-project/object-detection/MaixSense_ROS/sipeed_tof_ms_a075_ros/ros2/src/sipeed_tof_cpp' with build type 'ament_cmake'
[0.698s] INFO:colcon.colcon_cmake.task.cmake.build:Building CMake package in '/home/homey/Desktop/capstone-project/object-detection/MaixSense_ROS/sipeed_tof_ms_a075_ros/ros2/src/sipeed_tof_cpp'
[0.698s] INFO:colcon.colcon_core.shell:Skip shell extension 'powershell' for command environment: Not usable outside of PowerShell
[0.698s] DEBUG:colcon.colcon_core.shell:Skip shell extension 'dsv' for command environment
[0.703s] INFO:colcon.colcon_ros.task.ament_cmake.build:Building ROS package in '/home/homey/Desktop/capstone-project/object-detection/MaixSense_ROS/sipeed_tof_ms_a010_ros/ros2' with build type 'ament_cmake'
[0.704s] INFO:colcon.colcon_cmake.task.cmake.build:Building CMake package in '/home/homey/Desktop/capstone-project/object-detection/MaixSense_ROS/sipeed_tof_ms_a010_ros/ros2'
[0.704s] INFO:colcon.colcon_core.shell:Skip shell extension 'powershell' for command environment: Not usable outside of PowerShell
[0.705s] DEBUG:colcon.colcon_core.shell:Skip shell extension 'dsv' for command environment
[1.258s] INFO:colcon.colcon_core.task.python.build:Building Python package in '/home/homey/Desktop/capstone-project/object-detection/MaixSense_ROS/sipeed_tof_ms_a075_ros/ros2/src/sipeed-tof'
[1.258s] INFO:colcon.colcon_core.shell:Skip shell extension 'powershell' for command environment: Not usable outside of PowerShell
[1.259s] DEBUG:colcon.colcon_core.shell:Skip shell extension 'dsv' for command environment
[1.276s] DEBUG:colcon.colcon_core.event_handler.log_command:Invoking command in '/home/homey/Desktop/capstone-project/build/sipeed_tof_cpp': CMAKE_PREFIX_PATH=/opt/ros/humble /usr/bin/cmake --build /home/homey/Desktop/capstone-project/build/sipeed_tof_cpp -- -j6 -l6
[1.287s] DEBUG:colcon.colcon_core.event_handler.log_command:Invoking command in '/home/homey/Desktop/capstone-project/build/sipeed_tof_ms_a010': CMAKE_PREFIX_PATH=/opt/ros/humble /usr/bin/cmake --build /home/homey/Desktop/capstone-project/build/sipeed_tof_ms_a010 -- -j6 -l6
[1.425s] DEBUG:colcon.colcon_core.event_handler.log_command:Invoked command in '/home/homey/Desktop/capstone-project/build/sipeed_tof_ms_a010' returned '2': CMAKE_PREFIX_PATH=/opt/ros/humble /usr/bin/cmake --build /home/homey/Desktop/capstone-project/build/sipeed_tof_ms_a010 -- -j6 -l6
[1.427s] Level 1:colcon.colcon_core.environment:create_environment_scripts_only(sipeed_tof_ms_a010)
[1.432s] Level 1:colcon.colcon_core.environment:checking '/home/homey/Desktop/capstone-project/install/sipeed_tof_ms_a010' for CMake module files
[1.433s] Level 1:colcon.colcon_core.environment:checking '/home/homey/Desktop/capstone-project/install/sipeed_tof_ms_a010' for CMake config files
[1.434s] Level 1:colcon.colcon_core.environment:checking '/home/homey/Desktop/capstone-project/install/sipeed_tof_ms_a010/bin'
[1.434s] Level 1:colcon.colcon_core.environment:checking '/home/homey/Desktop/capstone-project/install/sipeed_tof_ms_a010/lib/pkgconfig/sipeed_tof_ms_a010.pc'
[1.434s] Level 1:colcon.colcon_core.environment:checking '/home/homey/Desktop/capstone-project/install/sipeed_tof_ms_a010/lib/python3.10/site-packages'
[1.435s] Level 1:colcon.colcon_core.environment:checking '/home/homey/Desktop/capstone-project/install/sipeed_tof_ms_a010/bin'
[1.435s] INFO:colcon.colcon_core.shell:Creating package script '/home/homey/Desktop/capstone-project/install/sipeed_tof_ms_a010/share/sipeed_tof_ms_a010/package.ps1'
[1.438s] INFO:colcon.colcon_core.shell:Creating package descriptor '/home/homey/Desktop/capstone-project/install/sipeed_tof_ms_a010/share/sipeed_tof_ms_a010/package.dsv'
[1.440s] INFO:colcon.colcon_core.shell:Creating package script '/home/homey/Desktop/capstone-project/install/sipeed_tof_ms_a010/share/sipeed_tof_ms_a010/package.sh'
[1.441s] INFO:colcon.colcon_core.shell:Creating package script '/home/homey/Desktop/capstone-project/install/sipeed_tof_ms_a010/share/sipeed_tof_ms_a010/package.bash'
[1.443s] INFO:colcon.colcon_core.shell:Creating package script '/home/homey/Desktop/capstone-project/install/sipeed_tof_ms_a010/share/sipeed_tof_ms_a010/package.zsh'
[1.445s] Level 1:colcon.colcon_core.environment:create_file_with_runtime_dependencies(/home/homey/Desktop/capstone-project/install/sipeed_tof_ms_a010/share/colcon-core/packages/sipeed_tof_ms_a010)
[2.179s] DEBUG:colcon.colcon_parallel_executor.executor.parallel:closing loop
[2.179s] DEBUG:colcon.colcon_parallel_executor.executor.parallel:loop closed
[2.180s] DEBUG:colcon.colcon_parallel_executor.executor.parallel:run_until_complete finished with '2'
[2.180s] DEBUG:colcon.colcon_core.event_reactor:joining thread
[2.196s] INFO:colcon.colcon_core.plugin_system:Skipping extension 'colcon_notification.desktop_notification.terminal_notifier': Not used on non-Darwin systems
[2.196s] INFO:colcon.colcon_core.plugin_system:Skipping extension 'colcon_notification.desktop_notification.win32': Not used on non-Windows systems
[2.196s] INFO:colcon.colcon_notification.desktop_notification:Sending desktop notification using 'notify2'
[2.233s] DEBUG:colcon.colcon_core.event_reactor:joined thread
[2.234s] INFO:colcon.colcon_core.shell:Creating prefix script '/home/homey/Desktop/capstone-project/install/local_setup.ps1'
[2.239s] INFO:colcon.colcon_core.shell:Creating prefix util module '/home/homey/Desktop/capstone-project/install/_local_setup_util_ps1.py'
[2.243s] INFO:colcon.colcon_core.shell:Creating prefix chain script '/home/homey/Desktop/capstone-project/install/setup.ps1'
[2.245s] INFO:colcon.colcon_core.shell:Creating prefix script '/home/homey/Desktop/capstone-project/install/local_setup.sh'
[2.247s] INFO:colcon.colcon_core.shell:Creating prefix util module '/home/homey/Desktop/capstone-project/install/_local_setup_util_sh.py'
[2.248s] INFO:colcon.colcon_core.shell:Creating prefix chain script '/home/homey/Desktop/capstone-project/install/setup.sh'
[2.251s] INFO:colcon.colcon_core.shell:Creating prefix script '/home/homey/Desktop/capstone-project/install/local_setup.bash'
[2.253s] INFO:colcon.colcon_core.shell:Creating prefix chain script '/home/homey/Desktop/capstone-project/install/setup.bash'
[2.256s] INFO:colcon.colcon_core.shell:Creating prefix script '/home/homey/Desktop/capstone-project/install/local_setup.zsh'
[2.258s] INFO:colcon.colcon_core.shell:Creating prefix chain script '/home/homey/Desktop/capstone-project/install/setup.zsh'
